Archive member included to satisfy reference by file (symbol)

e:/rt-threadstudio/repo/extract/toolchain_support_packages/arm/gnu_tools_for_arm_embedded_processors/5.4.1/bin/../lib/gcc/arm-none-eabi/5.4.1/../../../../arm-none-eabi/lib/armv7-m\libc.a(lib_a-atoi.o)
                              ./rt-thread/components/drivers/misc/pin.o (atoi)
e:/rt-threadstudio/repo/extract/toolchain_support_packages/arm/gnu_tools_for_arm_embedded_processors/5.4.1/bin/../lib/gcc/arm-none-eabi/5.4.1/../../../../arm-none-eabi/lib/armv7-m\libc.a(lib_a-exit.o)
                              e:/rt-threadstudio/repo/extract/toolchain_support_packages/arm/gnu_tools_for_arm_embedded_processors/5.4.1/bin/../lib/gcc/arm-none-eabi/5.4.1/../../../../arm-none-eabi/lib/armv7-m/crt0.o (exit)
e:/rt-threadstudio/repo/extract/toolchain_support_packages/arm/gnu_tools_for_arm_embedded_processors/5.4.1/bin/../lib/gcc/arm-none-eabi/5.4.1/../../../../arm-none-eabi/lib/armv7-m\libc.a(lib_a-impure.o)
                              e:/rt-threadstudio/repo/extract/toolchain_support_packages/arm/gnu_tools_for_arm_embedded_processors/5.4.1/bin/../lib/gcc/arm-none-eabi/5.4.1/../../../../arm-none-eabi/lib/armv7-m\libc.a(lib_a-exit.o) (_global_impure_ptr)
e:/rt-threadstudio/repo/extract/toolchain_support_packages/arm/gnu_tools_for_arm_embedded_processors/5.4.1/bin/../lib/gcc/arm-none-eabi/5.4.1/../../../../arm-none-eabi/lib/armv7-m\libc.a(lib_a-locale.o)
                              ./rt-thread/components/libc/compilers/common/cstring.o (__locale_ctype_ptr)
e:/rt-threadstudio/repo/extract/toolchain_support_packages/arm/gnu_tools_for_arm_embedded_processors/5.4.1/bin/../lib/gcc/arm-none-eabi/5.4.1/../../../../arm-none-eabi/lib/armv7-m\libc.a(lib_a-malloc.o)
                              ./rt-thread/components/libc/compilers/common/cstring.o (malloc)
e:/rt-threadstudio/repo/extract/toolchain_support_packages/arm/gnu_tools_for_arm_embedded_processors/5.4.1/bin/../lib/gcc/arm-none-eabi/5.4.1/../../../../arm-none-eabi/lib/armv7-m\libc.a(lib_a-mbtowc_r.o)
                              e:/rt-threadstudio/repo/extract/toolchain_support_packages/arm/gnu_tools_for_arm_embedded_processors/5.4.1/bin/../lib/gcc/arm-none-eabi/5.4.1/../../../../arm-none-eabi/lib/armv7-m\libc.a(lib_a-locale.o) (__ascii_mbtowc)
e:/rt-threadstudio/repo/extract/toolchain_support_packages/arm/gnu_tools_for_arm_embedded_processors/5.4.1/bin/../lib/gcc/arm-none-eabi/5.4.1/../../../../arm-none-eabi/lib/armv7-m\libc.a(lib_a-memcmp.o)
                              ./rt-thread/components/finsh/shell.o (memcmp)
e:/rt-threadstudio/repo/extract/toolchain_support_packages/arm/gnu_tools_for_arm_embedded_processors/5.4.1/bin/../lib/gcc/arm-none-eabi/5.4.1/../../../../arm-none-eabi/lib/armv7-m\libc.a(lib_a-memset.o)
                              e:/rt-threadstudio/repo/extract/toolchain_support_packages/arm/gnu_tools_for_arm_embedded_processors/5.4.1/bin/../lib/gcc/arm-none-eabi/5.4.1/../../../../arm-none-eabi/lib/armv7-m/crt0.o (memset)
e:/rt-threadstudio/repo/extract/toolchain_support_packages/arm/gnu_tools_for_arm_embedded_processors/5.4.1/bin/../lib/gcc/arm-none-eabi/5.4.1/../../../../arm-none-eabi/lib/armv7-m\libc.a(lib_a-strchr.o)
                              ./rt-thread/components/libc/compilers/common/cstring.o (strchr)
e:/rt-threadstudio/repo/extract/toolchain_support_packages/arm/gnu_tools_for_arm_embedded_processors/5.4.1/bin/../lib/gcc/arm-none-eabi/5.4.1/../../../../arm-none-eabi/lib/armv7-m\libc.a(lib_a-strcmp.o)
                              ./rt-thread/components/finsh/cmd.o (strcmp)
e:/rt-threadstudio/repo/extract/toolchain_support_packages/arm/gnu_tools_for_arm_embedded_processors/5.4.1/bin/../lib/gcc/arm-none-eabi/5.4.1/../../../../arm-none-eabi/lib/armv7-m\libc.a(lib_a-strcpy.o)
                              ./rt-thread/components/libc/compilers/common/cstring.o (strcpy)
e:/rt-threadstudio/repo/extract/toolchain_support_packages/arm/gnu_tools_for_arm_embedded_processors/5.4.1/bin/../lib/gcc/arm-none-eabi/5.4.1/../../../../arm-none-eabi/lib/armv7-m\libc.a(lib_a-strlen-stub.o)
                              ./rt-thread/src/kservice.o (strlen)
e:/rt-threadstudio/repo/extract/toolchain_support_packages/arm/gnu_tools_for_arm_embedded_processors/5.4.1/bin/../lib/gcc/arm-none-eabi/5.4.1/../../../../arm-none-eabi/lib/armv7-m\libc.a(lib_a-strncat.o)
                              ./rt-thread/components/drivers/misc/pin.o (strncat)
e:/rt-threadstudio/repo/extract/toolchain_support_packages/arm/gnu_tools_for_arm_embedded_processors/5.4.1/bin/../lib/gcc/arm-none-eabi/5.4.1/../../../../arm-none-eabi/lib/armv7-m\libc.a(lib_a-strncmp.o)
                              ./rt-thread/src/object.o (strncmp)
e:/rt-threadstudio/repo/extract/toolchain_support_packages/arm/gnu_tools_for_arm_embedded_processors/5.4.1/bin/../lib/gcc/arm-none-eabi/5.4.1/../../../../arm-none-eabi/lib/armv7-m\libc.a(lib_a-strncpy.o)
                              ./rt-thread/src/object.o (strncpy)
[...]
Memory Configuration

Name             Origin             Length             Attributes
ROM              0x08000000         0x00080000         xr
RAM              0x20000000         0x00010000         rw
*default*        0x00000000         0xffffffff

Linker script and memory map

LOAD e:/rt-threadstudio/repo/extract/toolchain_support_packages/arm/gnu_tools_for_arm_embedded_processors/5.4.1/bin/../lib/gcc/arm-none-eabi/5.4.1/armv7-m/crti.o
LOAD e:/rt-threadstudio/repo/extract/toolchain_support_packages/arm/gnu_tools_for_arm_embedded_processors/5.4.1/bin/../lib/gcc/arm-none-eabi/5.4.1/armv7-m/crtbegin.o
LOAD e:/rt-threadstudio/repo/extract/toolchain_support_packages/arm/gnu_tools_for_arm_embedded_processors/5.4.1/bin/../lib/gcc/arm-none-eabi/5.4.1/../../../../arm-none-eabi/lib/armv7-m/crt0.o
LOAD ./rt-thread/src/clock.o
LOAD ./rt-thread/src/components.o
LOAD ./rt-thread/src/device.o
LOAD ./rt-thread/src/idle.o
LOAD ./rt-thread/src/ipc.o
LOAD ./rt-thread/src/irq.o
LOAD ./rt-thread/src/kservice.o
LOAD ./rt-thread/src/mem.o
LOAD ./rt-thread/src/mempool.o
LOAD ./rt-thread/src/object.o
LOAD ./rt-thread/src/scheduler.o
LOAD ./rt-thread/src/thread.o
LOAD ./rt-thread/src/timer.o
LOAD ./rt-thread/libcpu/arm/cortex-m3/context_gcc.o
LOAD ./rt-thread/libcpu/arm/cortex-m3/cpuport.o
LOAD ./rt-thread/libcpu/arm/common/backtrace.o
LOAD ./rt-thread/libcpu/arm/common/div0.o
LOAD ./rt-thread/libcpu/arm/common/showmem.o
LOAD ./rt-thread/components/libc/compilers/newlib/syscalls.o
LOAD ./rt-thread/components/libc/compilers/common/cctype.o
LOAD ./rt-thread/components/libc/compilers/common/cstdio.o
LOAD ./rt-thread/components/libc/compilers/common/cstdlib.o
LOAD ./rt-thread/components/libc/compilers/common/cstring.o
LOAD ./rt-thread/components/libc/compilers/common/ctime.o
LOAD ./rt-thread/components/libc/compilers/common/cwchar.o
LOAD ./rt-thread/components/finsh/cmd.o
LOAD ./rt-thread/components/finsh/msh.o
LOAD ./rt-thread/components/finsh/msh_parse.o
LOAD ./rt-thread/components/finsh/shell.o
LOAD ./rt-thread/components/drivers/serial/serial.o
LOAD ./rt-thread/components/drivers/misc/pin.o
LOAD ./rt-thread/components/drivers/ipc/completion.o
LOAD ./rt-thread/components/drivers/ipc/dataqueue.o
LOAD ./rt-thread/components/drivers/ipc/pipe.o
LOAD ./rt-thread/components/drivers/ipc/ringblk_buf.o
LOAD ./rt-thread/components/drivers/ipc/ringbuffer.o
LOAD ./rt-thread/components/drivers/ipc/waitqueue.o
LOAD ./rt-thread/components/drivers/ipc/workqueue.o
LOAD ./libraries/STM32F1xx_HAL_Driver/Src/Legacy/stm32f1xx_hal_can.o
LOAD ./libraries/STM32F1xx_HAL_Driver/Src/stm32f1xx_hal.o
LOAD ./libraries/STM32F1xx_HAL_Driver/Src/stm32f1xx_hal_adc.o
LOAD ./libraries/STM32F1xx_HAL_Driver/Src/stm32f1xx_hal_adc_ex.o
LOAD ./libraries/STM32F1xx_HAL_Driver/Src/stm32f1xx_hal_can.o
LOAD ./libraries/STM32F1xx_HAL_Driver/Src/stm32f1xx_hal_cec.o
LOAD ./libraries/STM32F1xx_HAL_Driver/Src/stm32f1xx_hal_cortex.o
LOAD ./libraries/STM32F1xx_HAL_Driver/Src/stm32f1xx_hal_crc.o
LOAD ./libraries/STM32F1xx_HAL_Driver/Src/stm32f1xx_hal_dac.o
LOAD ./libraries/STM32F1xx_HAL_Driver/Src/stm32f1xx_hal_dac_ex.o
LOAD ./libraries/STM32F1xx_HAL_Driver/Src/stm32f1xx_hal_dma.o
LOAD ./libraries/STM32F1xx_HAL_Driver/Src/stm32f1xx_hal_eth.o
LOAD ./libraries/STM32F1xx_HAL_Driver/Src/stm32f1xx_hal_exti.o
LOAD ./libraries/STM32F1xx_HAL_Driver/Src/stm32f1xx_hal_flash.o
LOAD ./libraries/STM32F1xx_HAL_Driver/Src/stm32f1xx_hal_flash_ex.o
LOAD ./libraries/STM32F1xx_HAL_Driver/Src/stm32f1xx_hal_gpio.o
LOAD ./libraries/STM32F1xx_HAL_Driver/Src/stm32f1xx_hal_gpio_ex.o
LOAD ./libraries/STM32F1xx_HAL_Driver/Src/stm32f1xx_hal_hcd.o
LOAD ./libraries/STM32F1xx_HAL_Driver/Src/stm32f1xx_hal_i2c.o
LOAD ./libraries/STM32F1xx_HAL_Driver/Src/stm32f1xx_hal_i2s.o
LOAD ./libraries/STM32F1xx_HAL_Driver/Src/stm32f1xx_hal_irda.o
LOAD ./libraries/STM32F1xx_HAL_Driver/Src/stm32f1xx_hal_iwdg.o
LOAD ./libraries/STM32F1xx_HAL_Driver/Src/stm32f1xx_hal_mmc.o
LOAD ./libraries/STM32F1xx_HAL_Driver/Src/stm32f1xx_hal_nand.o
LOAD ./libraries/STM32F1xx_HAL_Driver/Src/stm32f1xx_hal_nor.o
LOAD ./libraries/STM32F1xx_HAL_Driver/Src/stm32f1xx_hal_pccard.o
LOAD ./libraries/STM32F1xx_HAL_Driver/Src/stm32f1xx_hal_pcd.o
LOAD ./libraries/STM32F1xx_HAL_Driver/Src/stm32f1xx_hal_pcd_ex.o
LOAD ./libraries/STM32F1xx_HAL_Driver/Src/stm32f1xx_hal_pwr.o
LOAD ./libraries/STM32F1xx_HAL_Driver/Src/stm32f1xx_hal_rcc.o
LOAD ./libraries/STM32F1xx_HAL_Driver/Src/stm32f1xx_hal_rcc_ex.o
LOAD ./libraries/STM32F1xx_HAL_Driver/Src/stm32f1xx_hal_rtc.o
LOAD ./libraries/STM32F1xx_HAL_Driver/Src/stm32f1xx_hal_rtc_ex.o
LOAD ./libraries/STM32F1xx_HAL_Driver/Src/stm32f1xx_hal_sd.o
LOAD ./libraries/STM32F1xx_HAL_Driver/Src/stm32f1xx_hal_smartcard.o
LOAD ./libraries/STM32F1xx_HAL_Driver/Src/stm32f1xx_hal_spi.o
LOAD ./libraries/STM32F1xx_HAL_Driver/Src/stm32f1xx_hal_sram.o
LOAD ./libraries/STM32F1xx_HAL_Driver/Src/stm32f1xx_hal_tim.o
LOAD ./libraries/STM32F1xx_HAL_Driver/Src/stm32f1xx_hal_tim_ex.o
LOAD ./libraries/STM32F1xx_HAL_Driver/Src/stm32f1xx_hal_uart.o
LOAD ./libraries/STM32F1xx_HAL_Driver/Src/stm32f1xx_hal_usart.o
LOAD ./libraries/STM32F1xx_HAL_Driver/Src/stm32f1xx_hal_wwdg.o
LOAD ./libraries/STM32F1xx_HAL_Driver/Src/stm32f1xx_ll_usb.o
LOAD ./libraries/CMSIS/Device/ST/STM32F1xx/Source/Templates/gcc/startup_stm32f103xe.o
LOAD ./libraries/CMSIS/Device/ST/STM32F1xx/Source/Templates/system_stm32f1xx.o
LOAD ./drivers/board.o
LOAD ./drivers/drv_adc.o
LOAD ./drivers/drv_clk.o
LOAD ./drivers/drv_common.o
LOAD ./drivers/drv_eth.o
LOAD ./drivers/drv_flash_f1.o
LOAD ./drivers/drv_gpio.o
LOAD ./drivers/drv_hwtimer.o
LOAD ./drivers/drv_pwm.o
LOAD ./drivers/drv_qspi.o
LOAD ./drivers/drv_rtc.o
LOAD ./drivers/drv_sdio.o
LOAD ./drivers/drv_soft_i2c.o
LOAD ./drivers/drv_spi.o
LOAD ./drivers/drv_usart.o
LOAD ./drivers/drv_usbd.o
LOAD ./drivers/drv_usbh.o
LOAD ./drivers/drv_wdt.o
LOAD ./cubemx/Src/gpio.o
LOAD ./cubemx/Src/main.o
LOAD ./cubemx/Src/stm32f1xx_hal_msp.o
LOAD ./cubemx/Src/tim.o
LOAD ./cubemx/Src/usart.o
LOAD ./applications/main.o
LOAD e:/rt-threadstudio/repo/extract/toolchain_support_packages/arm/gnu_tools_for_arm_embedded_processors/5.4.1/bin/../lib/gcc/arm-none-eabi/5.4.1/../../../../arm-none-eabi/lib/armv7-m\libc.a
LOAD e:/rt-threadstudio/repo/extract/toolchain_support_packages/arm/gnu_tools_for_arm_embedded_processors/5.4.1/bin/../lib/gcc/arm-none-eabi/5.4.1/../../../../arm-none-eabi/lib/armv7-m\libm.a
START GROUP
LOAD e:/rt-threadstudio/repo/extract/toolchain_support_packages/arm/gnu_tools_for_arm_embedded_processors/5.4.1/bin/../lib/gcc/arm-none-eabi/5.4.1/armv7-m\libgcc.a
LOAD e:/rt-threadstudio/repo/extract/toolchain_support_packages/arm/gnu_tools_for_arm_embedded_processors/5.4.1/bin/../lib/gcc/arm-none-eabi/5.4.1/../../../../arm-none-eabi/lib/armv7-m\libg.a
LOAD e:/rt-threadstudio/repo/extract/toolchain_support_packages/arm/gnu_tools_for_arm_embedded_processors/5.4.1/bin/../lib/gcc/arm-none-eabi/5.4.1/../../../../arm-none-eabi/lib/armv7-m\libc.a
END GROUP
LOAD e:/rt-threadstudio/repo/extract/toolchain_support_packages/arm/gnu_tools_for_arm_embedded_processors/5.4.1/bin/../lib/gcc/arm-none-eabi/5.4.1/armv7-m/crtend.o
LOAD e:/rt-threadstudio/repo/extract/toolchain_support_packages/arm/gnu_tools_for_arm_embedded_processors/5.4.1/bin/../lib/gcc/arm-none-eabi/5.4.1/armv7-m/crtn.o
                0x00000400                _system_stack_size = 0x400

.text           0x08000000     0xed68
                0x08000000                . = ALIGN (0x4)
                0x08000000                _stext = .
 *(.isr_vector)
 .isr_vector    0x08000000      0x1e4 ./libraries/CMSIS/Device/ST/STM32F1xx/Source/Templates/gcc/startup_stm32f103xe.o
                0x08000000                g_pfnVectors
                0x080001e4                . = ALIGN (0x4)
 *(.text)
 .text          0x080001e4       0x5c e:/rt-threadstudio/repo/extract/toolchain_support_packages/arm/gnu_tools_for_arm_embedded_processors/5.4.1/bin/../lib/gcc/arm-none-eabi/5.4.1/armv7-m/crtbegin.o
 .text          0x08000240      0x108 ./rt-thread/libcpu/arm/cortex-m3/context_gcc.o
                0x08000240                rt_hw_interrupt_disable
                0x08000248                rt_hw_interrupt_enable
                0x0800024e                rt_hw_context_switch_interrupt
                0x0800024e                rt_hw_context_switch
                0x0800026e                PendSV_Handler
                0x080002aa                rt_hw_context_switch_to
                0x080002ec                rt_hw_interrupt_thread_switch
                0x080002f0                HardFault_Handler
                0x08000326                rt_hw_interrupt_check
 .text          0x08000348      0x1bc e:/rt-threadstudio/repo/extract/toolchain_support_packages/arm/gnu_tools_for_arm_embedded_processors/5.4.1/bin/../lib/gcc/arm-none-eabi/5.4.1/../../../../arm-none-eabi/lib/armv7-m\libc.a(lib_a-strcmp.o)
                0x08000348                strcmp
 *(.text.*)
 .text.rt_tick_get
                0x08000504       0x14 ./rt-thread/src/clock.o
                0x08000504                rt_tick_get
 .text.rt_tick_increase
                0x08000518       0x7c ./rt-thread/src/clock.o
                0x08000518                rt_tick_increase
 .text.rt_tick_from_millisecond
                0x08000594       0x78 ./rt-thread/src/clock.o
                0x08000594                rt_tick_from_millisecond
 .text.rti_start
                0x0800060c       0x10 ./rt-thread/src/components.o
 .text.rti_board_start
                0x0800061c       0x10 ./rt-thread/src/components.o
 .text.rti_board_end
                0x0800062c       0x10 ./rt-thread/src/components.o
 .text.rti_end  0x0800063c       0x10 ./rt-thread/src/components.o
 .text.rt_components_board_init
                0x0800064c       0x30 ./rt-thread/src/components.o
                0x0800064c                rt_components_board_init
 .text.rt_components_init
                0x0800067c       0x30 ./rt-thread/src/components.o
                0x0800067c                rt_components_init
 .text.entry    0x080006ac       0x10 ./rt-thread/src/components.o
                0x080006ac                entry
 .text.main_thread_entry
                0x080006bc       0x18 ./rt-thread/src/components.o
                0x080006bc                main_thread_entry
 .text.rt_application_init
                0x080006d4       0x4c ./rt-thread/src/components.o
                0x080006d4                rt_application_init
 .text.rtthread_startup
                0x08000720       0x30 ./rt-thread/src/components.o
                0x08000720                rtthread_startup
 .text.rt_device_register
                0x08000750       0x54 ./rt-thread/src/device.o
                0x08000750                rt_device_register
 .text.rt_device_find
                0x080007a4       0x1c ./rt-thread/src/device.o
                0x080007a4                rt_device_find
 .text.rt_device_open
                0x080007c0      0x118 ./rt-thread/src/device.o
                0x080007c0                rt_device_open
 .text.rt_device_close
                0x080008d8       0x9c ./rt-thread/src/device.o
                0x080008d8                rt_device_close
 .text.rt_device_read
                0x08000974       0x88 ./rt-thread/src/device.o
                0x08000974                rt_device_read
 .text.rt_device_write
                0x080009fc       0x88 ./rt-thread/src/device.o
                0x080009fc                rt_device_write
 .text.rt_device_set_rx_indicate
                0x08000a84       0x54 ./rt-thread/src/device.o
                0x08000a84                rt_device_set_rx_indicate
 .text.rt_list_insert_after
                0x08000ad8       0x30 ./rt-thread/src/idle.o
 .text.rt_list_remove
                0x08000b08       0x34 ./rt-thread/src/idle.o
 .text.rt_thread_defunct_enqueue
                0x08000b3c       0x20 ./rt-thread/src/idle.o
                0x08000b3c                rt_thread_defunct_enqueue
 .text.rt_thread_defunct_dequeue
                0x08000b5c       0x44 ./rt-thread/src/idle.o
                0x08000b5c                rt_thread_defunct_dequeue
 .text.rt_defunct_execute
                0x08000ba0       0x5c ./rt-thread/src/idle.o
 .text.rt_thread_idle_entry
                0x08000bfc       0x38 ./rt-thread/src/idle.o
 .text.rt_thread_idle_init
                0x08000c34       0x74 ./rt-thread/src/idle.o
                0x08000c34                rt_thread_idle_init
 .text.rt_list_init
                0x08000ca8       0x20 ./rt-thread/src/ipc.o
 .text.rt_list_insert_before
                0x08000cc8       0x30 ./rt-thread/src/ipc.o
 .text.rt_list_isempty
                0x08000cf8       0x24 ./rt-thread/src/ipc.o
 .text._ipc_object_init
                0x08000d1c       0x1c ./rt-thread/src/ipc.o
 .text._ipc_list_suspend
                0x08000d38       0xa4 ./rt-thread/src/ipc.o
 .text._ipc_list_resume
                0x08000ddc       0x20 ./rt-thread/src/ipc.o
 .text.rt_sem_init
                0x08000dfc       0x88 ./rt-thread/src/ipc.o
                0x08000dfc                rt_sem_init
 .text.rt_sem_take
                0x08000e84      0x190 ./rt-thread/src/ipc.o
                0x08000e84                rt_sem_take
 .text.rt_sem_release
                0x08001014       0xc0 ./rt-thread/src/ipc.o
                0x08001014                rt_sem_release
 .text.rt_mutex_init
                0x080010d4       0x64 ./rt-thread/src/ipc.o
                0x080010d4                rt_mutex_init
 .text.rt_mutex_take
                0x08001138      0x21c ./rt-thread/src/ipc.o
                0x08001138                rt_mutex_take
 .text.rt_mutex_release
                0x08001354      0x1bc ./rt-thread/src/ipc.o
                0x08001354                rt_mutex_release
 .text.rt_interrupt_enter
                0x08001510       0x40 ./rt-thread/src/irq.o
                0x08001510                rt_interrupt_enter
 .text.rt_interrupt_leave
                0x08001550       0x40 ./rt-thread/src/irq.o
                0x08001550                rt_interrupt_leave
 .text.rt_interrupt_get_nest
                0x08001590       0x28 ./rt-thread/src/irq.o
                0x08001590                rt_interrupt_get_nest
 .text.rt_strerror
                0x080015b8       0x38 ./rt-thread/src/kservice.o
                0x080015b8                rt_strerror
 .text.rt_set_errno
                0x080015f0       0x40 ./rt-thread/src/kservice.o
                0x080015f0                rt_set_errno
 .text.rt_memset
                0x08001630       0xb4 ./rt-thread/src/kservice.o
                0x08001630                rt_memset
 .text.rt_memcpy
                0x080016e4       0xd0 ./rt-thread/src/kservice.o
                0x080016e4                rt_memcpy
 .text.rt_memmove
                0x080017b4       0x80 ./rt-thread/src/kservice.o
                0x080017b4                rt_memmove
 .text.rt_show_version
                0x08001834       0x4c ./rt-thread/src/kservice.o
                0x08001834                rt_show_version
 .text.divide   0x08001880       0x68 ./rt-thread/src/kservice.o
 .text.skip_atoi
                0x080018e8       0x44 ./rt-thread/src/kservice.o
 .text.print_number
                0x0800192c      0x200 ./rt-thread/src/kservice.o
 .text.rt_vsnprintf
                0x08001b2c      0x560 ./rt-thread/src/kservice.o
                0x08001b2c                rt_vsnprintf
 .text.rt_vsprintf
                0x0800208c       0x24 ./rt-thread/src/kservice.o
                0x0800208c                rt_vsprintf
 .text.rt_sprintf
                0x080020b0       0x2c ./rt-thread/src/kservice.o
                0x080020b0                rt_sprintf
 .text.rt_console_get_device
                0x080020dc       0x14 ./rt-thread/src/kservice.o
                0x080020dc                rt_console_get_device
 .text.rt_console_set_device
                0x080020f0       0x58 ./rt-thread/src/kservice.o
                0x080020f0                rt_console_set_device
 .text.rt_hw_console_output
                0x08002148       0x14 ./rt-thread/src/kservice.o
                0x08002148                rt_hw_console_output
 .text.rt_kprintf
                0x0800215c       0x60 ./rt-thread/src/kservice.o
                0x0800215c                rt_kprintf
 .text._heap_lock_init
                0x080021bc       0x1c ./rt-thread/src/kservice.o
 .text._heap_lock
                0x080021d8       0x28 ./rt-thread/src/kservice.o
 .text._heap_unlock
                0x08002200       0x40 ./rt-thread/src/kservice.o
 .text._smem_info
                0x08002240       0x4c ./rt-thread/src/kservice.o
 .text.rt_system_heap_init
                0x0800228c       0x64 ./rt-thread/src/kservice.o
                0x0800228c                rt_system_heap_init
 .text.rt_malloc
                0x080022f0       0x48 ./rt-thread/src/kservice.o
                0x080022f0                rt_malloc
 .text.rt_calloc
                0x08002338       0x3c ./rt-thread/src/kservice.o
                0x08002338                rt_calloc
 .text.rt_free  0x08002374       0x40 ./rt-thread/src/kservice.o
                0x08002374                rt_free
 .text.rt_memory_info
                0x080023b4       0x2c ./rt-thread/src/kservice.o
                0x080023b4                rt_memory_info
 .text.rt_assert_handler
                0x080023e0       0x4c ./rt-thread/src/kservice.o
                0x080023e0                rt_assert_handler
 .text.plug_holes
                0x0800242c       0xf4 ./rt-thread/src/mem.o
 .text.rt_smem_init
                0x08002520      0x104 ./rt-thread/src/mem.o
                0x08002520                rt_smem_init
 .text.rt_smem_alloc
                0x08002624      0x26c ./rt-thread/src/mem.o
                0x08002624                rt_smem_alloc
 .text.rt_smem_free
                0x08002890      0x140 ./rt-thread/src/mem.o
                0x08002890                rt_smem_free
 .text.rt_list_insert_after
                0x080029d0       0x30 ./rt-thread/src/object.o
 .text.rt_list_remove
                0x08002a00       0x34 ./rt-thread/src/object.o
 .text.rt_object_get_information
                0x08002a34       0x48 ./rt-thread/src/object.o
                0x08002a34                rt_object_get_information
 .text.rt_object_init
                0x08002a7c       0xcc ./rt-thread/src/object.o
                0x08002a7c                rt_object_init
 .text.rt_object_detach
                0x08002b48       0x5c ./rt-thread/src/object.o
                0x08002b48                rt_object_detach
 .text.rt_object_allocate
                0x08002ba4       0xd8 ./rt-thread/src/object.o
                0x08002ba4                rt_object_allocate
 .text.rt_object_delete
                0x08002c7c       0x7c ./rt-thread/src/object.o
                0x08002c7c                rt_object_delete
 .text.rt_object_is_systemobject
                0x08002cf8       0x3c ./rt-thread/src/object.o
                0x08002cf8                rt_object_is_systemobject
 .text.rt_object_get_type
                0x08002d34       0x34 ./rt-thread/src/object.o
                0x08002d34                rt_object_get_type
 .text.rt_object_find
                0x08002d68       0xb4 ./rt-thread/src/object.o
                0x08002d68                rt_object_find
 .text.rt_list_init
                0x08002e1c       0x20 ./rt-thread/src/scheduler.o
 .text.rt_list_insert_after
                0x08002e3c       0x30 ./rt-thread/src/scheduler.o
 .text.rt_list_insert_before
                0x08002e6c       0x30 ./rt-thread/src/scheduler.o
 .text.rt_list_remove
                0x08002e9c       0x34 ./rt-thread/src/scheduler.o
 .text.rt_list_isempty
                0x08002ed0       0x24 ./rt-thread/src/scheduler.o
 .text._scheduler_stack_check
                0x08002ef4       0x94 ./rt-thread/src/scheduler.o
 .text._scheduler_get_highest_priority_thread
                0x08002f88       0x3c ./rt-thread/src/scheduler.o
 .text.rt_system_scheduler_init
                0x08002fc4       0x48 ./rt-thread/src/scheduler.o
                0x08002fc4                rt_system_scheduler_init
 .text.rt_system_scheduler_start
                0x0800300c       0x3c ./rt-thread/src/scheduler.o
                0x0800300c                rt_system_scheduler_start
 .text.rt_schedule
                0x08003048      0x19c ./rt-thread/src/scheduler.o
                0x08003048                rt_schedule
 .text.rt_schedule_insert_thread
                0x080031e4       0xd4 ./rt-thread/src/scheduler.o
                0x080031e4                rt_schedule_insert_thread
 .text.rt_schedule_remove_thread
                0x080032b8       0x70 ./rt-thread/src/scheduler.o
                0x080032b8                rt_schedule_remove_thread
 .text.rt_enter_critical
                0x08003328       0x30 ./rt-thread/src/scheduler.o
                0x08003328                rt_enter_critical
 .text.rt_exit_critical
                0x08003358       0x58 ./rt-thread/src/scheduler.o
                0x08003358                rt_exit_critical
 .text.rt_critical_level
                0x080033b0       0x18 ./rt-thread/src/scheduler.o
                0x080033b0                rt_critical_level
 .text.rt_list_init
                0x080033c8       0x20 ./rt-thread/src/thread.o
 .text.rt_list_remove
                0x080033e8       0x34 ./rt-thread/src/thread.o
 .text._thread_exit
                0x0800341c       0x44 ./rt-thread/src/thread.o
 .text._thread_timeout
                0x08003460       0x8c ./rt-thread/src/thread.o
 .text._thread_init
                0x080034ec       0xfc ./rt-thread/src/thread.o
 .text.rt_thread_init
                0x080035e8       0x70 ./rt-thread/src/thread.o
                0x080035e8                rt_thread_init
 .text.rt_thread_self
                0x08003658       0x14 ./rt-thread/src/thread.o
                0x08003658                rt_thread_self
 .text.rt_thread_startup
                0x0800366c       0x94 ./rt-thread/src/thread.o
                0x0800366c                rt_thread_startup
 .text.rt_thread_detach
                0x08003700       0xb0 ./rt-thread/src/thread.o
                0x08003700                rt_thread_detach
 .text.rt_thread_create
                0x080037b0       0x64 ./rt-thread/src/thread.o
                0x080037b0                rt_thread_create
 .text.rt_thread_delete
                0x08003814       0xb0 ./rt-thread/src/thread.o
                0x08003814                rt_thread_delete
 .text.rt_thread_sleep
                0x080038c4       0x94 ./rt-thread/src/thread.o
                0x080038c4                rt_thread_sleep
 .text.rt_thread_delay
                0x08003958       0x18 ./rt-thread/src/thread.o
                0x08003958                rt_thread_delay
 .text.rt_thread_mdelay
                0x08003970       0x20 ./rt-thread/src/thread.o
                0x08003970                rt_thread_mdelay
 .text.rt_thread_control
                0x08003990       0xf0 ./rt-thread/src/thread.o
                0x08003990                rt_thread_control
 .text.rt_thread_suspend
                0x08003a80       0xd0 ./rt-thread/src/thread.o
                0x08003a80                rt_thread_suspend
 .text.rt_thread_resume
                0x08003b50       0x98 ./rt-thread/src/thread.o
                0x08003b50                rt_thread_resume
 .text.rt_list_init
                0x08003be8       0x20 ./rt-thread/src/timer.o
 .text.rt_list_insert_after
                0x08003c08       0x30 ./rt-thread/src/timer.o
 .text.rt_list_remove
                0x08003c38       0x34 ./rt-thread/src/timer.o
 .text.rt_list_isempty
                0x08003c6c       0x24 ./rt-thread/src/timer.o
 .text._timer_init
                0x08003c90       0x68 ./rt-thread/src/timer.o
 .text._timer_list_next_timeout
                0x08003cf8       0x48 ./rt-thread/src/timer.o
 .text._timer_remove
                0x08003d40       0x34 ./rt-thread/src/timer.o
 .text.rt_timer_init
                0x08003d74       0x80 ./rt-thread/src/timer.o
                0x08003d74                rt_timer_init
 .text.rt_timer_detach
                0x08003df4       0x90 ./rt-thread/src/timer.o
                0x08003df4                rt_timer_detach
 .text.rt_timer_start
                0x08003e84      0x230 ./rt-thread/src/timer.o
                0x08003e84                rt_timer_start
 .text.rt_timer_stop
                0x080040b4       0x94 ./rt-thread/src/timer.o
                0x080040b4                rt_timer_stop
 .text.rt_timer_control
                0x08004148       0xfc ./rt-thread/src/timer.o
                0x08004148                rt_timer_control
 .text.rt_timer_check
                0x08004244      0x108 ./rt-thread/src/timer.o
                0x08004244                rt_timer_check
 .text.rt_soft_timer_check
                0x0800434c      0x120 ./rt-thread/src/timer.o
                0x0800434c                rt_soft_timer_check
 .text._timer_thread_entry
                0x0800446c       0x5c ./rt-thread/src/timer.o
 .text.rt_system_timer_init
                0x080044c8       0x34 ./rt-thread/src/timer.o
                0x080044c8                rt_system_timer_init
 .text.rt_system_timer_thread_init
                0x080044fc       0x68 ./rt-thread/src/timer.o
                0x080044fc                rt_system_timer_thread_init
 .text.rt_hw_stack_init
                0x08004564       0x88 ./rt-thread/libcpu/arm/cortex-m3/cpuport.o
                0x08004564                rt_hw_stack_init
 .text.usage_fault_track
                0x080045ec       0xc4 ./rt-thread/libcpu/arm/cortex-m3/cpuport.o
 .text.bus_fault_track
                0x080046b0       0xcc ./rt-thread/libcpu/arm/cortex-m3/cpuport.o
 .text.mem_manage_fault_track
                0x0800477c       0xb4 ./rt-thread/libcpu/arm/cortex-m3/cpuport.o
 .text.hard_fault_track
                0x08004830       0x78 ./rt-thread/libcpu/arm/cortex-m3/cpuport.o
 .text.rt_hw_hard_fault_exception
                0x080048a8      0x168 ./rt-thread/libcpu/arm/cortex-m3/cpuport.o
                0x080048a8                rt_hw_hard_fault_exception
 .text.__rt_ffs
                0x08004a10       0x28 ./rt-thread/libcpu/arm/cortex-m3/cpuport.o
                0x08004a10                __rt_ffs
 .text._malloc_r
                0x08004a38       0x28 ./rt-thread/components/libc/compilers/newlib/syscalls.o
                0x08004a38                _malloc_r
 .text.rt_list_isempty
                0x08004a60       0x24 ./rt-thread/components/finsh/cmd.o
 .text.rt_list_len
                0x08004a84       0x34 ./rt-thread/components/finsh/cmd.o
 .text.clear    0x08004ab8       0x14 ./rt-thread/components/finsh/cmd.o
 .text.version  0x08004acc       0x10 ./rt-thread/components/finsh/cmd.o
                0x08004acc                version
 .text.object_split
                0x08004adc       0x28 ./rt-thread/components/finsh/cmd.o
 .text.list_find_init
                0x08004b04       0x48 ./rt-thread/components/finsh/cmd.o
 .text.list_get_next
                0x08004b4c       0xc0 ./rt-thread/components/finsh/cmd.o
 .text.list_thread
                0x08004c0c      0x210 ./rt-thread/components/finsh/cmd.o
                0x08004c0c                list_thread
 .text.show_wait_queue
                0x08004e1c       0x50 ./rt-thread/components/finsh/cmd.o
 .text.list_sem
                0x08004e6c      0x124 ./rt-thread/components/finsh/cmd.o
                0x08004e6c                list_sem
 .text.list_event
                0x08004f90      0x114 ./rt-thread/components/finsh/cmd.o
                0x08004f90                list_event
 .text.list_mutex
                0x080050a4       0xe4 ./rt-thread/components/finsh/cmd.o
                0x080050a4                list_mutex
 .text.list_mailbox
                0x08005188      0x134 ./rt-thread/components/finsh/cmd.o
                0x08005188                list_mailbox
 .text.list_msgqueue
                0x080052bc      0x124 ./rt-thread/components/finsh/cmd.o
                0x080052bc                list_msgqueue
 .text.list_mempool
                0x080053e0      0x140 ./rt-thread/components/finsh/cmd.o
                0x080053e0                list_mempool
 .text.list_timer
                0x08005520      0x124 ./rt-thread/components/finsh/cmd.o
                0x08005520                list_timer
 .text.list_device
                0x08005644       0xfc ./rt-thread/components/finsh/cmd.o
                0x08005644                list_device
 .text.cmd_list
                0x08005740      0x19c ./rt-thread/components/finsh/cmd.o
                0x08005740                cmd_list
 .text.msh_help
                0x080058dc       0x5c ./rt-thread/components/finsh/msh.o
                0x080058dc                msh_help
 .text.cmd_ps   0x08005938       0x18 ./rt-thread/components/finsh/msh.o
                0x08005938                cmd_ps
 .text.cmd_free
                0x08005950       0x70 ./rt-thread/components/finsh/msh.o
                0x08005950                cmd_free
 .text.msh_split
                0x080059c0      0x170 ./rt-thread/components/finsh/msh.o
 .text.msh_get_cmd
                0x08005b30       0x64 ./rt-thread/components/finsh/msh.o
 .text._msh_exec_cmd
                0x08005b94       0xd4 ./rt-thread/components/finsh/msh.o
 .text.msh_exec
                0x08005c68       0x8c ./rt-thread/components/finsh/msh.o
                0x08005c68                msh_exec
 .text.str_common
                0x08005cf4       0x48 ./rt-thread/components/finsh/msh.o
 .text.msh_auto_complete
                0x08005d3c       0xb4 ./rt-thread/components/finsh/msh.o
                0x08005d3c                msh_auto_complete
 .text.msh_isint
                0x08005df0       0x68 ./rt-thread/components/finsh/msh_parse.o
                0x08005df0                msh_isint
 .text.finsh_get_prompt
                0x08005e58       0x7c ./rt-thread/components/finsh/shell.o
                0x08005e58                finsh_get_prompt
 .text.finsh_set_prompt_mode
                0x08005ed4       0x48 ./rt-thread/components/finsh/shell.o
                0x08005ed4                finsh_set_prompt_mode
 .text.finsh_getchar
                0x08005f1c       0x90 ./rt-thread/components/finsh/shell.o
                0x08005f1c                finsh_getchar
 .text.finsh_rx_ind
                0x08005fac       0x3c ./rt-thread/components/finsh/shell.o
 .text.finsh_set_device
                0x08005fe8       0xd8 ./rt-thread/components/finsh/shell.o
                0x08005fe8                finsh_set_device
 .text.shell_auto_complete
                0x080060c0       0x34 ./rt-thread/components/finsh/shell.o
 .text.shell_handle_history
                0x080060f4       0x34 ./rt-thread/components/finsh/shell.o
 .text.shell_push_history
                0x08006128      0x160 ./rt-thread/components/finsh/shell.o
 .text.finsh_thread_entry
                0x08006288      0x5d0 ./rt-thread/components/finsh/shell.o
                0x08006288                finsh_thread_entry
 .text.finsh_system_function_init
                0x08006858       0x28 ./rt-thread/components/finsh/shell.o
                0x08006858                finsh_system_function_init
 .text.finsh_system_init
                0x08006880       0x9c ./rt-thread/components/finsh/shell.o
                0x08006880                finsh_system_init
 .text._serial_poll_rx
                0x0800691c       0x80 ./rt-thread/components/drivers/serial/serial.o
 .text._serial_poll_tx
                0x0800699c       0x7c ./rt-thread/components/drivers/serial/serial.o
 .text._serial_int_rx
                0x08006a18       0xd8 ./rt-thread/components/drivers/serial/serial.o
 .text._serial_int_tx
                0x08006af0       0xc4 ./rt-thread/components/drivers/serial/serial.o
 .text._serial_check_buffer_size
                0x08006bb4       0x38 ./rt-thread/components/drivers/serial/serial.o
 .text.rt_serial_init
                0x08006bec       0x5c ./rt-thread/components/drivers/serial/serial.o
 .text.rt_serial_open
                0x08006c48      0x20c ./rt-thread/components/drivers/serial/serial.o
 .text.rt_serial_close
                0x08006e54       0xfc ./rt-thread/components/drivers/serial/serial.o
 .text.rt_serial_read
                0x08006f50       0x68 ./rt-thread/components/drivers/serial/serial.o
 .text.rt_serial_write
                0x08006fb8       0x68 ./rt-thread/components/drivers/serial/serial.o
 .text.rt_serial_control
                0x08007020       0xd0 ./rt-thread/components/drivers/serial/serial.o
 .text.rt_hw_serial_register
                0x080070f0       0x9c ./rt-thread/components/drivers/serial/serial.o
                0x080070f0                rt_hw_serial_register
 .text.rt_hw_serial_isr
                0x0800718c      0x14c ./rt-thread/components/drivers/serial/serial.o
                0x0800718c                rt_hw_serial_isr
 .text._pin_read
                0x080072d8       0x60 ./rt-thread/components/drivers/misc/pin.o
 .text._pin_write
                0x08007338       0x5c ./rt-thread/components/drivers/misc/pin.o
 .text._pin_control
                0x08007394       0x58 ./rt-thread/components/drivers/misc/pin.o
 .text.rt_device_pin_register
                0x080073ec       0x74 ./rt-thread/components/drivers/misc/pin.o
                0x080073ec                rt_device_pin_register
 .text.rt_pin_mode
                0x08007460       0x40 ./rt-thread/components/drivers/misc/pin.o
                0x08007460                rt_pin_mode
 .text.rt_pin_write
                0x080074a0       0x40 ./rt-thread/components/drivers/misc/pin.o
                0x080074a0                rt_pin_write
 .text.rt_pin_read
                0x080074e0       0x3c ./rt-thread/components/drivers/misc/pin.o
                0x080074e0                rt_pin_read
 .text.rt_pin_get
                0x0800751c       0x60 ./rt-thread/components/drivers/misc/pin.o
                0x0800751c                rt_pin_get
 .text._pin_cmd_conv
                0x0800757c       0xb4 ./rt-thread/components/drivers/misc/pin.o
 .text._pin_cmd_print_usage
                0x08007630       0x58 ./rt-thread/components/drivers/misc/pin.o
 .text._pin_cmd_get
                0x08007688       0x5c ./rt-thread/components/drivers/misc/pin.o
 .text._pin_cmd_mode
                0x080076e4      0x10c ./rt-thread/components/drivers/misc/pin.o
 .text._pin_cmd_read
                0x080077f0       0x90 ./rt-thread/components/drivers/misc/pin.o
 .text._pin_cmd_write
                0x08007880       0xe4 ./rt-thread/components/drivers/misc/pin.o
 .text._pin_cmd
                0x08007964       0xac ./rt-thread/components/drivers/misc/pin.o
 .text.rt_list_init
                0x08007a10       0x20 ./rt-thread/components/drivers/ipc/completion.o
 .text.rt_list_insert_before
                0x08007a30       0x30 ./rt-thread/components/drivers/ipc/completion.o
 .text.rt_list_isempty
                0x08007a60       0x24 ./rt-thread/components/drivers/ipc/completion.o
 .text.rt_completion_init
                0x08007a84       0x44 ./rt-thread/components/drivers/ipc/completion.o
                0x08007a84                rt_completion_init
 .text.rt_completion_wait
                0x08007ac8      0x15c ./rt-thread/components/drivers/ipc/completion.o
                0x08007ac8                rt_completion_wait
 .text.rt_completion_done
                0x08007c24       0x70 ./rt-thread/components/drivers/ipc/completion.o
                0x08007c24                rt_completion_done
 .text.HAL_Init
                0x08007c94       0x2c ./libraries/STM32F1xx_HAL_Driver/Src/stm32f1xx_hal.o
                0x08007c94                HAL_Init
 .text.HAL_IncTick
                0x08007cc0       0x24 ./libraries/STM32F1xx_HAL_Driver/Src/stm32f1xx_hal.o
                0x08007cc0                HAL_IncTick
 .text.__NVIC_SetPriorityGrouping
                0x08007ce4       0x48 ./libraries/STM32F1xx_HAL_Driver/Src/stm32f1xx_hal_cortex.o
 .text.__NVIC_GetPriorityGrouping
                0x08007d2c       0x1c ./libraries/STM32F1xx_HAL_Driver/Src/stm32f1xx_hal_cortex.o
 .text.__NVIC_EnableIRQ
                0x08007d48       0x38 ./libraries/STM32F1xx_HAL_Driver/Src/stm32f1xx_hal_cortex.o
 .text.__NVIC_DisableIRQ
                0x08007d80       0x44 ./libraries/STM32F1xx_HAL_Driver/Src/stm32f1xx_hal_cortex.o
 .text.__NVIC_SetPriority
                0x08007dc4       0x54 ./libraries/STM32F1xx_HAL_Driver/Src/stm32f1xx_hal_cortex.o
 .text.NVIC_EncodePriority
                0x08007e18       0x60 ./libraries/STM32F1xx_HAL_Driver/Src/stm32f1xx_hal_cortex.o
 .text.SysTick_Config
                0x08007e78       0x44 ./libraries/STM32F1xx_HAL_Driver/Src/stm32f1xx_hal_cortex.o
 .text.HAL_NVIC_SetPriorityGrouping
                0x08007ebc       0x18 ./libraries/STM32F1xx_HAL_Driver/Src/stm32f1xx_hal_cortex.o
                0x08007ebc                HAL_NVIC_SetPriorityGrouping
 .text.HAL_NVIC_SetPriority
                0x08007ed4       0x38 ./libraries/STM32F1xx_HAL_Driver/Src/stm32f1xx_hal_cortex.o
                0x08007ed4                HAL_NVIC_SetPriority
 .text.HAL_NVIC_EnableIRQ
                0x08007f0c       0x1c ./libraries/STM32F1xx_HAL_Driver/Src/stm32f1xx_hal_cortex.o
                0x08007f0c                HAL_NVIC_EnableIRQ
 .text.HAL_NVIC_DisableIRQ
                0x08007f28       0x1c ./libraries/STM32F1xx_HAL_Driver/Src/stm32f1xx_hal_cortex.o
                0x08007f28                HAL_NVIC_DisableIRQ
 .text.HAL_SYSTICK_Config
                0x08007f44       0x18 ./libraries/STM32F1xx_HAL_Driver/Src/stm32f1xx_hal_cortex.o
                0x08007f44                HAL_SYSTICK_Config
 .text.HAL_SYSTICK_CLKSourceConfig
                0x08007f5c       0x38 ./libraries/STM32F1xx_HAL_Driver/Src/stm32f1xx_hal_cortex.o
                0x08007f5c                HAL_SYSTICK_CLKSourceConfig
 .text.HAL_DMA_Start_IT
                0x08007f94       0xc0 ./libraries/STM32F1xx_HAL_Driver/Src/stm32f1xx_hal_dma.o
                0x08007f94                HAL_DMA_Start_IT
 .text.DMA_SetConfig
                0x08008054       0x5c ./libraries/STM32F1xx_HAL_Driver/Src/stm32f1xx_hal_dma.o
 .text.HAL_GPIO_Init
                0x080080b0      0x2d4 ./libraries/STM32F1xx_HAL_Driver/Src/stm32f1xx_hal_gpio.o
                0x080080b0                HAL_GPIO_Init
 .text.HAL_GPIO_DeInit
                0x08008384      0x198 ./libraries/STM32F1xx_HAL_Driver/Src/stm32f1xx_hal_gpio.o
                0x08008384                HAL_GPIO_DeInit
 .text.HAL_GPIO_ReadPin
                0x0800851c       0x30 ./libraries/STM32F1xx_HAL_Driver/Src/stm32f1xx_hal_gpio.o
                0x0800851c                HAL_GPIO_ReadPin
 .text.HAL_GPIO_WritePin
                0x0800854c       0x30 ./libraries/STM32F1xx_HAL_Driver/Src/stm32f1xx_hal_gpio.o
                0x0800854c                HAL_GPIO_WritePin
 .text.HAL_GPIO_EXTI_IRQHandler
                0x0800857c       0x30 ./libraries/STM32F1xx_HAL_Driver/Src/stm32f1xx_hal_gpio.o
                0x0800857c                HAL_GPIO_EXTI_IRQHandler
 .text.HAL_RCC_OscConfig
                0x080085ac      0x4fc ./libraries/STM32F1xx_HAL_Driver/Src/stm32f1xx_hal_rcc.o
                0x080085ac                HAL_RCC_OscConfig
 .text.HAL_RCC_ClockConfig
                0x08008aa8      0x1d4 ./libraries/STM32F1xx_HAL_Driver/Src/stm32f1xx_hal_rcc.o
                0x08008aa8                HAL_RCC_ClockConfig
 .text.HAL_RCC_GetSysClockFreq
                0x08008c7c       0xc8 ./libraries/STM32F1xx_HAL_Driver/Src/stm32f1xx_hal_rcc.o
                0x08008c7c                HAL_RCC_GetSysClockFreq
 .text.HAL_RCC_GetHCLKFreq
                0x08008d44       0x14 ./libraries/STM32F1xx_HAL_Driver/Src/stm32f1xx_hal_rcc.o
                0x08008d44                HAL_RCC_GetHCLKFreq
 .text.HAL_RCC_GetPCLK1Freq
                0x08008d58       0x28 ./libraries/STM32F1xx_HAL_Driver/Src/stm32f1xx_hal_rcc.o
                0x08008d58                HAL_RCC_GetPCLK1Freq
 .text.HAL_RCC_GetPCLK2Freq
                0x08008d80       0x28 ./libraries/STM32F1xx_HAL_Driver/Src/stm32f1xx_hal_rcc.o
                0x08008d80                HAL_RCC_GetPCLK2Freq
 .text.RCC_Delay
                0x08008da8       0x3c ./libraries/STM32F1xx_HAL_Driver/Src/stm32f1xx_hal_rcc.o
 .text.HAL_TIM_PWM_Init
                0x08008de4       0x58 ./libraries/STM32F1xx_HAL_Driver/Src/stm32f1xx_hal_tim.o
                0x08008de4                HAL_TIM_PWM_Init
 .text.HAL_TIM_PWM_Start
                0x08008e3c       0x7c ./libraries/STM32F1xx_HAL_Driver/Src/stm32f1xx_hal_tim.o
                0x08008e3c                HAL_TIM_PWM_Start
 .text.HAL_TIM_PWM_ConfigChannel
                0x08008eb8      0x18c ./libraries/STM32F1xx_HAL_Driver/Src/stm32f1xx_hal_tim.o
                0x08008eb8                HAL_TIM_PWM_ConfigChannel
 .text.TIM_Base_SetConfig
                0x08009044       0xf4 ./libraries/STM32F1xx_HAL_Driver/Src/stm32f1xx_hal_tim.o
                0x08009044                TIM_Base_SetConfig
 .text.TIM_OC1_SetConfig
                0x08009138       0xe0 ./libraries/STM32F1xx_HAL_Driver/Src/stm32f1xx_hal_tim.o
 .text.TIM_OC2_SetConfig
                0x08009218       0xe8 ./libraries/STM32F1xx_HAL_Driver/Src/stm32f1xx_hal_tim.o
                0x08009218                TIM_OC2_SetConfig
 .text.TIM_OC3_SetConfig
                0x08009300       0xe8 ./libraries/STM32F1xx_HAL_Driver/Src/stm32f1xx_hal_tim.o
 .text.TIM_OC4_SetConfig
                0x080093e8       0xa8 ./libraries/STM32F1xx_HAL_Driver/Src/stm32f1xx_hal_tim.o
 .text.TIM_CCxChannelCmd
                0x08009490       0x48 ./libraries/STM32F1xx_HAL_Driver/Src/stm32f1xx_hal_tim.o
                0x08009490                TIM_CCxChannelCmd
 .text.HAL_TIMEx_MasterConfigSynchronization
                0x080094d8       0x88 ./libraries/STM32F1xx_HAL_Driver/Src/stm32f1xx_hal_tim_ex.o
                0x080094d8                HAL_TIMEx_MasterConfigSynchronization
 .text.HAL_TIMEx_ConfigBreakDeadTime
                0x08009560       0xa4 ./libraries/STM32F1xx_HAL_Driver/Src/stm32f1xx_hal_tim_ex.o
                0x08009560                HAL_TIMEx_ConfigBreakDeadTime
 .text.HAL_UART_Init
                0x08009604       0x9c ./libraries/STM32F1xx_HAL_Driver/Src/stm32f1xx_hal_uart.o
                0x08009604                HAL_UART_Init
 .text.HAL_UART_Transmit_DMA
                0x080096a0       0xd8 ./libraries/STM32F1xx_HAL_Driver/Src/stm32f1xx_hal_uart.o
                0x080096a0                HAL_UART_Transmit_DMA
 .text.HAL_UART_TxCpltCallback
                0x08009778       0x14 ./libraries/STM32F1xx_HAL_Driver/Src/stm32f1xx_hal_uart.o
                0x08009778                HAL_UART_TxCpltCallback
 .text.HAL_UART_TxHalfCpltCallback
                0x0800978c       0x14 ./libraries/STM32F1xx_HAL_Driver/Src/stm32f1xx_hal_uart.o
                0x0800978c                HAL_UART_TxHalfCpltCallback
 .text.HAL_UART_ErrorCallback
                0x080097a0       0x14 ./libraries/STM32F1xx_HAL_Driver/Src/stm32f1xx_hal_uart.o
                0x080097a0                HAL_UART_ErrorCallback
 .text.UART_DMATransmitCplt
                0x080097b4       0x54 ./libraries/STM32F1xx_HAL_Driver/Src/stm32f1xx_hal_uart.o
 .text.UART_DMATxHalfCplt
                0x08009808       0x1c ./libraries/STM32F1xx_HAL_Driver/Src/stm32f1xx_hal_uart.o
 .text.UART_DMAError
                0x08009824       0x94 ./libraries/STM32F1xx_HAL_Driver/Src/stm32f1xx_hal_uart.o
 .text.UART_EndTxTransfer
                0x080098b8       0x2c ./libraries/STM32F1xx_HAL_Driver/Src/stm32f1xx_hal_uart.o
 .text.UART_EndRxTransfer
                0x080098e4       0x3c ./libraries/STM32F1xx_HAL_Driver/Src/stm32f1xx_hal_uart.o
 .text.UART_SetConfig
                0x08009920      0x1b4 ./libraries/STM32F1xx_HAL_Driver/Src/stm32f1xx_hal_uart.o
 .text.Reset_Handler
                0x08009ad4       0x44 ./libraries/CMSIS/Device/ST/STM32F1xx/Source/Templates/gcc/startup_stm32f103xe.o
                0x08009ad4                Reset_Handler
 .text.Default_Handler
                0x08009b18        0x2 ./libraries/CMSIS/Device/ST/STM32F1xx/Source/Templates/gcc/startup_stm32f103xe.o
                0x08009b18                RTC_Alarm_IRQHandler
                0x08009b18                TIM8_TRG_COM_IRQHandler
                0x08009b18                TIM8_CC_IRQHandler
                0x08009b18                DebugMon_Handler
                0x08009b18                TIM1_CC_IRQHandler
                0x08009b18                TIM6_IRQHandler
                0x08009b18                PVD_IRQHandler
                0x08009b18                SDIO_IRQHandler
                0x08009b18                NMI_Handler
                0x08009b18                I2C2_EV_IRQHandler
                0x08009b18                UsageFault_Handler
                0x08009b18                ADC1_2_IRQHandler
                0x08009b18                SPI1_IRQHandler
                0x08009b18                TAMPER_IRQHandler
                0x08009b18                TIM8_UP_IRQHandler
                0x08009b18                DMA2_Channel2_IRQHandler
                0x08009b18                DMA1_Channel4_IRQHandler
                0x08009b18                USART3_IRQHandler
                0x08009b18                RTC_IRQHandler
                0x08009b18                DMA1_Channel7_IRQHandler
                0x08009b18                CAN1_RX1_IRQHandler
                0x08009b18                UART5_IRQHandler
                0x08009b18                ADC3_IRQHandler
                0x08009b18                TIM4_IRQHandler
                0x08009b18                DMA2_Channel1_IRQHandler
                0x08009b18                I2C1_EV_IRQHandler
                0x08009b18                DMA1_Channel6_IRQHandler
                0x08009b18                UART4_IRQHandler
                0x08009b18                TIM3_IRQHandler
                0x08009b18                RCC_IRQHandler
                0x08009b18                TIM1_TRG_COM_IRQHandler
                0x08009b18                DMA1_Channel1_IRQHandler
                0x08009b18                Default_Handler
                0x08009b18                TIM7_IRQHandler
                0x08009b18                TIM5_IRQHandler
                0x08009b18                SPI2_IRQHandler
                0x08009b18                MemManage_Handler
                0x08009b18                SVC_Handler
                0x08009b18                DMA1_Channel5_IRQHandler
                0x08009b18                USB_LP_CAN1_RX0_IRQHandler
                0x08009b18                USB_HP_CAN1_TX_IRQHandler
                0x08009b18                DMA1_Channel3_IRQHandler
                0x08009b18                FSMC_IRQHandler
                0x08009b18                TIM1_UP_IRQHandler
                0x08009b18                WWDG_IRQHandler
                0x08009b18                TIM2_IRQHandler
                0x08009b18                TIM1_BRK_IRQHandler
                0x08009b18                DMA2_Channel4_5_IRQHandler
                0x08009b18                USART2_IRQHandler
                0x08009b18                I2C2_ER_IRQHandler
                0x08009b18                DMA1_Channel2_IRQHandler
                0x08009b18                TIM8_BRK_IRQHandler
                0x08009b18                CAN1_SCE_IRQHandler
                0x08009b18                FLASH_IRQHandler
                0x08009b18                BusFault_Handler
                0x08009b18                SPI3_IRQHandler
                0x08009b18                I2C1_ER_IRQHandler
                0x08009b18                USBWakeUp_IRQHandler
                0x08009b18                DMA2_Channel3_IRQHandler
 *fill*         0x08009b1a        0x2 00000000
 .text.SystemInit
                0x08009b1c       0x68 ./libraries/CMSIS/Device/ST/STM32F1xx/Source/Templates/system_stm32f1xx.o
                0x08009b1c                SystemInit
 .text.rt_hw_board_init
                0x08009b84       0x34 ./drivers/board.o
                0x08009b84                rt_hw_board_init
 .text.clock_information
                0x08009bb8       0x10 ./drivers/drv_clk.o
                0x08009bb8                clock_information
 .text.clk_init
                0x08009bc8       0x18 ./drivers/drv_clk.o
                0x08009bc8                clk_init
 .text.rt_hw_systick_init
                0x08009be0       0x34 ./drivers/drv_common.o
                0x08009be0                rt_hw_systick_init
 .text.SysTick_Handler
                0x08009c14       0x18 ./drivers/drv_common.o
                0x08009c14                SysTick_Handler
 .text.HAL_GetTick
                0x08009c2c       0x24 ./drivers/drv_common.o
                0x08009c2c                HAL_GetTick
 .text.HAL_InitTick
                0x08009c50       0x14 ./drivers/drv_common.o
                0x08009c50                HAL_InitTick
 .text.hw_board_init
                0x08009c64       0x44 ./drivers/drv_common.o
                0x08009c64                hw_board_init
 .text.get_pin  0x08009ca8       0x44 ./drivers/drv_gpio.o
 .text.stm32_pin_write
                0x08009cec       0x3c ./drivers/drv_gpio.o
 .text.stm32_pin_read
                0x08009d28       0x44 ./drivers/drv_gpio.o
 .text.stm32_pin_mode
                0x08009d6c       0x98 ./drivers/drv_gpio.o
 .text.bit2bitno
                0x08009e04       0x3c ./drivers/drv_gpio.o
 .text.get_pin_irq_map
                0x08009e40       0x34 ./drivers/drv_gpio.o
 .text.stm32_pin_attach_irq
                0x08009e74      0x148 ./drivers/drv_gpio.o
 .text.stm32_pin_dettach_irq
                0x08009fbc       0xd0 ./drivers/drv_gpio.o
 .text.stm32_pin_irq_enable
                0x0800a08c      0x1e0 ./drivers/drv_gpio.o
 .text.pin_irq_hdr
                0x0800a26c       0x54 ./drivers/drv_gpio.o
 .text.HAL_GPIO_EXTI_Callback
                0x0800a2c0       0x24 ./drivers/drv_gpio.o
                0x0800a2c0                HAL_GPIO_EXTI_Callback
 .text.EXTI0_IRQHandler
                0x0800a2e4       0x18 ./drivers/drv_gpio.o
                0x0800a2e4                EXTI0_IRQHandler
 .text.EXTI1_IRQHandler
                0x0800a2fc       0x18 ./drivers/drv_gpio.o
                0x0800a2fc                EXTI1_IRQHandler
 .text.EXTI2_IRQHandler
                0x0800a314       0x18 ./drivers/drv_gpio.o
                0x0800a314                EXTI2_IRQHandler
 .text.EXTI3_IRQHandler
                0x0800a32c       0x18 ./drivers/drv_gpio.o
                0x0800a32c                EXTI3_IRQHandler
 .text.EXTI4_IRQHandler
                0x0800a344       0x18 ./drivers/drv_gpio.o
                0x0800a344                EXTI4_IRQHandler
 .text.EXTI9_5_IRQHandler
                0x0800a35c       0x34 ./drivers/drv_gpio.o
                0x0800a35c                EXTI9_5_IRQHandler
 .text.EXTI15_10_IRQHandler
                0x0800a390       0x40 ./drivers/drv_gpio.o
                0x0800a390                EXTI15_10_IRQHandler
 .text.rt_hw_pin_init
                0x0800a3d0       0xd0 ./drivers/drv_gpio.o
                0x0800a3d0                rt_hw_pin_init
 .text.__NVIC_EnableIRQ
                0x0800a4a0       0x38 ./drivers/drv_usart.o
 .text.__NVIC_DisableIRQ
                0x0800a4d8       0x44 ./drivers/drv_usart.o
 .text.stm32_uart_clk_enable
                0x0800a51c       0x48 ./drivers/drv_usart.o
 .text.stm32_gpio_clk_enable
                0x0800a564      0x170 ./drivers/drv_usart.o
 .text.up_char  0x0800a6d4       0x30 ./drivers/drv_usart.o
 .text.get_pin_by_name
                0x0800a704       0x58 ./drivers/drv_usart.o
 .text.stm32_get_pin
                0x0800a75c       0x38 ./drivers/drv_usart.o
 .text.stm32_gpio_configure
                0x0800a794      0x274 ./drivers/drv_usart.o
 .text.stm32_configure
                0x0800aa08      0x12c ./drivers/drv_usart.o
 .text.stm32_control
                0x0800ab34       0x80 ./drivers/drv_usart.o
 .text.stm32_putc
                0x0800abb4       0x58 ./drivers/drv_usart.o
 .text.stm32_getc
                0x0800ac0c       0x50 ./drivers/drv_usart.o
 .text.stm32_dma_transmit
                0x0800ac5c       0x64 ./drivers/drv_usart.o
 .text.uart_isr
                0x0800acc0      0x160 ./drivers/drv_usart.o
 .text.USART1_IRQHandler
                0x0800ae20       0x1c ./drivers/drv_usart.o
                0x0800ae20                USART1_IRQHandler
 .text.stm32_uart_get_dma_config
                0x0800ae3c       0x18 ./drivers/drv_usart.o
 .text.rt_hw_usart_init
                0x0800ae54       0xf8 ./drivers/drv_usart.o
                0x0800ae54                rt_hw_usart_init
 .text.MX_GPIO_Init
                0x0800af4c       0x8c ./cubemx/Src/gpio.o
                0x0800af4c                MX_GPIO_Init
 .text.SystemClock_Config
                0x0800afd8       0x8c ./cubemx/Src/main.o
                0x0800afd8                SystemClock_Config
 .text.Error_Handler
                0x0800b064        0x8 ./cubemx/Src/main.o
                0x0800b064                Error_Handler
 .text.HAL_MspInit
                0x0800b06c       0x5c ./cubemx/Src/stm32f1xx_hal_msp.o
                0x0800b06c                HAL_MspInit
 .text.MX_TIM5_Init
                0x0800b0c8       0xc8 ./cubemx/Src/tim.o
                0x0800b0c8                MX_TIM5_Init
 .text.MX_TIM8_Init
                0x0800b190      0x120 ./cubemx/Src/tim.o
                0x0800b190                MX_TIM8_Init
 .text.HAL_TIM_PWM_MspInit
                0x0800b2b0       0x64 ./cubemx/Src/tim.o
                0x0800b2b0                HAL_TIM_PWM_MspInit
 .text.HAL_TIM_MspPostInit
                0x0800b314       0xac ./cubemx/Src/tim.o
                0x0800b314                HAL_TIM_MspPostInit
 .text.MX_USART1_UART_Init
                0x0800b3c0       0x54 ./cubemx/Src/usart.o
                0x0800b3c0                MX_USART1_UART_Init
 .text.HAL_UART_MspInit
                0x0800b414       0xa8 ./cubemx/Src/usart.o
                0x0800b414                HAL_UART_MspInit
 .text.pwm_entry
                0x0800b4bc       0xb4 ./applications/main.o
                0x0800b4bc                pwm_entry
 .text.main     0x0800b570       0x68 ./applications/main.o
                0x0800b570                main
 .text.atoi     0x0800b5d8        0x8 e:/rt-threadstudio/repo/extract/toolchain_support_packages/arm/gnu_tools_for_arm_embedded_processors/5.4.1/bin/../lib/gcc/arm-none-eabi/5.4.1/../../../../arm-none-eabi/lib/armv7-m\libc.a(lib_a-atoi.o)
                0x0800b5d8                atoi
 .text.__get_current_locale
                0x0800b5e0       0x18 e:/rt-threadstudio/repo/extract/toolchain_support_packages/arm/gnu_tools_for_arm_embedded_processors/5.4.1/bin/../lib/gcc/arm-none-eabi/5.4.1/../../../../arm-none-eabi/lib/armv7-m\libc.a(lib_a-locale.o)
 .text.__locale_ctype_ptr_l
                0x0800b5f8        0x8 e:/rt-threadstudio/repo/extract/toolchain_support_packages/arm/gnu_tools_for_arm_embedded_processors/5.4.1/bin/../lib/gcc/arm-none-eabi/5.4.1/../../../../arm-none-eabi/lib/armv7-m\libc.a(lib_a-locale.o)
                0x0800b5f8                __locale_ctype_ptr_l
 .text.__locale_ctype_ptr
                0x0800b600       0x14 e:/rt-threadstudio/repo/extract/toolchain_support_packages/arm/gnu_tools_for_arm_embedded_processors/5.4.1/bin/../lib/gcc/arm-none-eabi/5.4.1/../../../../arm-none-eabi/lib/armv7-m\libc.a(lib_a-locale.o)
                0x0800b600                __locale_ctype_ptr
 .text.malloc   0x0800b614       0x10 e:/rt-threadstudio/repo/extract/toolchain_support_packages/arm/gnu_tools_for_arm_embedded_processors/5.4.1/bin/../lib/gcc/arm-none-eabi/5.4.1/../../../../arm-none-eabi/lib/armv7-m\libc.a(lib_a-malloc.o)
                0x0800b614                malloc
 .text.__ascii_mbtowc
                0x0800b624       0x2c e:/rt-threadstudio/repo/extract/toolchain_support_packages/arm/gnu_tools_for_arm_embedded_processors/5.4.1/bin/../lib/gcc/arm-none-eabi/5.4.1/../../../../arm-none-eabi/lib/armv7-m\libc.a(lib_a-mbtowc_r.o)
                0x0800b624                __ascii_mbtowc
 .text.memcmp   0x0800b650       0x64 e:/rt-threadstudio/repo/extract/toolchain_support_packages/arm/gnu_tools_for_arm_embedded_processors/5.4.1/bin/../lib/gcc/arm-none-eabi/5.4.1/../../../../arm-none-eabi/lib/armv7-m\libc.a(lib_a-memcmp.o)
                0x0800b650                memcmp
 .text.memset   0x0800b6b4       0x9c e:/rt-threadstudio/repo/extract/toolchain_support_packages/arm/gnu_tools_for_arm_embedded_processors/5.4.1/bin/../lib/gcc/arm-none-eabi/5.4.1/../../../../arm-none-eabi/lib/armv7-m\libc.a(lib_a-memset.o)
                0x0800b6b4                memset
 .text.strlen   0x0800b750       0x5c e:/rt-threadstudio/repo/extract/toolchain_support_packages/arm/gnu_tools_for_arm_embedded_processors/5.4.1/bin/../lib/gcc/arm-none-eabi/5.4.1/../../../../arm-none-eabi/lib/armv7-m\libc.a(lib_a-strlen-stub.o)
                0x0800b750                strlen
 .text.strncat  0x0800b7ac       0x5c e:/rt-threadstudio/repo/extract/toolchain_support_packages/arm/gnu_tools_for_arm_embedded_processors/5.4.1/bin/../lib/gcc/arm-none-eabi/5.4.1/../../../../arm-none-eabi/lib/armv7-m\libc.a(lib_a-strncat.o)
                0x0800b7ac                strncat
 .text.strncmp  0x0800b808       0x9c e:/rt-threadstudio/repo/extract/toolchain_support_packages/arm/gnu_tools_for_arm_embedded_processors/5.4.1/bin/../lib/gcc/arm-none-eabi/5.4.1/../../../../arm-none-eabi/lib/armv7-m\libc.a(lib_a-strncmp.o)
                0x0800b808                strncmp
 .text.strncpy  0x0800b8a4       0x68 e:/rt-threadstudio/repo/extract/toolchain_support_packages/arm/gnu_tools_for_arm_embedded_processors/5.4.1/bin/../lib/gcc/arm-none-eabi/5.4.1/../../../../arm-none-eabi/lib/armv7-m\libc.a(lib_a-strncpy.o)
                0x0800b8a4                strncpy
 .text._strtol_l.isra.0
                0x0800b90c      0x138 e:/rt-threadstudio/repo/extract/toolchain_support_packages/arm/gnu_tools_for_arm_embedded_processors/5.4.1/bin/../lib/gcc/arm-none-eabi/5.4.1/../../../../arm-none-eabi/lib/armv7-m\libc.a(lib_a-strtol.o)
 .text.strtol   0x0800ba44       0x2c e:/rt-threadstudio/repo/extract/toolchain_support_packages/arm/gnu_tools_for_arm_embedded_processors/5.4.1/bin/../lib/gcc/arm-none-eabi/5.4.1/../../../../arm-none-eabi/lib/armv7-m\libc.a(lib_a-strtol.o)
                0x0800ba44                strtol
 .text.__ascii_wctomb
                0x0800ba70       0x1c e:/rt-threadstudio/repo/extract/toolchain_support_packages/arm/gnu_tools_for_arm_embedded_processors/5.4.1/bin/../lib/gcc/arm-none-eabi/5.4.1/../../../../arm-none-eabi/lib/armv7-m\libc.a(lib_a-wctomb_r.o)
                0x0800ba70                __ascii_wctomb
 .text.startup.register_fini
                0x0800ba8c       0x14 e:/rt-threadstudio/repo/extract/toolchain_support_packages/arm/gnu_tools_for_arm_embedded_processors/5.4.1/bin/../lib/gcc/arm-none-eabi/5.4.1/../../../../arm-none-eabi/lib/armv7-m\libc.a(lib_a-__call_atexit.o)
 .text.atexit   0x0800baa0        0xc e:/rt-threadstudio/repo/extract/toolchain_support_packages/arm/gnu_tools_for_arm_embedded_processors/5.4.1/bin/../lib/gcc/arm-none-eabi/5.4.1/../../../../arm-none-eabi/lib/armv7-m\libc.a(lib_a-atexit.o)
                0x0800baa0                atexit
 .text.__libc_fini_array
                0x0800baac       0x28 e:/rt-threadstudio/repo/extract/toolchain_support_packages/arm/gnu_tools_for_arm_embedded_processors/5.4.1/bin/../lib/gcc/arm-none-eabi/5.4.1/../../../../arm-none-eabi/lib/armv7-m\libc.a(lib_a-fini.o)
                0x0800baac                __libc_fini_array
 .text.__register_exitproc
                0x0800bad4       0xa4 e:/rt-threadstudio/repo/extract/toolchain_support_packages/arm/gnu_tools_for_arm_embedded_processors/5.4.1/bin/../lib/gcc/arm-none-eabi/5.4.1/../../../../arm-none-eabi/lib/armv7-m\libc.a(lib_a-__atexit.o)
                0x0800bad4                __register_exitproc
 *(.rodata)
 .rodata        0x0800bb78       0x17 ./rt-thread/src/components.o
 *fill*         0x0800bb8f        0x1 00000000
 .rodata        0x0800bb90       0xf4 ./rt-thread/src/device.o
 .rodata        0x0800bc84        0x8 ./rt-thread/src/idle.o
 .rodata        0x0800bc8c      0x4de ./rt-thread/src/ipc.o
 *fill*         0x0800c16a        0x2 00000000
 .rodata        0x0800c16c      0x1cf ./rt-thread/src/kservice.o
 *fill*         0x0800c33b        0x1 00000000
 .rodata        0x0800c33c      0x41b ./rt-thread/src/mem.o
 *fill*         0x0800c757        0x1 00000000
 .rodata        0x0800c758       0x91 ./rt-thread/src/object.o
 *fill*         0x0800c7e9        0x3 00000000
 .rodata        0x0800c7ec       0x65 ./rt-thread/src/scheduler.o
 *fill*         0x0800c851        0x3 00000000
 .rodata        0x0800c854      0x19f ./rt-thread/src/thread.o
 *fill*         0x0800c9f3        0x1 00000000
 .rodata        0x0800c9f4      0x10e ./rt-thread/src/timer.o
 *fill*         0x0800cb02        0x2 00000000
 .rodata        0x0800cb04      0x2be ./rt-thread/libcpu/arm/cortex-m3/cpuport.o
 *fill*         0x0800cdc2        0x2 00000000
 .rodata        0x0800cdc4      0x7df ./rt-thread/components/finsh/cmd.o
 *fill*         0x0800d5a3        0x1 00000000
 .rodata        0x0800d5a4       0xb8 ./rt-thread/components/finsh/msh.o
 .rodata        0x0800d65c       0x91 ./rt-thread/components/finsh/shell.o
 *fill*         0x0800d6ed        0x3 00000000
 .rodata        0x0800d6f0       0xd7 ./rt-thread/components/drivers/serial/serial.o
 *fill*         0x0800d7c7        0x1 00000000
 .rodata        0x0800d7c8      0x2aa ./rt-thread/components/drivers/misc/pin.o
 *fill*         0x0800da72        0x2 00000000
 .rodata        0x0800da74       0xd7 ./rt-thread/components/drivers/ipc/completion.o
 *fill*         0x0800db4b        0x1 00000000
 .rodata        0x0800db4c       0x12 ./libraries/STM32F1xx_HAL_Driver/Src/stm32f1xx_hal_rcc.o
 *fill*         0x0800db5e        0x2 00000000
 .rodata        0x0800db60        0xa ./drivers/board.o
 *fill*         0x0800db6a        0x2 00000000
 .rodata        0x0800db6c        0x4 ./drivers/drv_gpio.o
 .rodata        0x0800db70      0x104 ./drivers/drv_usart.o
 .rodata        0x0800dc74       0x9e ./applications/main.o
 *(.rodata*)
 *fill*         0x0800dd12        0x2 00000000
 .rodata.__FUNCTION__.5504
                0x0800dd14       0x14 ./rt-thread/src/components.o
 .rodata.__FUNCTION__.5413
                0x0800dd28        0xf ./rt-thread/src/device.o
 *fill*         0x0800dd37        0x1 00000000
 .rodata.__FUNCTION__.5418
                0x0800dd38       0x10 ./rt-thread/src/device.o
 .rodata.__FUNCTION__.5425
                0x0800dd48        0xf ./rt-thread/src/device.o
 *fill*         0x0800dd57        0x1 00000000
 .rodata.__FUNCTION__.5432
                0x0800dd58       0x10 ./rt-thread/src/device.o
 .rodata.__FUNCTION__.5445
                0x0800dd68       0x1a ./rt-thread/src/device.o
 *fill*         0x0800dd82        0x2 00000000
 .rodata.__FUNCTION__.5497
                0x0800dd84        0xc ./rt-thread/src/ipc.o
 .rodata.__FUNCTION__.5521
                0x0800dd90        0xc ./rt-thread/src/ipc.o
 .rodata.__FUNCTION__.5478
                0x0800dd9c       0x12 ./rt-thread/src/ipc.o
 *fill*         0x0800ddae        0x2 00000000
 .rodata.__FUNCTION__.5533
                0x0800ddb0        0xf ./rt-thread/src/ipc.o
 *fill*         0x0800ddbf        0x1 00000000
 .rodata.__FUNCTION__.5547
                0x0800ddc0        0xe ./rt-thread/src/ipc.o
 *fill*         0x0800ddce        0x2 00000000
 .rodata.__FUNCTION__.5571
                0x0800ddd0        0xe ./rt-thread/src/ipc.o
 *fill*         0x0800ddde        0x2 00000000
 .rodata.__FUNCTION__.5583
                0x0800dde0       0x11 ./rt-thread/src/ipc.o
 *fill*         0x0800ddf1        0x3 00000000
 .rodata.large_digits.5584
                0x0800ddf4       0x11 ./rt-thread/src/kservice.o
 *fill*         0x0800de05        0x3 00000000
 .rodata.small_digits.5583
                0x0800de08       0x11 ./rt-thread/src/kservice.o
 *fill*         0x0800de19        0x3 00000000
 .rodata.__FUNCTION__.5734
                0x0800de1c       0x14 ./rt-thread/src/kservice.o
 .rodata.__FUNCTION__.5721
                0x0800de30        0xd ./rt-thread/src/kservice.o
 *fill*         0x0800de3d        0x3 00000000
 .rodata.__FUNCTION__.5471
                0x0800de40        0xb ./rt-thread/src/mem.o
 *fill*         0x0800de4b        0x1 00000000
 .rodata.__FUNCTION__.5496
                0x0800de4c        0xe ./rt-thread/src/mem.o
 *fill*         0x0800de5a        0x2 00000000
 .rodata.__FUNCTION__.5521
                0x0800de5c        0xd ./rt-thread/src/mem.o
 *fill*         0x0800de69        0x3 00000000
 .rodata.__FUNCTION__.5536
                0x0800de6c        0xf ./rt-thread/src/object.o
 *fill*         0x0800de7b        0x1 00000000
 .rodata.__FUNCTION__.5545
                0x0800de7c       0x11 ./rt-thread/src/object.o
 *fill*         0x0800de8d        0x3 00000000
 .rodata.__FUNCTION__.5554
                0x0800de90       0x13 ./rt-thread/src/object.o
 *fill*         0x0800dea3        0x1 00000000
 .rodata.__FUNCTION__.5559
                0x0800dea4       0x11 ./rt-thread/src/object.o
 *fill*         0x0800deb5        0x3 00000000
 .rodata.__FUNCTION__.5563
                0x0800deb8       0x1a ./rt-thread/src/object.o
 *fill*         0x0800ded2        0x2 00000000
 .rodata.__FUNCTION__.5567
                0x0800ded4       0x13 ./rt-thread/src/object.o
 *fill*         0x0800dee7        0x1 00000000
 .rodata.__FUNCTION__.5576
                0x0800dee8        0xf ./rt-thread/src/object.o
 *fill*         0x0800def7        0x1 00000000
 .rodata.__FUNCTION__.5478
                0x0800def8       0x17 ./rt-thread/src/scheduler.o
 *fill*         0x0800df0f        0x1 00000000
 .rodata.__FUNCTION__.5516
                0x0800df10       0x1a ./rt-thread/src/scheduler.o
 *fill*         0x0800df2a        0x2 00000000
 .rodata.__FUNCTION__.5522
                0x0800df2c       0x1a ./rt-thread/src/scheduler.o
 *fill*         0x0800df46        0x2 00000000
 .rodata.__FUNCTION__.5483
                0x0800df48       0x10 ./rt-thread/src/thread.o
 .rodata.__FUNCTION__.5495
                0x0800df58        0xd ./rt-thread/src/thread.o
 *fill*         0x0800df65        0x3 00000000
 .rodata.__FUNCTION__.5507
                0x0800df68        0xf ./rt-thread/src/thread.o
 *fill*         0x0800df77        0x1 00000000
 .rodata.__FUNCTION__.5516
                0x0800df78       0x12 ./rt-thread/src/thread.o
 *fill*         0x0800df8a        0x2 00000000
 .rodata.__FUNCTION__.5521
                0x0800df8c       0x11 ./rt-thread/src/thread.o
 *fill*         0x0800df9d        0x3 00000000
 .rodata.__FUNCTION__.5537
                0x0800dfa0       0x11 ./rt-thread/src/thread.o
 *fill*         0x0800dfb1        0x3 00000000
 .rodata.__FUNCTION__.5548
                0x0800dfb4       0x10 ./rt-thread/src/thread.o
 .rodata.__FUNCTION__.5571
                0x0800dfc4       0x12 ./rt-thread/src/thread.o
 *fill*         0x0800dfd6        0x2 00000000
 .rodata.__FUNCTION__.5583
                0x0800dfd8       0x12 ./rt-thread/src/thread.o
 *fill*         0x0800dfea        0x2 00000000
 .rodata.__FUNCTION__.5588
                0x0800dfec       0x11 ./rt-thread/src/thread.o
 *fill*         0x0800dffd        0x3 00000000
 .rodata.__FUNCTION__.5510
                0x0800e000        0xe ./rt-thread/src/timer.o
 *fill*         0x0800e00e        0x2 00000000
 .rodata.__FUNCTION__.5515
                0x0800e010       0x10 ./rt-thread/src/timer.o
 .rodata.__FUNCTION__.5541
                0x0800e020        0xf ./rt-thread/src/timer.o
 *fill*         0x0800e02f        0x1 00000000
 .rodata.__FUNCTION__.5558
                0x0800e030        0xe ./rt-thread/src/timer.o
 *fill*         0x0800e03e        0x2 00000000
 .rodata.__FUNCTION__.5565
                0x0800e040       0x11 ./rt-thread/src/timer.o
 *fill*         0x0800e051        0x3 00000000
 .rodata.name   0x0800e054      0x1b9 ./rt-thread/components/finsh/cmd.o
                0x0800e054                __fsym_clear_name
                0x0800e05c                __fsym_clear_desc
                0x0800e078                __fsym_version_name
                0x0800e080                __fsym_version_desc
                0x0800e0a4                __fsym_list_thread_name
                0x0800e0b0                __fsym_list_thread_desc
                0x0800e0bc                __fsym_list_sem_name
                0x0800e0c8                __fsym_list_sem_desc
                0x0800e0e4                __fsym_list_event_name
                0x0800e0f0                __fsym_list_event_desc
                0x0800e108                __fsym_list_mutex_name
                0x0800e114                __fsym_list_mutex_desc
                0x0800e12c                __fsym_list_mailbox_name
                0x0800e13c                __fsym_list_mailbox_desc
                0x0800e154                __fsym_list_msgqueue_name
                0x0800e164                __fsym_list_msgqueue_desc
                0x0800e184                __fsym_list_mempool_name
                0x0800e194                __fsym_list_mempool_desc
                0x0800e1b0                __fsym_list_timer_name
                0x0800e1bc                __fsym_list_timer_desc
                0x0800e1d4                __fsym_list_device_name
                0x0800e1e0                __fsym_list_device_desc
                0x0800e1f8                __fsym_list_name
                0x0800e200                __fsym_list_desc
 *fill*         0x0800e20d        0x3 00000000
 .rodata.device_type_str
                0x0800e210       0x78 ./rt-thread/components/finsh/cmd.o
 .rodata.name   0x0800e288       0x6d ./rt-thread/components/finsh/msh.o
                0x0800e288                __fsym_help_name
                0x0800e290                __fsym_help_desc
                0x0800e2a8                __fsym_ps_name
                0x0800e2ac                __fsym_ps_desc
                0x0800e2c8                __fsym_free_name
                0x0800e2d0                __fsym_free_desc
 *fill*         0x0800e2f5        0x3 00000000
 .rodata.__FUNCTION__.5506
                0x0800e2f8        0xe ./rt-thread/components/finsh/msh.o
 *fill*         0x0800e306        0x2 00000000
 .rodata.__FUNCTION__.6079
                0x0800e308       0x16 ./rt-thread/components/finsh/shell.o
 *fill*         0x0800e31e        0x2 00000000
 .rodata.__FUNCTION__.6085
                0x0800e320        0xe ./rt-thread/components/finsh/shell.o
 *fill*         0x0800e32e        0x2 00000000
 .rodata.__FUNCTION__.6093
                0x0800e330        0xd ./rt-thread/components/finsh/shell.o
 *fill*         0x0800e33d        0x3 00000000
 .rodata.__FUNCTION__.6098
                0x0800e340       0x11 ./rt-thread/components/finsh/shell.o
 *fill*         0x0800e351        0x3 00000000
 .rodata.__FUNCTION__.5910
                0x0800e354        0xf ./rt-thread/components/drivers/serial/serial.o
 *fill*         0x0800e363        0x1 00000000
 .rodata.__FUNCTION__.5917
                0x0800e364        0xf ./rt-thread/components/drivers/serial/serial.o
 *fill*         0x0800e373        0x1 00000000
 .rodata.__FUNCTION__.5924
                0x0800e374       0x10 ./rt-thread/components/drivers/serial/serial.o
 .rodata.__FUNCTION__.5934
                0x0800e384        0xf ./rt-thread/components/drivers/serial/serial.o
 *fill*         0x0800e393        0x1 00000000
 .rodata.__FUNCTION__.5884
                0x0800e394        0xf ./rt-thread/components/drivers/serial/serial.o
 *fill*         0x0800e3a3        0x1 00000000
 .rodata.__FUNCTION__.5863
                0x0800e3a4       0x10 ./rt-thread/components/drivers/serial/serial.o
 .rodata.__FUNCTION__.5942
                0x0800e3b4       0x10 ./rt-thread/components/drivers/serial/serial.o
 .rodata.__FUNCTION__.5897
                0x0800e3c4        0xf ./rt-thread/components/drivers/serial/serial.o
 *fill*         0x0800e3d3        0x1 00000000
 .rodata.__FUNCTION__.5873
                0x0800e3d4       0x10 ./rt-thread/components/drivers/serial/serial.o
 .rodata.__FUNCTION__.5950
                0x0800e3e4       0x12 ./rt-thread/components/drivers/serial/serial.o
 *fill*         0x0800e3f6        0x2 00000000
 .rodata.__FUNCTION__.5965
                0x0800e3f8       0x16 ./rt-thread/components/drivers/serial/serial.o
 *fill*         0x0800e40e        0x2 00000000
 .rodata.__FUNCTION__.5974
                0x0800e410       0x11 ./rt-thread/components/drivers/serial/serial.o
 *fill*         0x0800e421        0x3 00000000
 .rodata.name   0x0800e424       0x11 ./rt-thread/components/drivers/misc/pin.o
                0x0800e424                __fsym_pin_name
                0x0800e428                __fsym_pin_desc
 *fill*         0x0800e435        0x3 00000000
 .rodata.__FUNCTION__.5458
                0x0800e438        0xa ./rt-thread/components/drivers/misc/pin.o
 *fill*         0x0800e442        0x2 00000000
 .rodata.__FUNCTION__.5467
                0x0800e444        0xb ./rt-thread/components/drivers/misc/pin.o
 *fill*         0x0800e44f        0x1 00000000
 .rodata.__FUNCTION__.5475
                0x0800e450        0xd ./rt-thread/components/drivers/misc/pin.o
 *fill*         0x0800e45d        0x3 00000000
 .rodata.__FUNCTION__.5502
                0x0800e460        0xc ./rt-thread/components/drivers/misc/pin.o
 .rodata.__FUNCTION__.5507
                0x0800e46c        0xd ./rt-thread/components/drivers/misc/pin.o
 *fill*         0x0800e479        0x3 00000000
 .rodata.__FUNCTION__.5511
                0x0800e47c        0xc ./rt-thread/components/drivers/misc/pin.o
 .rodata.__FUNCTION__.5515
                0x0800e488        0xb ./rt-thread/components/drivers/misc/pin.o
 *fill*         0x0800e493        0x1 00000000
 .rodata.__FUNCTION__.5860
                0x0800e494       0x13 ./rt-thread/components/drivers/ipc/completion.o
 *fill*         0x0800e4a7        0x1 00000000
 .rodata.__FUNCTION__.5868
                0x0800e4a8       0x13 ./rt-thread/components/drivers/ipc/completion.o
 *fill*         0x0800e4bb        0x1 00000000
 .rodata.__FUNCTION__.5877
                0x0800e4bc       0x13 ./rt-thread/components/drivers/ipc/completion.o
 *fill*         0x0800e4cf        0x1 00000000
 .rodata.AHBPrescTable
                0x0800e4d0       0x10 ./libraries/CMSIS/Device/ST/STM32F1xx/Source/Templates/system_stm32f1xx.o
                0x0800e4d0                AHBPrescTable
 .rodata.APBPrescTable
                0x0800e4e0        0x8 ./libraries/CMSIS/Device/ST/STM32F1xx/Source/Templates/system_stm32f1xx.o
                0x0800e4e0                APBPrescTable
 .rodata.pins   0x0800e4e8      0x540 ./drivers/drv_gpio.o
 .rodata.pin_irq_map
                0x0800ea28       0x40 ./drivers/drv_gpio.o
 .rodata._stm32_pin_ops
                0x0800ea68       0x1c ./drivers/drv_gpio.o
 .rodata.stm32_uart_ops
                0x0800ea84       0x14 ./drivers/drv_usart.o
 .rodata.__FUNCTION__.8136
                0x0800ea98       0x16 ./drivers/drv_usart.o
 *fill*         0x0800eaae        0x2 00000000
 .rodata.uart_remaps.8185
                0x0800eab0       0x38 ./drivers/drv_usart.o
 .rodata.__FUNCTION__.8189
                0x0800eae8       0x15 ./drivers/drv_usart.o
 *fill*         0x0800eafd        0x3 00000000
 .rodata.__FUNCTION__.8207
                0x0800eb00       0x10 ./drivers/drv_usart.o
 .rodata.__FUNCTION__.8227
                0x0800eb10        0xe ./drivers/drv_usart.o
 *fill*         0x0800eb1e        0x2 00000000
 .rodata.__FUNCTION__.8236
                0x0800eb20        0xb ./drivers/drv_usart.o
 *fill*         0x0800eb2b        0x1 00000000
 .rodata.__FUNCTION__.8245
                0x0800eb2c        0xb ./drivers/drv_usart.o
 *fill*         0x0800eb37        0x1 00000000
 .rodata.__FUNCTION__.8253
                0x0800eb38       0x13 ./drivers/drv_usart.o
 *fill*         0x0800eb4b        0x1 00000000
 .rodata.__FUNCTION__.8259
                0x0800eb4c        0x9 ./drivers/drv_usart.o
 *fill*         0x0800eb55        0x3 00000000
 .rodata.__FUNCTION__.8277
                0x0800eb58       0x11 ./drivers/drv_usart.o
 *fill*         0x0800eb69        0x3 00000000
 .rodata._global_impure_ptr
                0x0800eb6c        0x4 e:/rt-threadstudio/repo/extract/toolchain_support_packages/arm/gnu_tools_for_arm_embedded_processors/5.4.1/bin/../lib/gcc/arm-none-eabi/5.4.1/../../../../arm-none-eabi/lib/armv7-m\libc.a(lib_a-impure.o)
                0x0800eb6c                _global_impure_ptr
 .rodata.str1.4
                0x0800eb70       0x14 e:/rt-threadstudio/repo/extract/toolchain_support_packages/arm/gnu_tools_for_arm_embedded_processors/5.4.1/bin/../lib/gcc/arm-none-eabi/5.4.1/../../../../arm-none-eabi/lib/armv7-m\libc.a(lib_a-locale.o)
                                 0x12 (size before relaxing)
 .rodata._ctype_
                0x0800eb84      0x101 e:/rt-threadstudio/repo/extract/toolchain_support_packages/arm/gnu_tools_for_arm_embedded_processors/5.4.1/bin/../lib/gcc/arm-none-eabi/5.4.1/../../../../arm-none-eabi/lib/armv7-m\libc.a(lib_a-ctype_.o)
                0x0800eb84                _ctype_
 *(.glue_7)
 .glue_7        0x0800ec85        0x0 linker stubs
 *(.glue_7t)
 .glue_7t       0x0800ec85        0x0 linker stubs
 *(.gnu.linkonce.t*)
                0x0800ec88                . = ALIGN (0x4)
 *fill*         0x0800ec85        0x3 00000000
                0x0800ec88                __fsymtab_start = .
 *(FSymTab)
 FSymTab        0x0800ec88       0x90 ./rt-thread/components/finsh/cmd.o
                0x0800ec88                __fsym_clear
                0x0800ec94                __fsym_version
                0x0800eca0                __fsym_list_thread
                0x0800ecac                __fsym_list_sem
                0x0800ecb8                __fsym_list_event
                0x0800ecc4                __fsym_list_mutex
                0x0800ecd0                __fsym_list_mailbox
                0x0800ecdc                __fsym_list_msgqueue
                0x0800ece8                __fsym_list_mempool
                0x0800ecf4                __fsym_list_timer
                0x0800ed00                __fsym_list_device
                0x0800ed0c                __fsym_list
 FSymTab        0x0800ed18       0x24 ./rt-thread/components/finsh/msh.o
                0x0800ed18                __fsym_help
                0x0800ed24                __fsym_ps
                0x0800ed30                __fsym_free
 FSymTab        0x0800ed3c        0xc ./rt-thread/components/drivers/misc/pin.o
                0x0800ed3c                __fsym_pin
                0x0800ed48                __fsymtab_end = .
                0x0800ed48                . = ALIGN (0x4)
                0x0800ed48                __vsymtab_start = .
 *(VSymTab)
                0x0800ed48                __vsymtab_end = .
                0x0800ed48                . = ALIGN (0x4)
                0x0800ed48                __rt_utest_tc_tab_start = .
 *(UtestTcTab)
                0x0800ed48                __rt_utest_tc_tab_end = .
                0x0800ed48                . = ALIGN (0x4)
                0x0800ed48                __rtatcmdtab_start = .
 *(RtAtCmdTab)
                0x0800ed48                __rtatcmdtab_end = .
                0x0800ed48                . = ALIGN (0x4)
                0x0800ed48                . = ALIGN (0x4)
                0x0800ed48                __rt_init_start = .
 *(SORT(.rti_fn*))
 .rti_fn.0      0x0800ed48        0x4 ./rt-thread/src/components.o
                0x0800ed48                __rt_init_rti_start
 .rti_fn.0.end  0x0800ed4c        0x4 ./rt-thread/src/components.o
                0x0800ed4c                __rt_init_rti_board_start
 .rti_fn.1      0x0800ed50        0x4 ./drivers/drv_clk.o
                0x0800ed50                __rt_init_clock_information
 .rti_fn.1.end  0x0800ed54        0x4 ./rt-thread/src/components.o
                0x0800ed54                __rt_init_rti_board_end
 .rti_fn.6      0x0800ed58        0x4 ./rt-thread/components/finsh/shell.o
                0x0800ed58                __rt_init_finsh_system_init
 .rti_fn.6.end  0x0800ed5c        0x4 ./rt-thread/src/components.o
                0x0800ed5c                __rt_init_rti_end
                0x0800ed60                __rt_init_end = .
                0x0800ed60                . = ALIGN (0x4)
                [!provide]                PROVIDE (__ctors_start__, .)
 *(SORT(.init_array.*))
 .init_array.00000
                0x0800ed60        0x4 e:/rt-threadstudio/repo/extract/toolchain_support_packages/arm/gnu_tools_for_arm_embedded_processors/5.4.1/bin/../lib/gcc/arm-none-eabi/5.4.1/../../../../arm-none-eabi/lib/armv7-m\libc.a(lib_a-__call_atexit.o)
 *(.init_array)
 .init_array    0x0800ed64        0x4 e:/rt-threadstudio/repo/extract/toolchain_support_packages/arm/gnu_tools_for_arm_embedded_processors/5.4.1/bin/../lib/gcc/arm-none-eabi/5.4.1/armv7-m/crtbegin.o
                [!provide]                PROVIDE (__ctors_end__, .)
                0x0800ed68                . = ALIGN (0x4)
                0x0800ed68                _etext = .
                0x0800ed68                __exidx_start = .

.vfp11_veneer   0x0800ed68        0x0
 .vfp11_veneer  0x0800ed68        0x0 linker stubs

.v4_bx          0x0800ed68        0x0
 .v4_bx         0x0800ed68        0x0 linker stubs

.init           0x0800ed68        0x4
 .init          0x0800ed68        0x4 e:/rt-threadstudio/repo/extract/toolchain_support_packages/arm/gnu_tools_for_arm_embedded_processors/5.4.1/bin/../lib/gcc/arm-none-eabi/5.4.1/armv7-m/crti.o
                0x0800ed68                _init

.fini           0x0800ed6c        0x4
 .fini          0x0800ed6c        0x4 e:/rt-threadstudio/repo/extract/toolchain_support_packages/arm/gnu_tools_for_arm_embedded_processors/5.4.1/bin/../lib/gcc/arm-none-eabi/5.4.1/armv7-m/crti.o
                0x0800ed6c                _fini

.iplt           0x0800ed70        0x0
 .iplt          0x0800ed70        0x0 e:/rt-threadstudio/repo/extract/toolchain_support_packages/arm/gnu_tools_for_arm_embedded_processors/5.4.1/bin/../lib/gcc/arm-none-eabi/5.4.1/armv7-m/crtbegin.o

.eh_frame       0x0800ed70        0x0
 .eh_frame      0x0800ed70        0x0 e:/rt-threadstudio/repo/extract/toolchain_support_packages/arm/gnu_tools_for_arm_embedded_processors/5.4.1/bin/../lib/gcc/arm-none-eabi/5.4.1/armv7-m/crtbegin.o

.rel.dyn        0x0800ed70        0x0
 .rel.iplt      0x0800ed70        0x0 e:/rt-threadstudio/repo/extract/toolchain_support_packages/arm/gnu_tools_for_arm_embedded_processors/5.4.1/bin/../lib/gcc/arm-none-eabi/5.4.1/armv7-m/crtbegin.o

.ARM.exidx      0x0800ed70        0x0
 *(.ARM.exidx* .gnu.linkonce.armexidx.*)
                0x0800ed70                _sidata = .
                0x0800ed70                __exidx_end = .

.data           0x20000000      0x758 load address 0x0800ed70
                0x20000000                . = ALIGN (0x4)
                0x20000000                _sdata = .
 *(.data)
 *(.data.*)
 .data._rt_thread_defunct
                0x20000000        0x8 ./rt-thread/src/idle.o
 .data.rt_errno_strs
                0x20000008       0x30 ./rt-thread/src/kservice.o
 .data._object_container
                0x20000038       0xa0 ./rt-thread/src/object.o
 .data._soft_timer_status
                0x200000d8        0x1 ./rt-thread/src/timer.o
 *fill*         0x200000d9        0x3 
 .data.uwTickPrio
                0x200000dc        0x4 ./libraries/STM32F1xx_HAL_Driver/Src/stm32f1xx_hal.o
                0x200000dc                uwTickPrio
 .data.uwTickFreq
                0x200000e0        0x1 ./libraries/STM32F1xx_HAL_Driver/Src/stm32f1xx_hal.o
                0x200000e0                uwTickFreq
 *fill*         0x200000e1        0x3 
 .data.SystemCoreClock
                0x200000e4        0x4 ./libraries/CMSIS/Device/ST/STM32F1xx/Source/Templates/system_stm32f1xx.o
                0x200000e4                SystemCoreClock
 .data.pin_irq_hdr_tab
                0x200000e8       0xc0 ./drivers/drv_gpio.o
 .data.uart_config
                0x200001a8       0x14 ./drivers/drv_usart.o
 *fill*         0x200001bc        0x4 
 .data.impure_data
                0x200001c0      0x428 e:/rt-threadstudio/repo/extract/toolchain_support_packages/arm/gnu_tools_for_arm_embedded_processors/5.4.1/bin/../lib/gcc/arm-none-eabi/5.4.1/../../../../arm-none-eabi/lib/armv7-m\libc.a(lib_a-impure.o)
 .data._impure_ptr
                0x200005e8        0x4 e:/rt-threadstudio/repo/extract/toolchain_support_packages/arm/gnu_tools_for_arm_embedded_processors/5.4.1/bin/../lib/gcc/arm-none-eabi/5.4.1/../../../../arm-none-eabi/lib/armv7-m\libc.a(lib_a-impure.o)
                0x200005e8                _impure_ptr
 .data.__global_locale
                0x200005ec      0x16c e:/rt-threadstudio/repo/extract/toolchain_support_packages/arm/gnu_tools_for_arm_embedded_processors/5.4.1/bin/../lib/gcc/arm-none-eabi/5.4.1/../../../../arm-none-eabi/lib/armv7-m\libc.a(lib_a-locale.o)
                0x200005ec                __global_locale
 *(.gnu.linkonce.d*)
                [!provide]                PROVIDE (__dtors_start__, .)
 *(SORT(.dtors.*))
 *(.dtors)
                [!provide]                PROVIDE (__dtors_end__, .)
                0x20000758                . = ALIGN (0x4)
                0x20000758                _edata = .

.jcr            0x20000758        0x0 load address 0x0800f4c8
 .jcr           0x20000758        0x0 e:/rt-threadstudio/repo/extract/toolchain_support_packages/arm/gnu_tools_for_arm_embedded_processors/5.4.1/bin/../lib/gcc/arm-none-eabi/5.4.1/armv7-m/crtbegin.o

.igot.plt       0x20000758        0x0 load address 0x0800f4c8
 .igot.plt      0x20000758        0x0 e:/rt-threadstudio/repo/extract/toolchain_support_packages/arm/gnu_tools_for_arm_embedded_processors/5.4.1/bin/../lib/gcc/arm-none-eabi/5.4.1/armv7-m/crtbegin.o

.stack          0x20000758      0x400 load address 0x0800f4c8
                0x20000758                . = ALIGN (0x4)
                0x20000758                _sstack = .
                0x20000b58                . = (. + _system_stack_size)
 *fill*         0x20000758      0x400 
                0x20000b58                . = ALIGN (0x4)
                0x20000b58                _estack = .
                0x20000b58                __bss_start = .

.bss            0x20000b58      0xaa8 load address 0x0800f8c8
                0x20000b58                . = ALIGN (0x4)
                0x20000b58                _sbss = .
 *(.bss)
 .bss           0x20000b58       0x1c e:/rt-threadstudio/repo/extract/toolchain_support_packages/arm/gnu_tools_for_arm_embedded_processors/5.4.1/bin/../lib/gcc/arm-none-eabi/5.4.1/armv7-m/crtbegin.o
 *(.bss.*)
 .bss.rt_tick   0x20000b74        0x4 ./rt-thread/src/clock.o
 .bss.rt_tick_hook
                0x20000b78        0x4 ./rt-thread/src/clock.o
 .bss.idle      0x20000b7c       0x80 ./rt-thread/src/idle.o
 .bss.rt_thread_stack
                0x20000bfc      0x100 ./rt-thread/src/idle.o
 .bss.idle_hook_list
                0x20000cfc       0x10 ./rt-thread/src/idle.o
 .bss.rt_interrupt_enter_hook
                0x20000d0c        0x4 ./rt-thread/src/irq.o
 .bss.rt_interrupt_leave_hook
                0x20000d10        0x4 ./rt-thread/src/irq.o
 .bss.rt_interrupt_nest
                0x20000d14        0x1 ./rt-thread/src/irq.o
                0x20000d14                rt_interrupt_nest
 *fill*         0x20000d15        0x3 
 .bss.__rt_errno
                0x20000d18        0x4 ./rt-thread/src/kservice.o
 .bss._console_device
                0x20000d1c        0x4 ./rt-thread/src/kservice.o
 .bss.rt_malloc_hook
                0x20000d20        0x4 ./rt-thread/src/kservice.o
 .bss.rt_free_hook
                0x20000d24        0x4 ./rt-thread/src/kservice.o
 .bss._lock     0x20000d28       0x24 ./rt-thread/src/kservice.o
 .bss.system_heap
                0x20000d4c        0x4 ./rt-thread/src/kservice.o
 .bss.rt_log_buf.5696
                0x20000d50      0x100 ./rt-thread/src/kservice.o
 .bss.rt_object_attach_hook
                0x20000e50        0x4 ./rt-thread/src/object.o
 .bss.rt_object_detach_hook
                0x20000e54        0x4 ./rt-thread/src/object.o
 .bss.rt_scheduler_lock_nest
                0x20000e58        0x2 ./rt-thread/src/scheduler.o
 *fill*         0x20000e5a        0x2 
 .bss.rt_current_thread
                0x20000e5c        0x4 ./rt-thread/src/scheduler.o
                0x20000e5c                rt_current_thread
 .bss.rt_scheduler_hook
                0x20000e60        0x4 ./rt-thread/src/scheduler.o
 .bss.rt_scheduler_switch_hook
                0x20000e64        0x4 ./rt-thread/src/scheduler.o
 .bss.rt_thread_suspend_hook
                0x20000e68        0x4 ./rt-thread/src/thread.o
 .bss.rt_thread_resume_hook
                0x20000e6c        0x4 ./rt-thread/src/thread.o
 .bss.rt_thread_inited_hook
                0x20000e70        0x4 ./rt-thread/src/thread.o
 .bss._timer_list
                0x20000e74        0x8 ./rt-thread/src/timer.o
 .bss._soft_timer_list
                0x20000e7c        0x8 ./rt-thread/src/timer.o
 .bss._timer_thread
                0x20000e84       0x80 ./rt-thread/src/timer.o
 .bss._timer_thread_stack
                0x20000f04      0x200 ./rt-thread/src/timer.o
 .bss.rt_timer_enter_hook
                0x20001104        0x4 ./rt-thread/src/timer.o
 .bss.rt_timer_exit_hook
                0x20001108        0x4 ./rt-thread/src/timer.o
 .bss.random_nr.5540
                0x2000110c        0x4 ./rt-thread/src/timer.o
 .bss.rt_exception_hook
                0x20001110        0x4 ./rt-thread/libcpu/arm/cortex-m3/cpuport.o
 .bss._syscall_table_begin
                0x20001114        0x4 ./rt-thread/components/finsh/shell.o
                0x20001114                _syscall_table_begin
 .bss._syscall_table_end
                0x20001118        0x4 ./rt-thread/components/finsh/shell.o
                0x20001118                _syscall_table_end
 .bss.finsh_prompt_custom
                0x2000111c        0x4 ./rt-thread/components/finsh/shell.o
 .bss.finsh_prompt.6071
                0x20001120      0x101 ./rt-thread/components/finsh/shell.o
 *fill*         0x20001221        0x3 
 .bss.already_output.5904
                0x20001224        0x4 ./rt-thread/components/drivers/serial/serial.o
 .bss._hw_pin   0x20001228       0x44 ./rt-thread/components/drivers/misc/pin.o
 .bss.pin_irq_enable_mask
                0x2000126c        0x4 ./drivers/drv_gpio.o
 .bss.uart_obj  0x20001270       0x9c ./drivers/drv_usart.o
 .bss.Init_Flag.7389
                0x2000130c        0x4 ./applications/main.o
 .bss.tid.7388  0x20001310        0x4 ./applications/main.o
 *(COMMON)
 COMMON         0x20001314        0x4 ./rt-thread/src/kservice.o
                0x20001314                rt_assert_hook
 COMMON         0x20001318        0xc ./rt-thread/src/object.o
                0x20001318                rt_object_put_hook
                0x2000131c                rt_object_take_hook
                0x20001320                rt_object_trytake_hook
 COMMON         0x20001324      0x108 ./rt-thread/src/scheduler.o
                0x20001324                rt_thread_priority_table
                0x20001424                rt_current_priority
                0x20001428                rt_thread_ready_priority_group
 COMMON         0x2000142c        0xc ./rt-thread/libcpu/arm/cortex-m3/cpuport.o
                0x2000142c                rt_interrupt_to_thread
                0x20001430                rt_interrupt_from_thread
                0x20001434                rt_thread_switch_interrupt_flag
 COMMON         0x20001438        0x4 ./rt-thread/components/finsh/shell.o
                0x20001438                shell
 COMMON         0x2000143c        0x4 ./libraries/STM32F1xx_HAL_Driver/Src/stm32f1xx_hal.o
                0x2000143c                uwTick
 COMMON         0x20001440      0x180 ./cubemx/Src/tim.o
                0x20001440                htim8
                0x20001480                htim4
                0x200014c0                htim5
                0x20001500                htim3
                0x20001540                htim1
                0x20001580                htim2
 COMMON         0x200015c0       0x40 ./cubemx/Src/usart.o
                0x200015c0                huart1
                0x20001600                . = ALIGN (0x4)
                0x20001600                _ebss = .
 *(.bss.init)
                0x20001600                __bss_end = .
                0x20001600                _end = .

.stab
 *(.stab)

.stabstr
 *(.stabstr)

.stab.excl
 *(.stab.excl)

.stab.exclstr
 *(.stab.exclstr)

.stab.index
 *(.stab.index)

.stab.indexstr
 *(.stab.indexstr)

.comment        0x00000000       0x6e
 *(.comment)
 .comment       0x00000000       0x6e ./rt-thread/src/clock.o
                                 0x6f (size before relaxing)
 .comment       0x0000006e       0x6f ./rt-thread/src/components.o
 .comment       0x0000006e       0x6f ./rt-thread/src/device.o
 .comment       0x0000006e       0x6f ./rt-thread/src/idle.o
 .comment       0x0000006e       0x6f ./rt-thread/src/ipc.o
 .comment       0x0000006e       0x6f ./rt-thread/src/irq.o
 .comment       0x0000006e       0x6f ./rt-thread/src/kservice.o
 .comment       0x0000006e       0x6f ./rt-thread/src/mem.o
 .comment       0x0000006e       0x6f ./rt-thread/src/object.o
 .comment       0x0000006e       0x6f ./rt-thread/src/scheduler.o
 .comment       0x0000006e       0x6f ./rt-thread/src/thread.o
 .comment       0x0000006e       0x6f ./rt-thread/src/timer.o
 .comment       0x0000006e       0x6f ./rt-thread/libcpu/arm/cortex-m3/cpuport.o
 .comment       0x0000006e       0x6f ./rt-thread/components/libc/compilers/newlib/syscalls.o
 .comment       0x0000006e       0x6f ./rt-thread/components/finsh/cmd.o
 .comment       0x0000006e       0x6f ./rt-thread/components/finsh/msh.o
 .comment       0x0000006e       0x6f ./rt-thread/components/finsh/msh_parse.o
 .comment       0x0000006e       0x6f ./rt-thread/components/finsh/shell.o
 .comment       0x0000006e       0x6f ./rt-thread/components/drivers/serial/serial.o
 .comment       0x0000006e       0x6f ./rt-thread/components/drivers/misc/pin.o
 .comment       0x0000006e       0x6f ./rt-thread/components/drivers/ipc/completion.o
 .comment       0x0000006e       0x6f ./libraries/STM32F1xx_HAL_Driver/Src/stm32f1xx_hal.o
 .comment       0x0000006e       0x6f ./libraries/STM32F1xx_HAL_Driver/Src/stm32f1xx_hal_cortex.o