Archive member included to satisfy reference by file (symbol)

e:/rt-threadstudio/repo/extract/toolchain_support_packages/arm/gnu_tools_for_arm_embedded_processors/5.4.1/bin/../lib/gcc/arm-none-eabi/5.4.1/../../../../arm-none-eabi/lib/armv7-m\libc.a(lib_a-atoi.o)
                              ./rt-thread/components/drivers/misc/pin.o (atoi)
e:/rt-threadstudio/repo/extract/toolchain_support_packages/arm/gnu_tools_for_arm_embedded_processors/5.4.1/bin/../lib/gcc/arm-none-eabi/5.4.1/../../../../arm-none-eabi/lib/armv7-m\libc.a(lib_a-exit.o)
                              e:/rt-threadstudio/repo/extract/toolchain_support_packages/arm/gnu_tools_for_arm_embedded_processors/5.4.1/bin/../lib/gcc/arm-none-eabi/5.4.1/../../../../arm-none-eabi/lib/armv7-m/crt0.o (exit)
e:/rt-threadstudio/repo/extract/toolchain_support_packages/arm/gnu_tools_for_arm_embedded_processors/5.4.1/bin/../lib/gcc/arm-none-eabi/5.4.1/../../../../arm-none-eabi/lib/armv7-m\libc.a(lib_a-impure.o)
                              e:/rt-threadstudio/repo/extract/toolchain_support_packages/arm/gnu_tools_for_arm_embedded_processors/5.4.1/bin/../lib/gcc/arm-none-eabi/5.4.1/../../../../arm-none-eabi/lib/armv7-m\libc.a(lib_a-exit.o) (_global_impure_ptr)
e:/rt-threadstudio/repo/extract/toolchain_support_packages/arm/gnu_tools_for_arm_embedded_processors/5.4.1/bin/../lib/gcc/arm-none-eabi/5.4.1/../../../../arm-none-eabi/lib/armv7-m\libc.a(lib_a-locale.o)
                              ./rt-thread/components/libc/compilers/common/cstring.o (__locale_ctype_ptr)
e:/rt-threadstudio/repo/extract/toolchain_support_packages/arm/gnu_tools_for_arm_embedded_processors/5.4.1/bin/../lib/gcc/arm-none-eabi/5.4.1/../../../../arm-none-eabi/lib/armv7-m\libc.a(lib_a-malloc.o)
                              ./rt-thread/components/libc/compilers/common/cstring.o (malloc)
e:/rt-threadstudio/repo/extract/toolchain_support_packages/arm/gnu_tools_for_arm_embedded_processors/5.4.1/bin/../lib/gcc/arm-none-eabi/5.4.1/../../../../arm-none-eabi/lib/armv7-m\libc.a(lib_a-mbtowc_r.o)
                              e:/rt-threadstudio/repo/extract/toolchain_support_packages/arm/gnu_tools_for_arm_embedded_processors/5.4.1/bin/../lib/gcc/arm-none-eabi/5.4.1/../../../../arm-none-eabi/lib/armv7-m\libc.a(lib_a-locale.o) (__ascii_mbtowc)
e:/rt-threadstudio/repo/extract/toolchain_support_packages/arm/gnu_tools_for_arm_embedded_processors/5.4.1/bin/../lib/gcc/arm-none-eabi/5.4.1/../../../../arm-none-eabi/lib/armv7-m\libc.a(lib_a-memcmp.o)
                              ./rt-thread/components/finsh/shell.o (memcmp)
e:/rt-threadstudio/repo/extract/toolchain_support_packages/arm/gnu_tools_for_arm_embedded_processors/5.4.1/bin/../lib/gcc/arm-none-eabi/5.4.1/../../../../arm-none-eabi/lib/armv7-m\libc.a(lib_a-memset.o)
                              e:/rt-threadstudio/repo/extract/toolchain_support_packages/arm/gnu_tools_for_arm_embedded_processors/5.4.1/bin/../lib/gcc/arm-none-eabi/5.4.1/../../../../arm-none-eabi/lib/armv7-m/crt0.o (memset)
e:/rt-threadstudio/repo/extract/toolchain_support_packages/arm/gnu_tools_for_arm_embedded_processors/5.4.1/bin/../lib/gcc/arm-none-eabi/5.4.1/../../../../arm-none-eabi/lib/armv7-m\libc.a(lib_a-strchr.o)
                              ./rt-thread/components/libc/compilers/common/cstring.o (strchr)
e:/rt-threadstudio/repo/extract/toolchain_support_packages/arm/gnu_tools_for_arm_embedded_processors/5.4.1/bin/../lib/gcc/arm-none-eabi/5.4.1/../../../../arm-none-eabi/lib/armv7-m\libc.a(lib_a-strcmp.o)
                              ./rt-thread/components/finsh/cmd.o (strcmp)
e:/rt-threadstudio/repo/extract/toolchain_support_packages/arm/gnu_tools_for_arm_embedded_processors/5.4.1/bin/../lib/gcc/arm-none-eabi/5.4.1/../../../../arm-none-eabi/lib/armv7-m\libc.a(lib_a-strcpy.o)
                              ./rt-thread/components/libc/compilers/common/cstring.o (strcpy)
e:/rt-threadstudio/repo/extract/toolchain_support_packages/arm/gnu_tools_for_arm_embedded_processors/5.4.1/bin/../lib/gcc/arm-none-eabi/5.4.1/../../../../arm-none-eabi/lib/armv7-m\libc.a(lib_a-strlen-stub.o)
                              ./rt-thread/src/kservice.o (strlen)
e:/rt-threadstudio/repo/extract/toolchain_support_packages/arm/gnu_tools_for_arm_embedded_processors/5.4.1/bin/../lib/gcc/arm-none-eabi/5.4.1/../../../../arm-none-eabi/lib/armv7-m\libc.a(lib_a-strncat.o)
                              ./rt-thread/components/drivers/misc/pin.o (strncat)
e:/rt-threadstudio/repo/extract/toolchain_support_packages/arm/gnu_tools_for_arm_embedded_processors/5.4.1/bin/../lib/gcc/arm-none-eabi/5.4.1/../../../../arm-none-eabi/lib/armv7-m\libc.a(lib_a-strncmp.o)
                              ./rt-thread/src/object.o (strncmp)
e:/rt-threadstudio/repo/extract/toolchain_support_packages/arm/gnu_tools_for_arm_embedded_processors/5.4.1/bin/../lib/gcc/arm-none-eabi/5.4.1/../../../../arm-none-eabi/lib/armv7-m\libc.a(lib_a-strncpy.o)
                              ./rt-thread/src/object.o (strncpy)
[...]
Memory Configuration

Name             Origin             Length             Attributes
ROM              0x08000000         0x00080000         xr
RAM              0x20000000         0x00010000         rw
*default*        0x00000000         0xffffffff

Linker script and memory map

LOAD e:/rt-threadstudio/repo/extract/toolchain_support_packages/arm/gnu_tools_for_arm_embedded_processors/5.4.1/bin/../lib/gcc/arm-none-eabi/5.4.1/armv7-m/crti.o
LOAD e:/rt-threadstudio/repo/extract/toolchain_support_packages/arm/gnu_tools_for_arm_embedded_processors/5.4.1/bin/../lib/gcc/arm-none-eabi/5.4.1/armv7-m/crtbegin.o
LOAD e:/rt-threadstudio/repo/extract/toolchain_support_packages/arm/gnu_tools_for_arm_embedded_processors/5.4.1/bin/../lib/gcc/arm-none-eabi/5.4.1/../../../../arm-none-eabi/lib/armv7-m/crt0.o
LOAD ./rt-thread/src/clock.o
LOAD ./rt-thread/src/components.o
LOAD ./rt-thread/src/device.o
LOAD ./rt-thread/src/idle.o
LOAD ./rt-thread/src/ipc.o
LOAD ./rt-thread/src/irq.o
LOAD ./rt-thread/src/kservice.o
LOAD ./rt-thread/src/mem.o
LOAD ./rt-thread/src/mempool.o
LOAD ./rt-thread/src/object.o
LOAD ./rt-thread/src/scheduler.o
LOAD ./rt-thread/src/thread.o
LOAD ./rt-thread/src/timer.o
LOAD ./rt-thread/libcpu/arm/cortex-m3/context_gcc.o
LOAD ./rt-thread/libcpu/arm/cortex-m3/cpuport.o
LOAD ./rt-thread/libcpu/arm/common/backtrace.o
LOAD ./rt-thread/libcpu/arm/common/div0.o
LOAD ./rt-thread/libcpu/arm/common/showmem.o
LOAD ./rt-thread/components/libc/compilers/newlib/syscalls.o
LOAD ./rt-thread/components/libc/compilers/common/cctype.o
LOAD ./rt-thread/components/libc/compilers/common/cstdio.o
LOAD ./rt-thread/components/libc/compilers/common/cstdlib.o
LOAD ./rt-thread/components/libc/compilers/common/cstring.o
LOAD ./rt-thread/components/libc/compilers/common/ctime.o
LOAD ./rt-thread/components/libc/compilers/common/cwchar.o
LOAD ./rt-thread/components/finsh/cmd.o
LOAD ./rt-thread/components/finsh/msh.o
LOAD ./rt-thread/components/finsh/msh_parse.o
LOAD ./rt-thread/components/finsh/shell.o
LOAD ./rt-thread/components/drivers/serial/serial.o
LOAD ./rt-thread/components/drivers/misc/pin.o
LOAD ./rt-thread/components/drivers/ipc/completion.o
LOAD ./rt-thread/components/drivers/ipc/dataqueue.o
LOAD ./rt-thread/components/drivers/ipc/pipe.o
LOAD ./rt-thread/components/drivers/ipc/ringblk_buf.o
LOAD ./rt-thread/components/drivers/ipc/ringbuffer.o
LOAD ./rt-thread/components/drivers/ipc/waitqueue.o
LOAD ./rt-thread/components/drivers/ipc/workqueue.o
LOAD ./libraries/STM32F1xx_HAL_Driver/Src/Legacy/stm32f1xx_hal_can.o
LOAD ./libraries/STM32F1xx_HAL_Driver/Src/stm32f1xx_hal.o
LOAD ./libraries/STM32F1xx_HAL_Driver/Src/stm32f1xx_hal_adc.o
LOAD ./libraries/STM32F1xx_HAL_Driver/Src/stm32f1xx_hal_adc_ex.o
LOAD ./libraries/STM32F1xx_HAL_Driver/Src/stm32f1xx_hal_can.o
LOAD ./libraries/STM32F1xx_HAL_Driver/Src/stm32f1xx_hal_cec.o
LOAD ./libraries/STM32F1xx_HAL_Driver/Src/stm32f1xx_hal_cortex.o
LOAD ./libraries/STM32F1xx_HAL_Driver/Src/stm32f1xx_hal_crc.o
LOAD ./libraries/STM32F1xx_HAL_Driver/Src/stm32f1xx_hal_dac.o
LOAD ./libraries/STM32F1xx_HAL_Driver/Src/stm32f1xx_hal_dac_ex.o
LOAD ./libraries/STM32F1xx_HAL_Driver/Src/stm32f1xx_hal_dma.o
LOAD ./libraries/STM32F1xx_HAL_Driver/Src/stm32f1xx_hal_eth.o
LOAD ./libraries/STM32F1xx_HAL_Driver/Src/stm32f1xx_hal_exti.o
LOAD ./libraries/STM32F1xx_HAL_Driver/Src/stm32f1xx_hal_flash.o
LOAD ./libraries/STM32F1xx_HAL_Driver/Src/stm32f1xx_hal_flash_ex.o
LOAD ./libraries/STM32F1xx_HAL_Driver/Src/stm32f1xx_hal_gpio.o
LOAD ./libraries/STM32F1xx_HAL_Driver/Src/stm32f1xx_hal_gpio_ex.o
LOAD ./libraries/STM32F1xx_HAL_Driver/Src/stm32f1xx_hal_hcd.o
LOAD ./libraries/STM32F1xx_HAL_Driver/Src/stm32f1xx_hal_i2c.o
LOAD ./libraries/STM32F1xx_HAL_Driver/Src/stm32f1xx_hal_i2s.o
LOAD ./libraries/STM32F1xx_HAL_Driver/Src/stm32f1xx_hal_irda.o
LOAD ./libraries/STM32F1xx_HAL_Driver/Src/stm32f1xx_hal_iwdg.o
LOAD ./libraries/STM32F1xx_HAL_Driver/Src/stm32f1xx_hal_mmc.o
LOAD ./libraries/STM32F1xx_HAL_Driver/Src/stm32f1xx_hal_nand.o
LOAD ./libraries/STM32F1xx_HAL_Driver/Src/stm32f1xx_hal_nor.o
LOAD ./libraries/STM32F1xx_HAL_Driver/Src/stm32f1xx_hal_pccard.o
LOAD ./libraries/STM32F1xx_HAL_Driver/Src/stm32f1xx_hal_pcd.o
LOAD ./libraries/STM32F1xx_HAL_Driver/Src/stm32f1xx_hal_pcd_ex.o
LOAD ./libraries/STM32F1xx_HAL_Driver/Src/stm32f1xx_hal_pwr.o
LOAD ./libraries/STM32F1xx_HAL_Driver/Src/stm32f1xx_hal_rcc.o
LOAD ./libraries/STM32F1xx_HAL_Driver/Src/stm32f1xx_hal_rcc_ex.o
LOAD ./libraries/STM32F1xx_HAL_Driver/Src/stm32f1xx_hal_rtc.o
LOAD ./libraries/STM32F1xx_HAL_Driver/Src/stm32f1xx_hal_rtc_ex.o
LOAD ./libraries/STM32F1xx_HAL_Driver/Src/stm32f1xx_hal_sd.o
LOAD ./libraries/STM32F1xx_HAL_Driver/Src/stm32f1xx_hal_smartcard.o
LOAD ./libraries/STM32F1xx_HAL_Driver/Src/stm32f1xx_hal_spi.o
LOAD ./libraries/STM32F1xx_HAL_Driver/Src/stm32f1xx_hal_sram.o
LOAD ./libraries/STM32F1xx_HAL_Driver/Src/stm32f1xx_hal_tim.o
LOAD ./libraries/STM32F1xx_HAL_Driver/Src/stm32f1xx_hal_tim_ex.o
LOAD ./libraries/STM32F1xx_HAL_Driver/Src/stm32f1xx_hal_uart.o
LOAD ./libraries/STM32F1xx_HAL_Driver/Src/stm32f1xx_hal_usart.o
LOAD ./libraries/STM32F1xx_HAL_Driver/Src/stm32f1xx_hal_wwdg.o
LOAD ./libraries/STM32F1xx_HAL_Driver/Src/stm32f1xx_ll_usb.o
LOAD ./libraries/CMSIS/Device/ST/STM32F1xx/Source/Templates/gcc/startup_stm32f103xe.o
LOAD ./libraries/CMSIS/Device/ST/STM32F1xx/Source/Templates/system_stm32f1xx.o
LOAD ./drivers/board.o
LOAD ./drivers/drv_adc.o
LOAD ./drivers/drv_clk.o
LOAD ./drivers/drv_common.o
LOAD ./drivers/drv_eth.o
LOAD ./drivers/drv_flash_f1.o
LOAD ./drivers/drv_gpio.o
LOAD ./drivers/drv_hwtimer.o
LOAD ./drivers/drv_pwm.o
LOAD ./drivers/drv_qspi.o
LOAD ./drivers/drv_rtc.o
LOAD ./drivers/drv_sdio.o
LOAD ./drivers/drv_soft_i2c.o
LOAD ./drivers/drv_spi.o
LOAD ./drivers/drv_usart.o
LOAD ./drivers/drv_usbd.o
LOAD ./drivers/drv_usbh.o
LOAD ./drivers/drv_wdt.o
LOAD ./cubemx/Src/dma.o
LOAD ./cubemx/Src/gpio.o
LOAD ./cubemx/Src/main.o
LOAD ./cubemx/Src/stm32f1xx_hal_msp.o
LOAD ./cubemx/Src/tim.o
LOAD ./cubemx/Src/usart.o
LOAD ./applications/motor/motor_cmd.o
LOAD ./applications/motor/motor_motion.o
LOAD ./applications/motor/motor_state.o
LOAD ./applications/motor/motor_thread.o
LOAD ./applications/main.o
LOAD e:/rt-threadstudio/repo/extract/toolchain_support_packages/arm/gnu_tools_for_arm_embedded_processors/5.4.1/bin/../lib/gcc/arm-none-eabi/5.4.1/../../../../arm-none-eabi/lib/armv7-m\libc.a
LOAD e:/rt-threadstudio/repo/extract/toolchain_support_packages/arm/gnu_tools_for_arm_embedded_processors/5.4.1/bin/../lib/gcc/arm-none-eabi/5.4.1/../../../../arm-none-eabi/lib/armv7-m\libm.a
START GROUP
LOAD e:/rt-threadstudio/repo/extract/toolchain_support_packages/arm/gnu_tools_for_arm_embedded_processors/5.4.1/bin/../lib/gcc/arm-none-eabi/5.4.1/armv7-m\libgcc.a
LOAD e:/rt-threadstudio/repo/extract/toolchain_support_packages/arm/gnu_tools_for_arm_embedded_processors/5.4.1/bin/../lib/gcc/arm-none-eabi/5.4.1/../../../../arm-none-eabi/lib/armv7-m\libg.a
LOAD e:/rt-threadstudio/repo/extract/toolchain_support_packages/arm/gnu_tools_for_arm_embedded_processors/5.4.1/bin/../lib/gcc/arm-none-eabi/5.4.1/../../../../arm-none-eabi/lib/armv7-m\libc.a
END GROUP
LOAD e:/rt-threadstudio/repo/extract/toolchain_support_packages/arm/gnu_tools_for_arm_embedded_processors/5.4.1/bin/../lib/gcc/arm-none-eabi/5.4.1/armv7-m/crtend.o
LOAD e:/rt-threadstudio/repo/extract/toolchain_support_packages/arm/gnu_tools_for_arm_embedded_processors/5.4.1/bin/../lib/gcc/arm-none-eabi/5.4.1/armv7-m/crtn.o
                0x00000400                _system_stack_size = 0x400

.text           0x08000000    0x12264
                0x08000000                . = ALIGN (0x4)
                0x08000000                _stext = .
 *(.isr_vector)
 .isr_vector    0x08000000      0x1e4 ./libraries/CMSIS/Device/ST/STM32F1xx/Source/Templates/gcc/startup_stm32f103xe.o
                0x08000000                g_pfnVectors
                0x080001e4                . = ALIGN (0x4)
 *(.text)
 .text          0x080001e4       0x5c e:/rt-threadstudio/repo/extract/toolchain_support_packages/arm/gnu_tools_for_arm_embedded_processors/5.4.1/bin/../lib/gcc/arm-none-eabi/5.4.1/armv7-m/crtbegin.o
 .text          0x08000240      0x108 ./rt-thread/libcpu/arm/cortex-m3/context_gcc.o
                0x08000240                rt_hw_interrupt_disable
                0x08000248                rt_hw_interrupt_enable
                0x0800024e                rt_hw_context_switch_interrupt
                0x0800024e                rt_hw_context_switch
                0x0800026e                PendSV_Handler
                0x080002aa                rt_hw_context_switch_to
                0x080002ec                rt_hw_interrupt_thread_switch
                0x080002f0                HardFault_Handler
                0x08000326                rt_hw_interrupt_check
 .text          0x08000348      0x1bc e:/rt-threadstudio/repo/extract/toolchain_support_packages/arm/gnu_tools_for_arm_embedded_processors/5.4.1/bin/../lib/gcc/arm-none-eabi/5.4.1/../../../../arm-none-eabi/lib/armv7-m\libc.a(lib_a-strcmp.o)
                0x08000348                strcmp
 *(.text.*)
 .text.rt_tick_get
                0x08000504       0x14 ./rt-thread/src/clock.o
                0x08000504                rt_tick_get
 .text.rt_tick_increase
                0x08000518       0x7c ./rt-thread/src/clock.o
                0x08000518                rt_tick_increase
 .text.rt_tick_from_millisecond
                0x08000594       0x78 ./rt-thread/src/clock.o
                0x08000594                rt_tick_from_millisecond
 .text.rti_start
                0x0800060c       0x10 ./rt-thread/src/components.o
 .text.rti_board_start
                0x0800061c       0x10 ./rt-thread/src/components.o
 .text.rti_board_end
                0x0800062c       0x10 ./rt-thread/src/components.o
 .text.rti_end  0x0800063c       0x10 ./rt-thread/src/components.o
 .text.rt_components_board_init
                0x0800064c       0x30 ./rt-thread/src/components.o
                0x0800064c                rt_components_board_init
 .text.rt_components_init
                0x0800067c       0x30 ./rt-thread/src/components.o
                0x0800067c                rt_components_init
 .text.entry    0x080006ac       0x10 ./rt-thread/src/components.o
                0x080006ac                entry
 .text.main_thread_entry
                0x080006bc       0x18 ./rt-thread/src/components.o
                0x080006bc                main_thread_entry
 .text.rt_application_init
                0x080006d4       0x4c ./rt-thread/src/components.o
                0x080006d4                rt_application_init
 .text.rtthread_startup
                0x08000720       0x30 ./rt-thread/src/components.o
                0x08000720                rtthread_startup
 .text.rt_device_register
                0x08000750       0x54 ./rt-thread/src/device.o
                0x08000750                rt_device_register
 .text.rt_device_find
                0x080007a4       0x1c ./rt-thread/src/device.o
                0x080007a4                rt_device_find
 .text.rt_device_open
                0x080007c0      0x118 ./rt-thread/src/device.o
                0x080007c0                rt_device_open
 .text.rt_device_close
                0x080008d8       0x9c ./rt-thread/src/device.o
                0x080008d8                rt_device_close
 .text.rt_device_read
                0x08000974       0x88 ./rt-thread/src/device.o
                0x08000974                rt_device_read
 .text.rt_device_write
                0x080009fc       0x88 ./rt-thread/src/device.o
                0x080009fc                rt_device_write
 .text.rt_device_set_rx_indicate
                0x08000a84       0x54 ./rt-thread/src/device.o
                0x08000a84                rt_device_set_rx_indicate
 .text.rt_list_insert_after
                0x08000ad8       0x30 ./rt-thread/src/idle.o
 .text.rt_list_remove
                0x08000b08       0x34 ./rt-thread/src/idle.o
 .text.rt_thread_defunct_enqueue
                0x08000b3c       0x20 ./rt-thread/src/idle.o
                0x08000b3c                rt_thread_defunct_enqueue
 .text.rt_thread_defunct_dequeue
                0x08000b5c       0x44 ./rt-thread/src/idle.o
                0x08000b5c                rt_thread_defunct_dequeue
 .text.rt_defunct_execute
                0x08000ba0       0x5c ./rt-thread/src/idle.o
 .text.rt_thread_idle_entry
                0x08000bfc       0x38 ./rt-thread/src/idle.o
 .text.rt_thread_idle_init
                0x08000c34       0x74 ./rt-thread/src/idle.o
                0x08000c34                rt_thread_idle_init
 .text.rt_list_init
                0x08000ca8       0x20 ./rt-thread/src/ipc.o
 .text.rt_list_insert_before
                0x08000cc8       0x30 ./rt-thread/src/ipc.o
 .text.rt_list_isempty
                0x08000cf8       0x24 ./rt-thread/src/ipc.o
 .text._ipc_object_init
                0x08000d1c       0x1c ./rt-thread/src/ipc.o
 .text._ipc_list_suspend
                0x08000d38       0xa4 ./rt-thread/src/ipc.o
 .text._ipc_list_resume
                0x08000ddc       0x20 ./rt-thread/src/ipc.o
 .text.rt_sem_init
                0x08000dfc       0x88 ./rt-thread/src/ipc.o
                0x08000dfc                rt_sem_init
 .text.rt_sem_take
                0x08000e84      0x190 ./rt-thread/src/ipc.o
                0x08000e84                rt_sem_take
 .text.rt_sem_release
                0x08001014       0xc0 ./rt-thread/src/ipc.o
                0x08001014                rt_sem_release
 .text.rt_mutex_init
                0x080010d4       0x64 ./rt-thread/src/ipc.o
                0x080010d4                rt_mutex_init
 .text.rt_mutex_take
                0x08001138      0x21c ./rt-thread/src/ipc.o
                0x08001138                rt_mutex_take
 .text.rt_mutex_release
                0x08001354      0x1bc ./rt-thread/src/ipc.o
                0x08001354                rt_mutex_release
 .text.rt_event_init
                0x08001510       0x70 ./rt-thread/src/ipc.o
                0x08001510                rt_event_init
 .text.rt_event_send
                0x08001580      0x15c ./rt-thread/src/ipc.o
                0x08001580                rt_event_send
 .text.rt_event_recv
                0x080016dc      0x248 ./rt-thread/src/ipc.o
                0x080016dc                rt_event_recv
 .text.rt_interrupt_enter
                0x08001924       0x40 ./rt-thread/src/irq.o
                0x08001924                rt_interrupt_enter
 .text.rt_interrupt_leave
                0x08001964       0x40 ./rt-thread/src/irq.o
                0x08001964                rt_interrupt_leave
 .text.rt_interrupt_get_nest
                0x080019a4       0x28 ./rt-thread/src/irq.o
                0x080019a4                rt_interrupt_get_nest
 .text.rt_strerror
                0x080019cc       0x38 ./rt-thread/src/kservice.o
                0x080019cc                rt_strerror
 .text.rt_set_errno
                0x08001a04       0x40 ./rt-thread/src/kservice.o
                0x08001a04                rt_set_errno
 .text.rt_memset
                0x08001a44       0xb4 ./rt-thread/src/kservice.o
                0x08001a44                rt_memset
 .text.rt_memcpy
                0x08001af8       0xd0 ./rt-thread/src/kservice.o
                0x08001af8                rt_memcpy
 .text.rt_memmove
                0x08001bc8       0x80 ./rt-thread/src/kservice.o
                0x08001bc8                rt_memmove
 .text.rt_show_version
                0x08001c48       0x4c ./rt-thread/src/kservice.o
                0x08001c48                rt_show_version
 .text.divide   0x08001c94       0x68 ./rt-thread/src/kservice.o
 .text.skip_atoi
                0x08001cfc       0x44 ./rt-thread/src/kservice.o
 .text.print_number
                0x08001d40      0x200 ./rt-thread/src/kservice.o
 .text.rt_vsnprintf
                0x08001f40      0x560 ./rt-thread/src/kservice.o
                0x08001f40                rt_vsnprintf
 .text.rt_vsprintf
                0x080024a0       0x24 ./rt-thread/src/kservice.o
                0x080024a0                rt_vsprintf
 .text.rt_sprintf
                0x080024c4       0x2c ./rt-thread/src/kservice.o
                0x080024c4                rt_sprintf
 .text.rt_console_get_device
                0x080024f0       0x14 ./rt-thread/src/kservice.o
                0x080024f0                rt_console_get_device
 .text.rt_console_set_device
                0x08002504       0x58 ./rt-thread/src/kservice.o
                0x08002504                rt_console_set_device
 .text.rt_hw_console_output
                0x0800255c       0x14 ./rt-thread/src/kservice.o
                0x0800255c                rt_hw_console_output
 .text.rt_kprintf
                0x08002570       0x60 ./rt-thread/src/kservice.o
                0x08002570                rt_kprintf
 .text._heap_lock_init
                0x080025d0       0x1c ./rt-thread/src/kservice.o
 .text._heap_lock
                0x080025ec       0x28 ./rt-thread/src/kservice.o
 .text._heap_unlock
                0x08002614       0x40 ./rt-thread/src/kservice.o
 .text._smem_info
                0x08002654       0x4c ./rt-thread/src/kservice.o
 .text.rt_system_heap_init
                0x080026a0       0x64 ./rt-thread/src/kservice.o
                0x080026a0                rt_system_heap_init
 .text.rt_malloc
                0x08002704       0x48 ./rt-thread/src/kservice.o
                0x08002704                rt_malloc
 .text.rt_calloc
                0x0800274c       0x3c ./rt-thread/src/kservice.o
                0x0800274c                rt_calloc
 .text.rt_free  0x08002788       0x40 ./rt-thread/src/kservice.o
                0x08002788                rt_free
 .text.rt_memory_info
                0x080027c8       0x2c ./rt-thread/src/kservice.o
                0x080027c8                rt_memory_info
 .text.rt_assert_handler
                0x080027f4       0x4c ./rt-thread/src/kservice.o
                0x080027f4                rt_assert_handler
 .text.plug_holes
                0x08002840       0xf4 ./rt-thread/src/mem.o
 .text.rt_smem_init
                0x08002934      0x104 ./rt-thread/src/mem.o
                0x08002934                rt_smem_init
 .text.rt_smem_alloc
                0x08002a38      0x26c ./rt-thread/src/mem.o
                0x08002a38                rt_smem_alloc
 .text.rt_smem_free
                0x08002ca4      0x140 ./rt-thread/src/mem.o
                0x08002ca4                rt_smem_free
 .text.rt_list_insert_after
                0x08002de4       0x30 ./rt-thread/src/object.o
 .text.rt_list_remove
                0x08002e14       0x34 ./rt-thread/src/object.o
 .text.rt_object_get_information
                0x08002e48       0x48 ./rt-thread/src/object.o
                0x08002e48                rt_object_get_information
 .text.rt_object_init
                0x08002e90       0xcc ./rt-thread/src/object.o
                0x08002e90                rt_object_init
 .text.rt_object_detach
                0x08002f5c       0x5c ./rt-thread/src/object.o
                0x08002f5c                rt_object_detach
 .text.rt_object_allocate
                0x08002fb8       0xd8 ./rt-thread/src/object.o
                0x08002fb8                rt_object_allocate
 .text.rt_object_delete
                0x08003090       0x7c ./rt-thread/src/object.o
                0x08003090                rt_object_delete
 .text.rt_object_is_systemobject
                0x0800310c       0x3c ./rt-thread/src/object.o
                0x0800310c                rt_object_is_systemobject
 .text.rt_object_get_type
                0x08003148       0x34 ./rt-thread/src/object.o
                0x08003148                rt_object_get_type
 .text.rt_object_find
                0x0800317c       0xb4 ./rt-thread/src/object.o
                0x0800317c                rt_object_find
 .text.rt_list_init
                0x08003230       0x20 ./rt-thread/src/scheduler.o
 .text.rt_list_insert_after
                0x08003250       0x30 ./rt-thread/src/scheduler.o
 .text.rt_list_insert_before
                0x08003280       0x30 ./rt-thread/src/scheduler.o
 .text.rt_list_remove
                0x080032b0       0x34 ./rt-thread/src/scheduler.o
 .text.rt_list_isempty
                0x080032e4       0x24 ./rt-thread/src/scheduler.o
 .text._scheduler_stack_check
                0x08003308       0x94 ./rt-thread/src/scheduler.o
 .text._scheduler_get_highest_priority_thread
                0x0800339c       0x3c ./rt-thread/src/scheduler.o
 .text.rt_system_scheduler_init
                0x080033d8       0x48 ./rt-thread/src/scheduler.o
                0x080033d8                rt_system_scheduler_init
 .text.rt_system_scheduler_start
                0x08003420       0x3c ./rt-thread/src/scheduler.o
                0x08003420                rt_system_scheduler_start
 .text.rt_schedule
                0x0800345c      0x19c ./rt-thread/src/scheduler.o
                0x0800345c                rt_schedule
 .text.rt_schedule_insert_thread
                0x080035f8       0xd4 ./rt-thread/src/scheduler.o
                0x080035f8                rt_schedule_insert_thread
 .text.rt_schedule_remove_thread
                0x080036cc       0x70 ./rt-thread/src/scheduler.o
                0x080036cc                rt_schedule_remove_thread
 .text.rt_enter_critical
                0x0800373c       0x30 ./rt-thread/src/scheduler.o
                0x0800373c                rt_enter_critical
 .text.rt_exit_critical
                0x0800376c       0x58 ./rt-thread/src/scheduler.o
                0x0800376c                rt_exit_critical
 .text.rt_critical_level
                0x080037c4       0x18 ./rt-thread/src/scheduler.o
                0x080037c4                rt_critical_level
 .text.rt_list_init
                0x080037dc       0x20 ./rt-thread/src/thread.o
 .text.rt_list_remove
                0x080037fc       0x34 ./rt-thread/src/thread.o
 .text._thread_exit
                0x08003830       0x44 ./rt-thread/src/thread.o
 .text._thread_timeout
                0x08003874       0x8c ./rt-thread/src/thread.o
 .text._thread_init
                0x08003900       0xfc ./rt-thread/src/thread.o
 .text.rt_thread_init
                0x080039fc       0x70 ./rt-thread/src/thread.o
                0x080039fc                rt_thread_init
 .text.rt_thread_self
                0x08003a6c       0x14 ./rt-thread/src/thread.o
                0x08003a6c                rt_thread_self
 .text.rt_thread_startup
                0x08003a80       0x94 ./rt-thread/src/thread.o
                0x08003a80                rt_thread_startup
 .text.rt_thread_detach
                0x08003b14       0xb0 ./rt-thread/src/thread.o
                0x08003b14                rt_thread_detach
 .text.rt_thread_create
                0x08003bc4       0x64 ./rt-thread/src/thread.o
                0x08003bc4                rt_thread_create
 .text.rt_thread_delete
                0x08003c28       0xb0 ./rt-thread/src/thread.o
                0x08003c28                rt_thread_delete
 .text.rt_thread_sleep
                0x08003cd8       0x94 ./rt-thread/src/thread.o
                0x08003cd8                rt_thread_sleep
 .text.rt_thread_delay
                0x08003d6c       0x18 ./rt-thread/src/thread.o
                0x08003d6c                rt_thread_delay
 .text.rt_thread_mdelay
                0x08003d84       0x20 ./rt-thread/src/thread.o
                0x08003d84                rt_thread_mdelay
 .text.rt_thread_control
                0x08003da4       0xf0 ./rt-thread/src/thread.o
                0x08003da4                rt_thread_control
 .text.rt_thread_suspend
                0x08003e94       0xd0 ./rt-thread/src/thread.o
                0x08003e94                rt_thread_suspend
 .text.rt_thread_resume
                0x08003f64       0x98 ./rt-thread/src/thread.o
                0x08003f64                rt_thread_resume
 .text.rt_list_init
                0x08003ffc       0x20 ./rt-thread/src/timer.o
 .text.rt_list_insert_after
                0x0800401c       0x30 ./rt-thread/src/timer.o
 .text.rt_list_remove
                0x0800404c       0x34 ./rt-thread/src/timer.o
 .text.rt_list_isempty
                0x08004080       0x24 ./rt-thread/src/timer.o
 .text._timer_init
                0x080040a4       0x68 ./rt-thread/src/timer.o
 .text._timer_list_next_timeout
                0x0800410c       0x48 ./rt-thread/src/timer.o
 .text._timer_remove
                0x08004154       0x34 ./rt-thread/src/timer.o
 .text.rt_timer_init
                0x08004188       0x80 ./rt-thread/src/timer.o
                0x08004188                rt_timer_init
 .text.rt_timer_detach
                0x08004208       0x90 ./rt-thread/src/timer.o
                0x08004208                rt_timer_detach
 .text.rt_timer_start
                0x08004298      0x230 ./rt-thread/src/timer.o
                0x08004298                rt_timer_start
 .text.rt_timer_stop
                0x080044c8       0x94 ./rt-thread/src/timer.o
                0x080044c8                rt_timer_stop
 .text.rt_timer_control
                0x0800455c       0xfc ./rt-thread/src/timer.o
                0x0800455c                rt_timer_control
 .text.rt_timer_check
                0x08004658      0x108 ./rt-thread/src/timer.o
                0x08004658                rt_timer_check
 .text.rt_soft_timer_check
                0x08004760      0x120 ./rt-thread/src/timer.o
                0x08004760                rt_soft_timer_check
 .text._timer_thread_entry
                0x08004880       0x5c ./rt-thread/src/timer.o
 .text.rt_system_timer_init
                0x080048dc       0x34 ./rt-thread/src/timer.o
                0x080048dc                rt_system_timer_init
 .text.rt_system_timer_thread_init
                0x08004910       0x68 ./rt-thread/src/timer.o
                0x08004910                rt_system_timer_thread_init
 .text.rt_hw_stack_init
                0x08004978       0x88 ./rt-thread/libcpu/arm/cortex-m3/cpuport.o
                0x08004978                rt_hw_stack_init
 .text.usage_fault_track
                0x08004a00       0xc4 ./rt-thread/libcpu/arm/cortex-m3/cpuport.o
 .text.bus_fault_track
                0x08004ac4       0xcc ./rt-thread/libcpu/arm/cortex-m3/cpuport.o
 .text.mem_manage_fault_track
                0x08004b90       0xb4 ./rt-thread/libcpu/arm/cortex-m3/cpuport.o
 .text.hard_fault_track
                0x08004c44       0x78 ./rt-thread/libcpu/arm/cortex-m3/cpuport.o
 .text.rt_hw_hard_fault_exception
                0x08004cbc      0x168 ./rt-thread/libcpu/arm/cortex-m3/cpuport.o
                0x08004cbc                rt_hw_hard_fault_exception
 .text.__rt_ffs
                0x08004e24       0x28 ./rt-thread/libcpu/arm/cortex-m3/cpuport.o
                0x08004e24                __rt_ffs
 .text._malloc_r
                0x08004e4c       0x28 ./rt-thread/components/libc/compilers/newlib/syscalls.o
                0x08004e4c                _malloc_r
 .text.rt_list_isempty
                0x08004e74       0x24 ./rt-thread/components/finsh/cmd.o
 .text.rt_list_len
                0x08004e98       0x34 ./rt-thread/components/finsh/cmd.o
 .text.clear    0x08004ecc       0x14 ./rt-thread/components/finsh/cmd.o
 .text.version  0x08004ee0       0x10 ./rt-thread/components/finsh/cmd.o
                0x08004ee0                version
 .text.object_split
                0x08004ef0       0x28 ./rt-thread/components/finsh/cmd.o
 .text.list_find_init
                0x08004f18       0x48 ./rt-thread/components/finsh/cmd.o
 .text.list_get_next
                0x08004f60       0xc0 ./rt-thread/components/finsh/cmd.o
 .text.list_thread
                0x08005020      0x210 ./rt-thread/components/finsh/cmd.o
                0x08005020                list_thread
 .text.show_wait_queue
                0x08005230       0x50 ./rt-thread/components/finsh/cmd.o
 .text.list_sem
                0x08005280      0x124 ./rt-thread/components/finsh/cmd.o
                0x08005280                list_sem
 .text.list_event
                0x080053a4      0x114 ./rt-thread/components/finsh/cmd.o
                0x080053a4                list_event
 .text.list_mutex
                0x080054b8       0xe4 ./rt-thread/components/finsh/cmd.o
                0x080054b8                list_mutex
 .text.list_mailbox
                0x0800559c      0x134 ./rt-thread/components/finsh/cmd.o
                0x0800559c                list_mailbox
 .text.list_msgqueue
                0x080056d0      0x124 ./rt-thread/components/finsh/cmd.o
                0x080056d0                list_msgqueue
 .text.list_mempool
                0x080057f4      0x140 ./rt-thread/components/finsh/cmd.o
                0x080057f4                list_mempool
 .text.list_timer
                0x08005934      0x124 ./rt-thread/components/finsh/cmd.o
                0x08005934                list_timer
 .text.list_device
                0x08005a58       0xfc ./rt-thread/components/finsh/cmd.o
                0x08005a58                list_device
 .text.cmd_list
                0x08005b54      0x19c ./rt-thread/components/finsh/cmd.o
                0x08005b54                cmd_list
 .text.msh_help
                0x08005cf0       0x5c ./rt-thread/components/finsh/msh.o
                0x08005cf0                msh_help
 .text.cmd_ps   0x08005d4c       0x18 ./rt-thread/components/finsh/msh.o
                0x08005d4c                cmd_ps
 .text.cmd_free
                0x08005d64       0x70 ./rt-thread/components/finsh/msh.o
                0x08005d64                cmd_free
 .text.msh_split
                0x08005dd4      0x170 ./rt-thread/components/finsh/msh.o
 .text.msh_get_cmd
                0x08005f44       0x64 ./rt-thread/components/finsh/msh.o
 .text._msh_exec_cmd
                0x08005fa8       0xd4 ./rt-thread/components/finsh/msh.o
 .text.msh_exec
                0x0800607c       0x8c ./rt-thread/components/finsh/msh.o
                0x0800607c                msh_exec
 .text.str_common
                0x08006108       0x48 ./rt-thread/components/finsh/msh.o
 .text.msh_auto_complete
                0x08006150       0xb4 ./rt-thread/components/finsh/msh.o
                0x08006150                msh_auto_complete
 .text.msh_isint
                0x08006204       0x68 ./rt-thread/components/finsh/msh_parse.o
                0x08006204                msh_isint
 .text.finsh_get_prompt
                0x0800626c       0x7c ./rt-thread/components/finsh/shell.o
                0x0800626c                finsh_get_prompt
 .text.finsh_set_prompt_mode
                0x080062e8       0x48 ./rt-thread/components/finsh/shell.o
                0x080062e8                finsh_set_prompt_mode
 .text.finsh_getchar
                0x08006330       0x90 ./rt-thread/components/finsh/shell.o
                0x08006330                finsh_getchar
 .text.finsh_rx_ind
                0x080063c0       0x3c ./rt-thread/components/finsh/shell.o
 .text.finsh_set_device
                0x080063fc       0xd8 ./rt-thread/components/finsh/shell.o
                0x080063fc                finsh_set_device
 .text.shell_auto_complete
                0x080064d4       0x34 ./rt-thread/components/finsh/shell.o
 .text.shell_handle_history
                0x08006508       0x34 ./rt-thread/components/finsh/shell.o
 .text.shell_push_history
                0x0800653c      0x160 ./rt-thread/components/finsh/shell.o
 .text.finsh_thread_entry
                0x0800669c      0x5d0 ./rt-thread/components/finsh/shell.o
                0x0800669c                finsh_thread_entry
 .text.finsh_system_function_init
                0x08006c6c       0x28 ./rt-thread/components/finsh/shell.o
                0x08006c6c                finsh_system_function_init
 .text.finsh_system_init
                0x08006c94       0x9c ./rt-thread/components/finsh/shell.o
                0x08006c94                finsh_system_init
 .text._serial_poll_rx
                0x08006d30       0x80 ./rt-thread/components/drivers/serial/serial.o
 .text._serial_poll_tx
                0x08006db0       0x7c ./rt-thread/components/drivers/serial/serial.o
 .text._serial_int_rx
                0x08006e2c       0xd8 ./rt-thread/components/drivers/serial/serial.o
 .text._serial_int_tx
                0x08006f04       0xc4 ./rt-thread/components/drivers/serial/serial.o
 .text._serial_check_buffer_size
                0x08006fc8       0x38 ./rt-thread/components/drivers/serial/serial.o
 .text._serial_fifo_calc_recved_len
                0x08007000       0x88 ./rt-thread/components/drivers/serial/serial.o
 .text.rt_dma_calc_recved_len
                0x08007088       0x18 ./rt-thread/components/drivers/serial/serial.o
 .text.rt_dma_recv_update_get_index
                0x080070a0       0xa4 ./rt-thread/components/drivers/serial/serial.o
 .text.rt_dma_recv_update_put_index
                0x08007144       0xf8 ./rt-thread/components/drivers/serial/serial.o
 .text._serial_dma_rx
                0x0800723c      0x198 ./rt-thread/components/drivers/serial/serial.o
 .text._serial_dma_tx
                0x080073d4       0x70 ./rt-thread/components/drivers/serial/serial.o
 .text.rt_serial_init
                0x08007444       0x5c ./rt-thread/components/drivers/serial/serial.o
 .text.rt_serial_open
                0x080074a0      0x36c ./rt-thread/components/drivers/serial/serial.o
 .text.rt_serial_close
                0x0800780c      0x1e0 ./rt-thread/components/drivers/serial/serial.o
 .text.rt_serial_read
                0x080079ec       0x84 ./rt-thread/components/drivers/serial/serial.o
 .text.rt_serial_write
                0x08007a70       0x84 ./rt-thread/components/drivers/serial/serial.o
 .text.rt_serial_control
                0x08007af4       0xd0 ./rt-thread/components/drivers/serial/serial.o
 .text.rt_hw_serial_register
                0x08007bc4       0x9c ./rt-thread/components/drivers/serial/serial.o
                0x08007bc4                rt_hw_serial_register
 .text.rt_hw_serial_isr
                0x08007c60      0x264 ./rt-thread/components/drivers/serial/serial.o
                0x08007c60                rt_hw_serial_isr
 .text._pin_read
                0x08007ec4       0x60 ./rt-thread/components/drivers/misc/pin.o
 .text._pin_write
                0x08007f24       0x5c ./rt-thread/components/drivers/misc/pin.o
 .text._pin_control
                0x08007f80       0x58 ./rt-thread/components/drivers/misc/pin.o
 .text.rt_device_pin_register
                0x08007fd8       0x74 ./rt-thread/components/drivers/misc/pin.o
                0x08007fd8                rt_device_pin_register
 .text.rt_pin_mode
                0x0800804c       0x40 ./rt-thread/components/drivers/misc/pin.o
                0x0800804c                rt_pin_mode
 .text.rt_pin_write
                0x0800808c       0x40 ./rt-thread/components/drivers/misc/pin.o
                0x0800808c                rt_pin_write
 .text.rt_pin_read
                0x080080cc       0x3c ./rt-thread/components/drivers/misc/pin.o
                0x080080cc                rt_pin_read
 .text.rt_pin_get
                0x08008108       0x60 ./rt-thread/components/drivers/misc/pin.o
                0x08008108                rt_pin_get
 .text._pin_cmd_conv
                0x08008168       0xb4 ./rt-thread/components/drivers/misc/pin.o
 .text._pin_cmd_print_usage
                0x0800821c       0x58 ./rt-thread/components/drivers/misc/pin.o
 .text._pin_cmd_get
                0x08008274       0x5c ./rt-thread/components/drivers/misc/pin.o
 .text._pin_cmd_mode
                0x080082d0      0x10c ./rt-thread/components/drivers/misc/pin.o
 .text._pin_cmd_read
                0x080083dc       0x90 ./rt-thread/components/drivers/misc/pin.o
 .text._pin_cmd_write
                0x0800846c       0xe4 ./rt-thread/components/drivers/misc/pin.o
 .text._pin_cmd
                0x08008550       0xac ./rt-thread/components/drivers/misc/pin.o
 .text.rt_list_init
                0x080085fc       0x20 ./rt-thread/components/drivers/ipc/completion.o
 .text.rt_list_insert_before
                0x0800861c       0x30 ./rt-thread/components/drivers/ipc/completion.o
 .text.rt_list_isempty
                0x0800864c       0x24 ./rt-thread/components/drivers/ipc/completion.o
 .text.rt_completion_init
                0x08008670       0x44 ./rt-thread/components/drivers/ipc/completion.o
                0x08008670                rt_completion_init
 .text.rt_completion_wait
                0x080086b4      0x15c ./rt-thread/components/drivers/ipc/completion.o
                0x080086b4                rt_completion_wait
 .text.rt_completion_done
                0x08008810       0x70 ./rt-thread/components/drivers/ipc/completion.o
                0x08008810                rt_completion_done
 .text.rt_list_init
                0x08008880       0x20 ./rt-thread/components/drivers/ipc/dataqueue.o
 .text.rt_list_insert_before
                0x080088a0       0x30 ./rt-thread/components/drivers/ipc/dataqueue.o
 .text.rt_list_isempty
                0x080088d0       0x24 ./rt-thread/components/drivers/ipc/dataqueue.o
 .text.rt_data_queue_init
                0x080088f4       0xc0 ./rt-thread/components/drivers/ipc/dataqueue.o
                0x080088f4                rt_data_queue_init
 .text.rt_data_queue_push
                0x080089b4      0x240 ./rt-thread/components/drivers/ipc/dataqueue.o
                0x080089b4                rt_data_queue_push
 .text.rt_data_queue_pop
                0x08008bf4      0x298 ./rt-thread/components/drivers/ipc/dataqueue.o
                0x08008bf4                rt_data_queue_pop
 .text.rt_data_queue_peek
                0x08008e8c       0xa0 ./rt-thread/components/drivers/ipc/dataqueue.o
                0x08008e8c                rt_data_queue_peek
 .text.rt_data_queue_reset
                0x08008f2c       0xf0 ./rt-thread/components/drivers/ipc/dataqueue.o
                0x08008f2c                rt_data_queue_reset
 .text.rt_data_queue_deinit
                0x0800901c       0x6c ./rt-thread/components/drivers/ipc/dataqueue.o
                0x0800901c                rt_data_queue_deinit
 .text.rt_data_queue_len
                0x08009088       0xc4 ./rt-thread/components/drivers/ipc/dataqueue.o
                0x08009088                rt_data_queue_len
 .text.HAL_Init
                0x0800914c       0x2c ./libraries/STM32F1xx_HAL_Driver/Src/stm32f1xx_hal.o
                0x0800914c                HAL_Init
 .text.HAL_IncTick
                0x08009178       0x24 ./libraries/STM32F1xx_HAL_Driver/Src/stm32f1xx_hal.o
                0x08009178                HAL_IncTick
 .text.__NVIC_SetPriorityGrouping
                0x0800919c       0x48 ./libraries/STM32F1xx_HAL_Driver/Src/stm32f1xx_hal_cortex.o
 .text.__NVIC_GetPriorityGrouping
                0x080091e4       0x1c ./libraries/STM32F1xx_HAL_Driver/Src/stm32f1xx_hal_cortex.o
 .text.__NVIC_EnableIRQ
                0x08009200       0x38 ./libraries/STM32F1xx_HAL_Driver/Src/stm32f1xx_hal_cortex.o
 .text.__NVIC_DisableIRQ
                0x08009238       0x44 ./libraries/STM32F1xx_HAL_Driver/Src/stm32f1xx_hal_cortex.o
 .text.__NVIC_SetPriority
                0x0800927c       0x54 ./libraries/STM32F1xx_HAL_Driver/Src/stm32f1xx_hal_cortex.o
 .text.NVIC_EncodePriority
                0x080092d0       0x60 ./libraries/STM32F1xx_HAL_Driver/Src/stm32f1xx_hal_cortex.o
 .text.SysTick_Config
                0x08009330       0x44 ./libraries/STM32F1xx_HAL_Driver/Src/stm32f1xx_hal_cortex.o
 .text.HAL_NVIC_SetPriorityGrouping
                0x08009374       0x18 ./libraries/STM32F1xx_HAL_Driver/Src/stm32f1xx_hal_cortex.o
                0x08009374                HAL_NVIC_SetPriorityGrouping
 .text.HAL_NVIC_SetPriority
                0x0800938c       0x38 ./libraries/STM32F1xx_HAL_Driver/Src/stm32f1xx_hal_cortex.o
                0x0800938c                HAL_NVIC_SetPriority
 .text.HAL_NVIC_EnableIRQ
                0x080093c4       0x1c ./libraries/STM32F1xx_HAL_Driver/Src/stm32f1xx_hal_cortex.o
                0x080093c4                HAL_NVIC_EnableIRQ
 .text.HAL_NVIC_DisableIRQ
                0x080093e0       0x1c ./libraries/STM32F1xx_HAL_Driver/Src/stm32f1xx_hal_cortex.o
                0x080093e0                HAL_NVIC_DisableIRQ
 .text.HAL_SYSTICK_Config
                0x080093fc       0x18 ./libraries/STM32F1xx_HAL_Driver/Src/stm32f1xx_hal_cortex.o
                0x080093fc                HAL_SYSTICK_Config
 .text.HAL_SYSTICK_CLKSourceConfig
                0x08009414       0x38 ./libraries/STM32F1xx_HAL_Driver/Src/stm32f1xx_hal_cortex.o
                0x08009414                HAL_SYSTICK_CLKSourceConfig
 .text.HAL_DMA_Init
                0x0800944c       0xec ./libraries/STM32F1xx_HAL_Driver/Src/stm32f1xx_hal_dma.o
                0x0800944c                HAL_DMA_Init
 .text.HAL_DMA_DeInit
                0x08009538       0xf0 ./libraries/STM32F1xx_HAL_Driver/Src/stm32f1xx_hal_dma.o
                0x08009538                HAL_DMA_DeInit
 .text.HAL_DMA_Start_IT
                0x08009628       0xc0 ./libraries/STM32F1xx_HAL_Driver/Src/stm32f1xx_hal_dma.o
                0x08009628                HAL_DMA_Start_IT
 .text.HAL_DMA_Abort_IT
                0x080096e8      0x23c ./libraries/STM32F1xx_HAL_Driver/Src/stm32f1xx_hal_dma.o
                0x080096e8                HAL_DMA_Abort_IT
 .text.HAL_DMA_IRQHandler
                0x08009924      0x4d0 ./libraries/STM32F1xx_HAL_Driver/Src/stm32f1xx_hal_dma.o
                0x08009924                HAL_DMA_IRQHandler
 .text.DMA_SetConfig
                0x08009df4       0x5c ./libraries/STM32F1xx_HAL_Driver/Src/stm32f1xx_hal_dma.o
 .text.HAL_GPIO_Init
                0x08009e50      0x2d4 ./libraries/STM32F1xx_HAL_Driver/Src/stm32f1xx_hal_gpio.o
                0x08009e50                HAL_GPIO_Init
 .text.HAL_GPIO_DeInit
                0x0800a124      0x198 ./libraries/STM32F1xx_HAL_Driver/Src/stm32f1xx_hal_gpio.o
                0x0800a124                HAL_GPIO_DeInit
 .text.HAL_GPIO_ReadPin
                0x0800a2bc       0x30 ./libraries/STM32F1xx_HAL_Driver/Src/stm32f1xx_hal_gpio.o
                0x0800a2bc                HAL_GPIO_ReadPin
 .text.HAL_GPIO_WritePin
                0x0800a2ec       0x30 ./libraries/STM32F1xx_HAL_Driver/Src/stm32f1xx_hal_gpio.o
                0x0800a2ec                HAL_GPIO_WritePin
 .text.HAL_GPIO_EXTI_IRQHandler
                0x0800a31c       0x30 ./libraries/STM32F1xx_HAL_Driver/Src/stm32f1xx_hal_gpio.o
                0x0800a31c                HAL_GPIO_EXTI_IRQHandler
 .text.HAL_RCC_OscConfig
                0x0800a34c      0x4fc ./libraries/STM32F1xx_HAL_Driver/Src/stm32f1xx_hal_rcc.o
                0x0800a34c                HAL_RCC_OscConfig
 .text.HAL_RCC_ClockConfig
                0x0800a848      0x1d4 ./libraries/STM32F1xx_HAL_Driver/Src/stm32f1xx_hal_rcc.o
                0x0800a848                HAL_RCC_ClockConfig
 .text.HAL_RCC_GetSysClockFreq
                0x0800aa1c       0xc8 ./libraries/STM32F1xx_HAL_Driver/Src/stm32f1xx_hal_rcc.o
                0x0800aa1c                HAL_RCC_GetSysClockFreq
 .text.HAL_RCC_GetHCLKFreq
                0x0800aae4       0x14 ./libraries/STM32F1xx_HAL_Driver/Src/stm32f1xx_hal_rcc.o
                0x0800aae4                HAL_RCC_GetHCLKFreq
 .text.HAL_RCC_GetPCLK1Freq
                0x0800aaf8       0x28 ./libraries/STM32F1xx_HAL_Driver/Src/stm32f1xx_hal_rcc.o
                0x0800aaf8                HAL_RCC_GetPCLK1Freq
 .text.HAL_RCC_GetPCLK2Freq
                0x0800ab20       0x28 ./libraries/STM32F1xx_HAL_Driver/Src/stm32f1xx_hal_rcc.o
                0x0800ab20                HAL_RCC_GetPCLK2Freq
 .text.RCC_Delay
                0x0800ab48       0x3c ./libraries/STM32F1xx_HAL_Driver/Src/stm32f1xx_hal_rcc.o
 .text.HAL_TIM_PWM_Init
                0x0800ab84       0x58 ./libraries/STM32F1xx_HAL_Driver/Src/stm32f1xx_hal_tim.o
                0x0800ab84                HAL_TIM_PWM_Init
 .text.HAL_TIM_PWM_Start
                0x0800abdc       0x7c ./libraries/STM32F1xx_HAL_Driver/Src/stm32f1xx_hal_tim.o
                0x0800abdc                HAL_TIM_PWM_Start
 .text.HAL_TIM_Encoder_Init
                0x0800ac58      0x11c ./libraries/STM32F1xx_HAL_Driver/Src/stm32f1xx_hal_tim.o
                0x0800ac58                HAL_TIM_Encoder_Init
 .text.HAL_TIM_PWM_ConfigChannel
                0x0800ad74      0x18c ./libraries/STM32F1xx_HAL_Driver/Src/stm32f1xx_hal_tim.o
                0x0800ad74                HAL_TIM_PWM_ConfigChannel
 .text.TIM_Base_SetConfig
                0x0800af00       0xf4 ./libraries/STM32F1xx_HAL_Driver/Src/stm32f1xx_hal_tim.o
                0x0800af00                TIM_Base_SetConfig
 .text.TIM_OC1_SetConfig
                0x0800aff4       0xe0 ./libraries/STM32F1xx_HAL_Driver/Src/stm32f1xx_hal_tim.o
 .text.TIM_OC2_SetConfig
                0x0800b0d4       0xe8 ./libraries/STM32F1xx_HAL_Driver/Src/stm32f1xx_hal_tim.o
                0x0800b0d4                TIM_OC2_SetConfig
 .text.TIM_OC3_SetConfig
                0x0800b1bc       0xe8 ./libraries/STM32F1xx_HAL_Driver/Src/stm32f1xx_hal_tim.o
 .text.TIM_OC4_SetConfig
                0x0800b2a4       0xa8 ./libraries/STM32F1xx_HAL_Driver/Src/stm32f1xx_hal_tim.o
 .text.TIM_CCxChannelCmd
                0x0800b34c       0x48 ./libraries/STM32F1xx_HAL_Driver/Src/stm32f1xx_hal_tim.o
                0x0800b34c                TIM_CCxChannelCmd
 .text.HAL_TIMEx_MasterConfigSynchronization
                0x0800b394       0x88 ./libraries/STM32F1xx_HAL_Driver/Src/stm32f1xx_hal_tim_ex.o
                0x0800b394                HAL_TIMEx_MasterConfigSynchronization
 .text.HAL_TIMEx_ConfigBreakDeadTime
                0x0800b41c       0xa4 ./libraries/STM32F1xx_HAL_Driver/Src/stm32f1xx_hal_tim_ex.o
                0x0800b41c                HAL_TIMEx_ConfigBreakDeadTime
 .text.HAL_UART_Init
                0x0800b4c0       0x9c ./libraries/STM32F1xx_HAL_Driver/Src/stm32f1xx_hal_uart.o
                0x0800b4c0                HAL_UART_Init
 .text.HAL_UART_Transmit_DMA
                0x0800b55c       0xd8 ./libraries/STM32F1xx_HAL_Driver/Src/stm32f1xx_hal_uart.o
                0x0800b55c                HAL_UART_Transmit_DMA
 .text.HAL_UART_Receive_DMA
                0x0800b634      0x100 ./libraries/STM32F1xx_HAL_Driver/Src/stm32f1xx_hal_uart.o
                0x0800b634                HAL_UART_Receive_DMA
 .text.HAL_UART_IRQHandler
                0x0800b734      0x1f8 ./libraries/STM32F1xx_HAL_Driver/Src/stm32f1xx_hal_uart.o
                0x0800b734                HAL_UART_IRQHandler
 .text.HAL_UART_TxHalfCpltCallback
                0x0800b92c       0x14 ./libraries/STM32F1xx_HAL_Driver/Src/stm32f1xx_hal_uart.o
                0x0800b92c                HAL_UART_TxHalfCpltCallback
 .text.UART_DMATransmitCplt
                0x0800b940       0x54 ./libraries/STM32F1xx_HAL_Driver/Src/stm32f1xx_hal_uart.o
 .text.UART_DMATxHalfCplt
                0x0800b994       0x1c ./libraries/STM32F1xx_HAL_Driver/Src/stm32f1xx_hal_uart.o
 .text.UART_DMAReceiveCplt
                0x0800b9b0       0x68 ./libraries/STM32F1xx_HAL_Driver/Src/stm32f1xx_hal_uart.o
 .text.UART_DMARxHalfCplt
                0x0800ba18       0x1c ./libraries/STM32F1xx_HAL_Driver/Src/stm32f1xx_hal_uart.o
 .text.UART_DMAError
                0x0800ba34       0x94 ./libraries/STM32F1xx_HAL_Driver/Src/stm32f1xx_hal_uart.o
 .text.UART_EndTxTransfer
                0x0800bac8       0x2c ./libraries/STM32F1xx_HAL_Driver/Src/stm32f1xx_hal_uart.o
 .text.UART_EndRxTransfer
                0x0800baf4       0x3c ./libraries/STM32F1xx_HAL_Driver/Src/stm32f1xx_hal_uart.o
 .text.UART_DMAAbortOnError
                0x0800bb30       0x28 ./libraries/STM32F1xx_HAL_Driver/Src/stm32f1xx_hal_uart.o
 .text.UART_Transmit_IT
                0x0800bb58       0xa8 ./libraries/STM32F1xx_HAL_Driver/Src/stm32f1xx_hal_uart.o
 .text.UART_EndTransmit_IT
                0x0800bc00       0x30 ./libraries/STM32F1xx_HAL_Driver/Src/stm32f1xx_hal_uart.o
 .text.UART_Receive_IT
                0x0800bc30      0x104 ./libraries/STM32F1xx_HAL_Driver/Src/stm32f1xx_hal_uart.o
 .text.UART_SetConfig
                0x0800bd34      0x1b4 ./libraries/STM32F1xx_HAL_Driver/Src/stm32f1xx_hal_uart.o
 .text.Reset_Handler
                0x0800bee8       0x44 ./libraries/CMSIS/Device/ST/STM32F1xx/Source/Templates/gcc/startup_stm32f103xe.o
                0x0800bee8                Reset_Handler
 .text.Default_Handler
                0x0800bf2c        0x2 ./libraries/CMSIS/Device/ST/STM32F1xx/Source/Templates/gcc/startup_stm32f103xe.o
                0x0800bf2c                RTC_Alarm_IRQHandler
                0x0800bf2c                TIM8_TRG_COM_IRQHandler
                0x0800bf2c                TIM8_CC_IRQHandler
                0x0800bf2c                DebugMon_Handler
                0x0800bf2c                TIM1_CC_IRQHandler
                0x0800bf2c                TIM6_IRQHandler
                0x0800bf2c                PVD_IRQHandler
                0x0800bf2c                SDIO_IRQHandler
                0x0800bf2c                NMI_Handler
                0x0800bf2c                I2C2_EV_IRQHandler
                0x0800bf2c                UsageFault_Handler
                0x0800bf2c                ADC1_2_IRQHandler
                0x0800bf2c                SPI1_IRQHandler
                0x0800bf2c                TAMPER_IRQHandler
                0x0800bf2c                TIM8_UP_IRQHandler
                0x0800bf2c                DMA2_Channel2_IRQHandler
                0x0800bf2c                DMA1_Channel4_IRQHandler
                0x0800bf2c                USART3_IRQHandler
                0x0800bf2c                RTC_IRQHandler
                0x0800bf2c                DMA1_Channel7_IRQHandler
                0x0800bf2c                CAN1_RX1_IRQHandler
                0x0800bf2c                UART5_IRQHandler
                0x0800bf2c                ADC3_IRQHandler
                0x0800bf2c                TIM4_IRQHandler
                0x0800bf2c                DMA2_Channel1_IRQHandler
                0x0800bf2c                I2C1_EV_IRQHandler
                0x0800bf2c                DMA1_Channel6_IRQHandler
                0x0800bf2c                TIM3_IRQHandler
                0x0800bf2c                RCC_IRQHandler
                0x0800bf2c                TIM1_TRG_COM_IRQHandler
                0x0800bf2c                DMA1_Channel1_IRQHandler
                0x0800bf2c                Default_Handler
                0x0800bf2c                TIM7_IRQHandler
                0x0800bf2c                TIM5_IRQHandler
                0x0800bf2c                SPI2_IRQHandler
                0x0800bf2c                MemManage_Handler
                0x0800bf2c                SVC_Handler
                0x0800bf2c                DMA1_Channel5_IRQHandler
                0x0800bf2c                USB_LP_CAN1_RX0_IRQHandler
                0x0800bf2c                USB_HP_CAN1_TX_IRQHandler
                0x0800bf2c                DMA1_Channel3_IRQHandler
                0x0800bf2c                FSMC_IRQHandler
                0x0800bf2c                TIM1_UP_IRQHandler
                0x0800bf2c                WWDG_IRQHandler
                0x0800bf2c                TIM2_IRQHandler
                0x0800bf2c                TIM1_BRK_IRQHandler
                0x0800bf2c                DMA2_Channel4_5_IRQHandler
                0x0800bf2c                USART2_IRQHandler
                0x0800bf2c                I2C2_ER_IRQHandler
                0x0800bf2c                DMA1_Channel2_IRQHandler
                0x0800bf2c                TIM8_BRK_IRQHandler
                0x0800bf2c                CAN1_SCE_IRQHandler
                0x0800bf2c                FLASH_IRQHandler
                0x0800bf2c                BusFault_Handler
                0x0800bf2c                SPI3_IRQHandler
                0x0800bf2c                I2C1_ER_IRQHandler
                0x0800bf2c                USBWakeUp_IRQHandler
 *fill*         0x0800bf2e        0x2 00000000
 .text.SystemInit
                0x0800bf30       0x68 ./libraries/CMSIS/Device/ST/STM32F1xx/Source/Templates/system_stm32f1xx.o
                0x0800bf30                SystemInit
 .text.rt_hw_board_init
                0x0800bf98       0x7c ./drivers/board.o
                0x0800bf98                rt_hw_board_init
 .text.clock_information
                0x0800c014       0x10 ./drivers/drv_clk.o
                0x0800c014                clock_information
 .text.clk_init
                0x0800c024       0x18 ./drivers/drv_clk.o
                0x0800c024                clk_init
 .text.rt_hw_systick_init
                0x0800c03c       0x34 ./drivers/drv_common.o
                0x0800c03c                rt_hw_systick_init
 .text.SysTick_Handler
                0x0800c070       0x18 ./drivers/drv_common.o
                0x0800c070                SysTick_Handler
 .text.HAL_GetTick
                0x0800c088       0x24 ./drivers/drv_common.o
                0x0800c088                HAL_GetTick
 .text.HAL_InitTick
                0x0800c0ac       0x14 ./drivers/drv_common.o
                0x0800c0ac                HAL_InitTick
 .text.hw_board_init
                0x0800c0c0       0x44 ./drivers/drv_common.o
                0x0800c0c0                hw_board_init
 .text.get_pin  0x0800c104       0x44 ./drivers/drv_gpio.o
 .text.stm32_pin_write
                0x0800c148       0x3c ./drivers/drv_gpio.o
 .text.stm32_pin_read
                0x0800c184       0x44 ./drivers/drv_gpio.o
 .text.stm32_pin_mode
                0x0800c1c8       0x98 ./drivers/drv_gpio.o
 .text.bit2bitno
                0x0800c260       0x3c ./drivers/drv_gpio.o
 .text.get_pin_irq_map
                0x0800c29c       0x34 ./drivers/drv_gpio.o
 .text.stm32_pin_attach_irq
                0x0800c2d0      0x148 ./drivers/drv_gpio.o
 .text.stm32_pin_dettach_irq
                0x0800c418       0xd0 ./drivers/drv_gpio.o
 .text.stm32_pin_irq_enable
                0x0800c4e8      0x1e0 ./drivers/drv_gpio.o
 .text.pin_irq_hdr
                0x0800c6c8       0x54 ./drivers/drv_gpio.o
 .text.HAL_GPIO_EXTI_Callback
                0x0800c71c       0x24 ./drivers/drv_gpio.o
                0x0800c71c                HAL_GPIO_EXTI_Callback
 .text.EXTI0_IRQHandler
                0x0800c740       0x18 ./drivers/drv_gpio.o
                0x0800c740                EXTI0_IRQHandler
 .text.EXTI1_IRQHandler
                0x0800c758       0x18 ./drivers/drv_gpio.o
                0x0800c758                EXTI1_IRQHandler
 .text.EXTI2_IRQHandler
                0x0800c770       0x18 ./drivers/drv_gpio.o
                0x0800c770                EXTI2_IRQHandler
 .text.EXTI3_IRQHandler
                0x0800c788       0x18 ./drivers/drv_gpio.o
                0x0800c788                EXTI3_IRQHandler
 .text.EXTI4_IRQHandler
                0x0800c7a0       0x18 ./drivers/drv_gpio.o
                0x0800c7a0                EXTI4_IRQHandler
 .text.EXTI9_5_IRQHandler
                0x0800c7b8       0x34 ./drivers/drv_gpio.o
                0x0800c7b8                EXTI9_5_IRQHandler
 .text.EXTI15_10_IRQHandler
                0x0800c7ec       0x40 ./drivers/drv_gpio.o
                0x0800c7ec                EXTI15_10_IRQHandler
 .text.rt_hw_pin_init
                0x0800c82c       0xd0 ./drivers/drv_gpio.o
                0x0800c82c                rt_hw_pin_init
 .text.__NVIC_EnableIRQ
                0x0800c8fc       0x38 ./drivers/drv_usart.o
 .text.__NVIC_DisableIRQ
                0x0800c934       0x44 ./drivers/drv_usart.o
 .text.stm32_uart_clk_enable
                0x0800c978       0x6c ./drivers/drv_usart.o
 .text.stm32_gpio_clk_enable
                0x0800c9e4      0x170 ./drivers/drv_usart.o
 .text.up_char  0x0800cb54       0x30 ./drivers/drv_usart.o
 .text.get_pin_by_name
                0x0800cb84       0x58 ./drivers/drv_usart.o
 .text.stm32_get_pin
                0x0800cbdc       0x38 ./drivers/drv_usart.o
 .text.stm32_gpio_configure
                0x0800cc14      0x274 ./drivers/drv_usart.o
 .text.stm32_configure
                0x0800ce88      0x12c ./drivers/drv_usart.o
 .text.stm32_control
                0x0800cfb4       0x94 ./drivers/drv_usart.o
 .text.stm32_putc
                0x0800d048       0x58 ./drivers/drv_usart.o
 .text.stm32_getc
                0x0800d0a0       0x50 ./drivers/drv_usart.o
 .text.stm32_dma_transmit
                0x0800d0f0       0x64 ./drivers/drv_usart.o
 .text.uart_isr
                0x0800d154      0x21c ./drivers/drv_usart.o
 .text.dma_isr  0x0800d370       0xb8 ./drivers/drv_usart.o
 .text.USART1_IRQHandler
                0x0800d428       0x1c ./drivers/drv_usart.o
                0x0800d428                USART1_IRQHandler
 .text.UART4_IRQHandler
                0x0800d444       0x1c ./drivers/drv_usart.o
                0x0800d444                UART4_IRQHandler
 .text.DMA2_Channel3_IRQHandler
                0x0800d460       0x1c ./drivers/drv_usart.o
                0x0800d460                DMA2_Channel3_IRQHandler
 .text.stm32_dma_config
                0x0800d47c      0x1d0 ./drivers/drv_usart.o
 .text.HAL_UART_ErrorCallback
                0x0800d64c       0x30 ./drivers/drv_usart.o
                0x0800d64c                HAL_UART_ErrorCallback
 .text.HAL_UART_RxCpltCallback
                0x0800d67c       0x38 ./drivers/drv_usart.o
                0x0800d67c                HAL_UART_RxCpltCallback
 .text.HAL_UART_RxHalfCpltCallback
                0x0800d6b4       0x38 ./drivers/drv_usart.o
                0x0800d6b4                HAL_UART_RxHalfCpltCallback
 .text.HAL_UART_TxCpltCallback
                0x0800d6ec       0x3c ./drivers/drv_usart.o
                0x0800d6ec                HAL_UART_TxCpltCallback
 .text.stm32_uart_get_dma_config
                0x0800d728       0x40 ./drivers/drv_usart.o
 .text.rt_hw_usart_init
                0x0800d768      0x108 ./drivers/drv_usart.o
                0x0800d768                rt_hw_usart_init
 .text.MX_DMA_Init
                0x0800d870       0x4c ./cubemx/Src/dma.o
                0x0800d870                MX_DMA_Init
 .text.MX_GPIO_Init
                0x0800d8bc       0x8c ./cubemx/Src/gpio.o
                0x0800d8bc                MX_GPIO_Init
 .text.SystemClock_Config
                0x0800d948       0x8c ./cubemx/Src/main.o
                0x0800d948                SystemClock_Config
 .text.Error_Handler
                0x0800d9d4        0x8 ./cubemx/Src/main.o
                0x0800d9d4                Error_Handler
 .text.HAL_MspInit
                0x0800d9dc       0x5c ./cubemx/Src/stm32f1xx_hal_msp.o
                0x0800d9dc                HAL_MspInit
 .text.MX_TIM1_Init
                0x0800da38       0xb0 ./cubemx/Src/tim.o
                0x0800da38                MX_TIM1_Init
 .text.MX_TIM5_Init
                0x0800dae8       0xc8 ./cubemx/Src/tim.o
                0x0800dae8                MX_TIM5_Init
 .text.MX_TIM8_Init
                0x0800dbb0      0x120 ./cubemx/Src/tim.o
                0x0800dbb0                MX_TIM8_Init
 .text.HAL_TIM_Encoder_MspInit
                0x0800dcd0      0x1d0 ./cubemx/Src/tim.o
                0x0800dcd0                HAL_TIM_Encoder_MspInit
 .text.HAL_TIM_PWM_MspInit
                0x0800dea0       0x64 ./cubemx/Src/tim.o
                0x0800dea0                HAL_TIM_PWM_MspInit
 .text.HAL_TIM_MspPostInit
                0x0800df04       0xac ./cubemx/Src/tim.o
                0x0800df04                HAL_TIM_MspPostInit
 .text.MX_UART4_Init
                0x0800dfb0       0x54 ./cubemx/Src/usart.o
                0x0800dfb0                MX_UART4_Init
 .text.MX_USART1_UART_Init
                0x0800e004       0x54 ./cubemx/Src/usart.o
                0x0800e004                MX_USART1_UART_Init
 .text.HAL_UART_MspInit
                0x0800e058      0x1dc ./cubemx/Src/usart.o
                0x0800e058                HAL_UART_MspInit
 .text.motor_cmd_init
                0x0800e234       0x54 ./applications/motor/motor_cmd.o
                0x0800e234                motor_cmd_init
 .text.send_frame
                0x0800e288       0x2c ./applications/motor/motor_cmd.o
 .text.motor_cmd_speed
                0x0800e2b4       0x60 ./applications/motor/motor_cmd.o
                0x0800e2b4                motor_cmd_speed
 .text.motor_cmd_stop
                0x0800e314       0x40 ./applications/motor/motor_cmd.o
                0x0800e314                motor_cmd_stop
 .text.motor_cmd_sync
                0x0800e354       0x30 ./applications/motor/motor_cmd.o
                0x0800e354                motor_cmd_sync
 .text.motion_forward
                0x0800e384       0x5c ./applications/motor/motor_motion.o
                0x0800e384                motion_forward
 .text.motion_backward
                0x0800e3e0       0x5c ./applications/motor/motor_motion.o
                0x0800e3e0                motion_backward
 .text.motion_strafe_left
                0x0800e43c       0x5c ./applications/motor/motor_motion.o
                0x0800e43c                motion_strafe_left
 .text.motion_strafe_right
                0x0800e498       0x5c ./applications/motor/motor_motion.o
                0x0800e498                motion_strafe_right
 .text.motion_stop
                0x0800e4f4       0x30 ./applications/motor/motor_motion.o
                0x0800e4f4                motion_stop
 .text.motion_rotate_cw
                0x0800e524       0x5c ./applications/motor/motor_motion.o
                0x0800e524                motion_rotate_cw
 .text.motor_state_set
                0x0800e580       0x2c ./applications/motor/motor_state.o
                0x0800e580                motor_state_set
 .text.motor_state_poll
                0x0800e5ac       0x6c ./applications/motor/motor_state.o
                0x0800e5ac                motor_state_poll
 .text.state_thread
                0x0800e618       0x5c ./applications/motor/motor_thread.o
 .text.motor_thread_init
                0x0800e674       0x50 ./applications/motor/motor_thread.o
                0x0800e674                motor_thread_init
 .text.test_event_thread
                0x0800e6c4       0x44 ./applications/motor/motor_thread.o
 .text.test_thread_init
                0x0800e708       0x3c ./applications/motor/motor_thread.o
                0x0800e708                test_thread_init
 .text.main     0x0800e744       0x10 ./applications/main.o
                0x0800e744                main
 .text.atoi     0x0800e754        0x8 e:/rt-threadstudio/repo/extract/toolchain_support_packages/arm/gnu_tools_for_arm_embedded_processors/5.4.1/bin/../lib/gcc/arm-none-eabi/5.4.1/../../../../arm-none-eabi/lib/armv7-m\libc.a(lib_a-atoi.o)
                0x0800e754                atoi
 .text.__get_current_locale
                0x0800e75c       0x18 e:/rt-threadstudio/repo/extract/toolchain_support_packages/arm/gnu_tools_for_arm_embedded_processors/5.4.1/bin/../lib/gcc/arm-none-eabi/5.4.1/../../../../arm-none-eabi/lib/armv7-m\libc.a(lib_a-locale.o)
 .text.__locale_ctype_ptr_l
                0x0800e774        0x8 e:/rt-threadstudio/repo/extract/toolchain_support_packages/arm/gnu_tools_for_arm_embedded_processors/5.4.1/bin/../lib/gcc/arm-none-eabi/5.4.1/../../../../arm-none-eabi/lib/armv7-m\libc.a(lib_a-locale.o)
                0x0800e774                __locale_ctype_ptr_l
 .text.__locale_ctype_ptr
                0x0800e77c       0x14 e:/rt-threadstudio/repo/extract/toolchain_support_packages/arm/gnu_tools_for_arm_embedded_processors/5.4.1/bin/../lib/gcc/arm-none-eabi/5.4.1/../../../../arm-none-eabi/lib/armv7-m\libc.a(lib_a-locale.o)
                0x0800e77c                __locale_ctype_ptr
 .text.malloc   0x0800e790       0x10 e:/rt-threadstudio/repo/extract/toolchain_support_packages/arm/gnu_tools_for_arm_embedded_processors/5.4.1/bin/../lib/gcc/arm-none-eabi/5.4.1/../../../../arm-none-eabi/lib/armv7-m\libc.a(lib_a-malloc.o)
                0x0800e790                malloc
 .text.__ascii_mbtowc
                0x0800e7a0       0x2c e:/rt-threadstudio/repo/extract/toolchain_support_packages/arm/gnu_tools_for_arm_embedded_processors/5.4.1/bin/../lib/gcc/arm-none-eabi/5.4.1/../../../../arm-none-eabi/lib/armv7-m\libc.a(lib_a-mbtowc_r.o)
                0x0800e7a0                __ascii_mbtowc
 .text.memcmp   0x0800e7cc       0x64 e:/rt-threadstudio/repo/extract/toolchain_support_packages/arm/gnu_tools_for_arm_embedded_processors/5.4.1/bin/../lib/gcc/arm-none-eabi/5.4.1/../../../../arm-none-eabi/lib/armv7-m\libc.a(lib_a-memcmp.o)
                0x0800e7cc                memcmp
 .text.memset   0x0800e830       0x9c e:/rt-threadstudio/repo/extract/toolchain_support_packages/arm/gnu_tools_for_arm_embedded_processors/5.4.1/bin/../lib/gcc/arm-none-eabi/5.4.1/../../../../arm-none-eabi/lib/armv7-m\libc.a(lib_a-memset.o)
                0x0800e830                memset
 .text.strlen   0x0800e8cc       0x5c e:/rt-threadstudio/repo/extract/toolchain_support_packages/arm/gnu_tools_for_arm_embedded_processors/5.4.1/bin/../lib/gcc/arm-none-eabi/5.4.1/../../../../arm-none-eabi/lib/armv7-m\libc.a(lib_a-strlen-stub.o)
                0x0800e8cc                strlen
 .text.strncat  0x0800e928       0x5c e:/rt-threadstudio/repo/extract/toolchain_support_packages/arm/gnu_tools_for_arm_embedded_processors/5.4.1/bin/../lib/gcc/arm-none-eabi/5.4.1/../../../../arm-none-eabi/lib/armv7-m\libc.a(lib_a-strncat.o)
                0x0800e928                strncat
 .text.strncmp  0x0800e984       0x9c e:/rt-threadstudio/repo/extract/toolchain_support_packages/arm/gnu_tools_for_arm_embedded_processors/5.4.1/bin/../lib/gcc/arm-none-eabi/5.4.1/../../../../arm-none-eabi/lib/armv7-m\libc.a(lib_a-strncmp.o)
                0x0800e984                strncmp
 .text.strncpy  0x0800ea20       0x68 e:/rt-threadstudio/repo/extract/toolchain_support_packages/arm/gnu_tools_for_arm_embedded_processors/5.4.1/bin/../lib/gcc/arm-none-eabi/5.4.1/../../../../arm-none-eabi/lib/armv7-m\libc.a(lib_a-strncpy.o)
                0x0800ea20                strncpy
 .text._strtol_l.isra.0
                0x0800ea88      0x138 e:/rt-threadstudio/repo/extract/toolchain_support_packages/arm/gnu_tools_for_arm_embedded_processors/5.4.1/bin/../lib/gcc/arm-none-eabi/5.4.1/../../../../arm-none-eabi/lib/armv7-m\libc.a(lib_a-strtol.o)
 .text.strtol   0x0800ebc0       0x2c e:/rt-threadstudio/repo/extract/toolchain_support_packages/arm/gnu_tools_for_arm_embedded_processors/5.4.1/bin/../lib/gcc/arm-none-eabi/5.4.1/../../../../arm-none-eabi/lib/armv7-m\libc.a(lib_a-strtol.o)
                0x0800ebc0                strtol
 .text.__ascii_wctomb
                0x0800ebec       0x1c e:/rt-threadstudio/repo/extract/toolchain_support_packages/arm/gnu_tools_for_arm_embedded_processors/5.4.1/bin/../lib/gcc/arm-none-eabi/5.4.1/../../../../arm-none-eabi/lib/armv7-m\libc.a(lib_a-wctomb_r.o)
                0x0800ebec                __ascii_wctomb
 .text.startup.register_fini
                0x0800ec08       0x14 e:/rt-threadstudio/repo/extract/toolchain_support_packages/arm/gnu_tools_for_arm_embedded_processors/5.4.1/bin/../lib/gcc/arm-none-eabi/5.4.1/../../../../arm-none-eabi/lib/armv7-m\libc.a(lib_a-__call_atexit.o)
 .text.atexit   0x0800ec1c        0xc e:/rt-threadstudio/repo/extract/toolchain_support_packages/arm/gnu_tools_for_arm_embedded_processors/5.4.1/bin/../lib/gcc/arm-none-eabi/5.4.1/../../../../arm-none-eabi/lib/armv7-m\libc.a(lib_a-atexit.o)
                0x0800ec1c                atexit
 .text.__libc_fini_array
                0x0800ec28       0x28 e:/rt-threadstudio/repo/extract/toolchain_support_packages/arm/gnu_tools_for_arm_embedded_processors/5.4.1/bin/../lib/gcc/arm-none-eabi/5.4.1/../../../../arm-none-eabi/lib/armv7-m\libc.a(lib_a-fini.o)
                0x0800ec28                __libc_fini_array
 .text.__register_exitproc
                0x0800ec50       0xa4 e:/rt-threadstudio/repo/extract/toolchain_support_packages/arm/gnu_tools_for_arm_embedded_processors/5.4.1/bin/../lib/gcc/arm-none-eabi/5.4.1/../../../../arm-none-eabi/lib/armv7-m\libc.a(lib_a-__atexit.o)
                0x0800ec50                __register_exitproc
 *(.rodata)
 .rodata        0x0800ecf4       0x17 ./rt-thread/src/components.o
 *fill*         0x0800ed0b        0x1 00000000
 .rodata        0x0800ed0c       0xf4 ./rt-thread/src/device.o
 .rodata        0x0800ee00        0x8 ./rt-thread/src/idle.o
 .rodata        0x0800ee08      0x4de ./rt-thread/src/ipc.o
 *fill*         0x0800f2e6        0x2 00000000
 .rodata        0x0800f2e8      0x1cf ./rt-thread/src/kservice.o
 *fill*         0x0800f4b7        0x1 00000000
 .rodata        0x0800f4b8      0x41b ./rt-thread/src/mem.o
 *fill*         0x0800f8d3        0x1 00000000
 .rodata        0x0800f8d4       0x91 ./rt-thread/src/object.o
 *fill*         0x0800f965        0x3 00000000
 .rodata        0x0800f968       0x65 ./rt-thread/src/scheduler.o
 *fill*         0x0800f9cd        0x3 00000000
 .rodata        0x0800f9d0      0x19f ./rt-thread/src/thread.o
 *fill*         0x0800fb6f        0x1 00000000
 .rodata        0x0800fb70      0x10e ./rt-thread/src/timer.o
 *fill*         0x0800fc7e        0x2 00000000
 .rodata        0x0800fc80      0x2be ./rt-thread/libcpu/arm/cortex-m3/cpuport.o
 *fill*         0x0800ff3e        0x2 00000000
 .rodata        0x0800ff40      0x7df ./rt-thread/components/finsh/cmd.o
 *fill*         0x0801071f        0x1 00000000
 .rodata        0x08010720       0xb8 ./rt-thread/components/finsh/msh.o
 .rodata        0x080107d8       0x91 ./rt-thread/components/finsh/shell.o
 *fill*         0x08010869        0x3 00000000
 .rodata        0x0801086c      0x1a2 ./rt-thread/components/drivers/serial/serial.o
 *fill*         0x08010a0e        0x2 00000000
 .rodata        0x08010a10      0x2aa ./rt-thread/components/drivers/misc/pin.o
 *fill*         0x08010cba        0x2 00000000
 .rodata        0x08010cbc       0xd7 ./rt-thread/components/drivers/ipc/completion.o
 *fill*         0x08010d93        0x1 00000000
 .rodata        0x08010d94       0xf4 ./rt-thread/components/drivers/ipc/dataqueue.o
 .rodata        0x08010e88       0x12 ./libraries/STM32F1xx_HAL_Driver/Src/stm32f1xx_hal_rcc.o
 *fill*         0x08010e9a        0x2 00000000
 .rodata        0x08010e9c        0xa ./drivers/board.o
 *fill*         0x08010ea6        0x2 00000000
 .rodata        0x08010ea8        0x4 ./drivers/drv_gpio.o
 .rodata        0x08010eac      0x12c ./drivers/drv_usart.o
 .rodata        0x08010fd8       0x1b ./applications/motor/motor_cmd.o
 *fill*         0x08010ff3        0x1 00000000
 .rodata        0x08010ff4       0x16 ./applications/motor/motor_state.o
 *fill*         0x0801100a        0x2 00000000
 .rodata        0x0801100c       0x49 ./applications/motor/motor_thread.o
 *(.rodata*)
 *fill*         0x08011055        0x3 00000000
 .rodata.__FUNCTION__.5504
                0x08011058       0x14 ./rt-thread/src/components.o
 .rodata.__FUNCTION__.5413
                0x0801106c        0xf ./rt-thread/src/device.o
 *fill*         0x0801107b        0x1 00000000
 .rodata.__FUNCTION__.5418
                0x0801107c       0x10 ./rt-thread/src/device.o
 .rodata.__FUNCTION__.5425
                0x0801108c        0xf ./rt-thread/src/device.o
 *fill*         0x0801109b        0x1 00000000
 .rodata.__FUNCTION__.5432
                0x0801109c       0x10 ./rt-thread/src/device.o
 .rodata.__FUNCTION__.5445
                0x080110ac       0x1a ./rt-thread/src/device.o
 *fill*         0x080110c6        0x2 00000000
 .rodata.__FUNCTION__.5497
                0x080110c8        0xc ./rt-thread/src/ipc.o
 .rodata.__FUNCTION__.5521
                0x080110d4        0xc ./rt-thread/src/ipc.o
 .rodata.__FUNCTION__.5478
                0x080110e0       0x12 ./rt-thread/src/ipc.o
 *fill*         0x080110f2        0x2 00000000
 .rodata.__FUNCTION__.5533
                0x080110f4        0xf ./rt-thread/src/ipc.o
 *fill*         0x08011103        0x1 00000000
 .rodata.__FUNCTION__.5547
                0x08011104        0xe ./rt-thread/src/ipc.o
 *fill*         0x08011112        0x2 00000000
 .rodata.__FUNCTION__.5571
                0x08011114        0xe ./rt-thread/src/ipc.o
 *fill*         0x08011122        0x2 00000000
 .rodata.__FUNCTION__.5583
                0x08011124       0x11 ./rt-thread/src/ipc.o
 *fill*         0x08011135        0x3 00000000
 .rodata.__FUNCTION__.5597
                0x08011138        0xe ./rt-thread/src/ipc.o
 *fill*         0x08011146        0x2 00000000
 .rodata.__FUNCTION__.5623
                0x08011148        0xe ./rt-thread/src/ipc.o
 *fill*         0x08011156        0x2 00000000
 .rodata.__FUNCTION__.5637
                0x08011158        0xe ./rt-thread/src/ipc.o
 *fill*         0x08011166        0x2 00000000
 .rodata.large_digits.5584
                0x08011168       0x11 ./rt-thread/src/kservice.o
 *fill*         0x08011179        0x3 00000000
 .rodata.small_digits.5583
                0x0801117c       0x11 ./rt-thread/src/kservice.o
 *fill*         0x0801118d        0x3 00000000
 .rodata.__FUNCTION__.5734
                0x08011190       0x14 ./rt-thread/src/kservice.o
 .rodata.__FUNCTION__.5721
                0x080111a4        0xd ./rt-thread/src/kservice.o
 *fill*         0x080111b1        0x3 00000000
 .rodata.__FUNCTION__.5471
                0x080111b4        0xb ./rt-thread/src/mem.o
 *fill*         0x080111bf        0x1 00000000
 .rodata.__FUNCTION__.5496
                0x080111c0        0xe ./rt-thread/src/mem.o
 *fill*         0x080111ce        0x2 00000000
 .rodata.__FUNCTION__.5521
                0x080111d0        0xd ./rt-thread/src/mem.o
 *fill*         0x080111dd        0x3 00000000
 .rodata.__FUNCTION__.5536
                0x080111e0        0xf ./rt-thread/src/object.o
 *fill*         0x080111ef        0x1 00000000
 .rodata.__FUNCTION__.5545
                0x080111f0       0x11 ./rt-thread/src/object.o
 *fill*         0x08011201        0x3 00000000
 .rodata.__FUNCTION__.5554
                0x08011204       0x13 ./rt-thread/src/object.o
 *fill*         0x08011217        0x1 00000000
 .rodata.__FUNCTION__.5559
                0x08011218       0x11 ./rt-thread/src/object.o
 *fill*         0x08011229        0x3 00000000
 .rodata.__FUNCTION__.5563
                0x0801122c       0x1a ./rt-thread/src/object.o
 *fill*         0x08011246        0x2 00000000
 .rodata.__FUNCTION__.5567
                0x08011248       0x13 ./rt-thread/src/object.o
 *fill*         0x0801125b        0x1 00000000
 .rodata.__FUNCTION__.5576
                0x0801125c        0xf ./rt-thread/src/object.o
 *fill*         0x0801126b        0x1 00000000
 .rodata.__FUNCTION__.5478
                0x0801126c       0x17 ./rt-thread/src/scheduler.o
 *fill*         0x08011283        0x1 00000000
 .rodata.__FUNCTION__.5516
                0x08011284       0x1a ./rt-thread/src/scheduler.o
 *fill*         0x0801129e        0x2 00000000
 .rodata.__FUNCTION__.5522
                0x080112a0       0x1a ./rt-thread/src/scheduler.o
 *fill*         0x080112ba        0x2 00000000
 .rodata.__FUNCTION__.5483
                0x080112bc       0x10 ./rt-thread/src/thread.o
 .rodata.__FUNCTION__.5495
                0x080112cc        0xd ./rt-thread/src/thread.o
 *fill*         0x080112d9        0x3 00000000
 .rodata.__FUNCTION__.5507
                0x080112dc        0xf ./rt-thread/src/thread.o
 *fill*         0x080112eb        0x1 00000000
 .rodata.__FUNCTION__.5516
                0x080112ec       0x12 ./rt-thread/src/thread.o
 *fill*         0x080112fe        0x2 00000000
 .rodata.__FUNCTION__.5521
                0x08011300       0x11 ./rt-thread/src/thread.o
 *fill*         0x08011311        0x3 00000000
 .rodata.__FUNCTION__.5537
                0x08011314       0x11 ./rt-thread/src/thread.o
 *fill*         0x08011325        0x3 00000000
 .rodata.__FUNCTION__.5548
                0x08011328       0x10 ./rt-thread/src/thread.o
 .rodata.__FUNCTION__.5571
                0x08011338       0x12 ./rt-thread/src/thread.o
 *fill*         0x0801134a        0x2 00000000
 .rodata.__FUNCTION__.5583
                0x0801134c       0x12 ./rt-thread/src/thread.o
 *fill*         0x0801135e        0x2 00000000
 .rodata.__FUNCTION__.5588
                0x08011360       0x11 ./rt-thread/src/thread.o
 *fill*         0x08011371        0x3 00000000
 .rodata.__FUNCTION__.5510
                0x08011374        0xe ./rt-thread/src/timer.o
 *fill*         0x08011382        0x2 00000000
 .rodata.__FUNCTION__.5515
                0x08011384       0x10 ./rt-thread/src/timer.o
 .rodata.__FUNCTION__.5541
                0x08011394        0xf ./rt-thread/src/timer.o
 *fill*         0x080113a3        0x1 00000000
 .rodata.__FUNCTION__.5558
                0x080113a4        0xe ./rt-thread/src/timer.o
 *fill*         0x080113b2        0x2 00000000
 .rodata.__FUNCTION__.5565
                0x080113b4       0x11 ./rt-thread/src/timer.o
 *fill*         0x080113c5        0x3 00000000
 .rodata.name   0x080113c8      0x1b9 ./rt-thread/components/finsh/cmd.o
                0x080113c8                __fsym_clear_name
                0x080113d0                __fsym_clear_desc
                0x080113ec                __fsym_version_name
                0x080113f4                __fsym_version_desc
                0x08011418                __fsym_list_thread_name
                0x08011424                __fsym_list_thread_desc
                0x08011430                __fsym_list_sem_name
                0x0801143c                __fsym_list_sem_desc
                0x08011458                __fsym_list_event_name
                0x08011464                __fsym_list_event_desc
                0x0801147c                __fsym_list_mutex_name
                0x08011488                __fsym_list_mutex_desc
                0x080114a0                __fsym_list_mailbox_name
                0x080114b0                __fsym_list_mailbox_desc
                0x080114c8                __fsym_list_msgqueue_name
                0x080114d8                __fsym_list_msgqueue_desc
                0x080114f8                __fsym_list_mempool_name
                0x08011508                __fsym_list_mempool_desc
                0x08011524                __fsym_list_timer_name
                0x08011530                __fsym_list_timer_desc
                0x08011548                __fsym_list_device_name
                0x08011554                __fsym_list_device_desc
                0x0801156c                __fsym_list_name
                0x08011574                __fsym_list_desc
 *fill*         0x08011581        0x3 00000000
 .rodata.device_type_str
                0x08011584       0x78 ./rt-thread/components/finsh/cmd.o
 .rodata.name   0x080115fc       0x6d ./rt-thread/components/finsh/msh.o
                0x080115fc                __fsym_help_name
                0x08011604                __fsym_help_desc
                0x0801161c                __fsym_ps_name
                0x08011620                __fsym_ps_desc
                0x0801163c                __fsym_free_name
                0x08011644                __fsym_free_desc
 *fill*         0x08011669        0x3 00000000
 .rodata.__FUNCTION__.5506
                0x0801166c        0xe ./rt-thread/components/finsh/msh.o
 *fill*         0x0801167a        0x2 00000000
 .rodata.__FUNCTION__.6079
                0x0801167c       0x16 ./rt-thread/components/finsh/shell.o
 *fill*         0x08011692        0x2 00000000
 .rodata.__FUNCTION__.6085
                0x08011694        0xe ./rt-thread/components/finsh/shell.o
 *fill*         0x080116a2        0x2 00000000
 .rodata.__FUNCTION__.6093
                0x080116a4        0xd ./rt-thread/components/finsh/shell.o
 *fill*         0x080116b1        0x3 00000000
 .rodata.__FUNCTION__.6098
                0x080116b4       0x11 ./rt-thread/components/finsh/shell.o
 *fill*         0x080116c5        0x3 00000000
 .rodata.__FUNCTION__.5909
                0x080116c8       0x1d ./rt-thread/components/drivers/serial/serial.o
 *fill*         0x080116e5        0x3 00000000
 .rodata.__FUNCTION__.5918
                0x080116e8       0x1d ./rt-thread/components/drivers/serial/serial.o
 *fill*         0x08011705        0x3 00000000
 .rodata.__FUNCTION__.5924
                0x08011708       0x1d ./rt-thread/components/drivers/serial/serial.o
 *fill*         0x08011725        0x3 00000000
 .rodata.__FUNCTION__.5950
                0x08011728        0xf ./rt-thread/components/drivers/serial/serial.o
 *fill*         0x08011737        0x1 00000000
 .rodata.__FUNCTION__.5957
                0x08011738        0xf ./rt-thread/components/drivers/serial/serial.o
 *fill*         0x08011747        0x1 00000000
 .rodata.__FUNCTION__.5967
                0x08011748       0x10 ./rt-thread/components/drivers/serial/serial.o
 .rodata.__FUNCTION__.5980
                0x08011758        0xf ./rt-thread/components/drivers/serial/serial.o
 *fill*         0x08011767        0x1 00000000
 .rodata.__FUNCTION__.5884
                0x08011768        0xf ./rt-thread/components/drivers/serial/serial.o
 *fill*         0x08011777        0x1 00000000
 .rodata.__FUNCTION__.5931
                0x08011778        0xf ./rt-thread/components/drivers/serial/serial.o
 *fill*         0x08011787        0x1 00000000
 .rodata.__FUNCTION__.5863
                0x08011788       0x10 ./rt-thread/components/drivers/serial/serial.o
 .rodata.__FUNCTION__.5988
                0x08011798       0x10 ./rt-thread/components/drivers/serial/serial.o
 .rodata.__FUNCTION__.5897
                0x080117a8        0xf ./rt-thread/components/drivers/serial/serial.o
 *fill*         0x080117b7        0x1 00000000
 .rodata.__FUNCTION__.5873
                0x080117b8       0x10 ./rt-thread/components/drivers/serial/serial.o
 .rodata.__FUNCTION__.5996
                0x080117c8       0x12 ./rt-thread/components/drivers/serial/serial.o
 *fill*         0x080117da        0x2 00000000
 .rodata.__FUNCTION__.6011
                0x080117dc       0x16 ./rt-thread/components/drivers/serial/serial.o
 *fill*         0x080117f2        0x2 00000000
 .rodata.__FUNCTION__.6020
                0x080117f4       0x11 ./rt-thread/components/drivers/serial/serial.o
 *fill*         0x08011805        0x3 00000000
 .rodata.name   0x08011808       0x11 ./rt-thread/components/drivers/misc/pin.o
                0x08011808                __fsym_pin_name
                0x0801180c                __fsym_pin_desc
 *fill*         0x08011819        0x3 00000000
 .rodata.__FUNCTION__.5458
                0x0801181c        0xa ./rt-thread/components/drivers/misc/pin.o
 *fill*         0x08011826        0x2 00000000
 .rodata.__FUNCTION__.5467
                0x08011828        0xb ./rt-thread/components/drivers/misc/pin.o
 *fill*         0x08011833        0x1 00000000
 .rodata.__FUNCTION__.5475
                0x08011834        0xd ./rt-thread/components/drivers/misc/pin.o
 *fill*         0x08011841        0x3 00000000
 .rodata.__FUNCTION__.5502
                0x08011844        0xc ./rt-thread/components/drivers/misc/pin.o
 .rodata.__FUNCTION__.5507
                0x08011850        0xd ./rt-thread/components/drivers/misc/pin.o
 *fill*         0x0801185d        0x3 00000000
 .rodata.__FUNCTION__.5511
                0x08011860        0xc ./rt-thread/components/drivers/misc/pin.o
 .rodata.__FUNCTION__.5515
                0x0801186c        0xb ./rt-thread/components/drivers/misc/pin.o
 *fill*         0x08011877        0x1 00000000
 .rodata.__FUNCTION__.5860
                0x08011878       0x13 ./rt-thread/components/drivers/ipc/completion.o
 *fill*         0x0801188b        0x1 00000000
 .rodata.__FUNCTION__.5868
                0x0801188c       0x13 ./rt-thread/components/drivers/ipc/completion.o
 *fill*         0x0801189f        0x1 00000000
 .rodata.__FUNCTION__.5877
                0x080118a0       0x13 ./rt-thread/components/drivers/ipc/completion.o
 *fill*         0x080118b3        0x1 00000000
 .rodata.__FUNCTION__.5866
                0x080118b4       0x13 ./rt-thread/components/drivers/ipc/dataqueue.o
 *fill*         0x080118c7        0x1 00000000
 .rodata.__FUNCTION__.5876
                0x080118c8       0x13 ./rt-thread/components/drivers/ipc/dataqueue.o
 *fill*         0x080118db        0x1 00000000
 .rodata.__FUNCTION__.5893
                0x080118dc       0x12 ./rt-thread/components/drivers/ipc/dataqueue.o
 *fill*         0x080118ee        0x2 00000000
 .rodata.__FUNCTION__.5907
                0x080118f0       0x13 ./rt-thread/components/drivers/ipc/dataqueue.o
 *fill*         0x08011903        0x1 00000000
 .rodata.__FUNCTION__.5913
                0x08011904       0x14 ./rt-thread/components/drivers/ipc/dataqueue.o
 .rodata.__FUNCTION__.5924
                0x08011918       0x15 ./rt-thread/components/drivers/ipc/dataqueue.o
 *fill*         0x0801192d        0x3 00000000
 .rodata.__FUNCTION__.5930
                0x08011930       0x12 ./rt-thread/components/drivers/ipc/dataqueue.o
 *fill*         0x08011942        0x2 00000000
 .rodata.AHBPrescTable
                0x08011944       0x10 ./libraries/CMSIS/Device/ST/STM32F1xx/Source/Templates/system_stm32f1xx.o
                0x08011944                AHBPrescTable
 .rodata.APBPrescTable
                0x08011954        0x8 ./libraries/CMSIS/Device/ST/STM32F1xx/Source/Templates/system_stm32f1xx.o
                0x08011954                APBPrescTable
 .rodata.pins   0x0801195c      0x540 ./drivers/drv_gpio.o
 .rodata.pin_irq_map
                0x08011e9c       0x40 ./drivers/drv_gpio.o
 .rodata._stm32_pin_ops
                0x08011edc       0x1c ./drivers/drv_gpio.o
 .rodata.stm32_uart_ops
                0x08011ef8       0x14 ./drivers/drv_usart.o
 .rodata.__FUNCTION__.8155
                0x08011f0c       0x16 ./drivers/drv_usart.o
 *fill*         0x08011f22        0x2 00000000
 .rodata.uart_remaps.8204
                0x08011f24       0x38 ./drivers/drv_usart.o
 .rodata.__FUNCTION__.8208
                0x08011f5c       0x15 ./drivers/drv_usart.o
 *fill*         0x08011f71        0x3 00000000
 .rodata.__FUNCTION__.8226
                0x08011f74       0x10 ./drivers/drv_usart.o
 .rodata.__FUNCTION__.8247
                0x08011f84        0xe ./drivers/drv_usart.o
 *fill*         0x08011f92        0x2 00000000
 .rodata.__FUNCTION__.8257
                0x08011f94        0xb ./drivers/drv_usart.o
 *fill*         0x08011f9f        0x1 00000000
 .rodata.__FUNCTION__.8266
                0x08011fa0        0xb ./drivers/drv_usart.o
 *fill*         0x08011fab        0x1 00000000
 .rodata.__FUNCTION__.8274
                0x08011fac       0x13 ./drivers/drv_usart.o
 *fill*         0x08011fbf        0x1 00000000
 .rodata.__FUNCTION__.8283
                0x08011fc0        0x9 ./drivers/drv_usart.o
 *fill*         0x08011fc9        0x3 00000000
 .rodata.__FUNCTION__.8296
                0x08011fcc        0x8 ./drivers/drv_usart.o
 .rodata.__FUNCTION__.8314
                0x08011fd4       0x11 ./drivers/drv_usart.o
 *fill*         0x08011fe5        0x3 00000000
 .rodata.__FUNCTION__.8319
                0x08011fe8       0x17 ./drivers/drv_usart.o
 *fill*         0x08011fff        0x1 00000000
 .rodata.__FUNCTION__.8325
                0x08012000       0x18 ./drivers/drv_usart.o
 .rodata.__FUNCTION__.8330
                0x08012018       0x1c ./drivers/drv_usart.o
 .rodata.__FUNCTION__.8335
                0x08012034       0x18 ./drivers/drv_usart.o
 .rodata.__FUNCTION__.8347
                0x0801204c       0x11 ./drivers/drv_usart.o
 *fill*         0x0801205d        0x3 00000000
 .rodata._global_impure_ptr
                0x08012060        0x4 e:/rt-threadstudio/repo/extract/toolchain_support_packages/arm/gnu_tools_for_arm_embedded_processors/5.4.1/bin/../lib/gcc/arm-none-eabi/5.4.1/../../../../arm-none-eabi/lib/armv7-m\libc.a(lib_a-impure.o)
                0x08012060                _global_impure_ptr
 .rodata.str1.4
                0x08012064       0x14 e:/rt-threadstudio/repo/extract/toolchain_support_packages/arm/gnu_tools_for_arm_embedded_processors/5.4.1/bin/../lib/gcc/arm-none-eabi/5.4.1/../../../../arm-none-eabi/lib/armv7-m\libc.a(lib_a-locale.o)
                                 0x12 (size before relaxing)
 .rodata._ctype_
                0x08012078      0x101 e:/rt-threadstudio/repo/extract/toolchain_support_packages/arm/gnu_tools_for_arm_embedded_processors/5.4.1/bin/../lib/gcc/arm-none-eabi/5.4.1/../../../../arm-none-eabi/lib/armv7-m\libc.a(lib_a-ctype_.o)
                0x08012078                _ctype_
 *(.glue_7)
 .glue_7        0x08012179        0x0 linker stubs
 *(.glue_7t)
 .glue_7t       0x08012179        0x0 linker stubs
 *(.gnu.linkonce.t*)
                0x0801217c                . = ALIGN (0x4)
 *fill*         0x08012179        0x3 00000000
                0x0801217c                __fsymtab_start = .
 *(FSymTab)
 FSymTab        0x0801217c       0x90 ./rt-thread/components/finsh/cmd.o
                0x0801217c                __fsym_clear
                0x08012188                __fsym_version
                0x08012194                __fsym_list_thread
                0x080121a0                __fsym_list_sem
                0x080121ac                __fsym_list_event
                0x080121b8                __fsym_list_mutex
                0x080121c4                __fsym_list_mailbox
                0x080121d0                __fsym_list_msgqueue
                0x080121dc                __fsym_list_mempool
                0x080121e8                __fsym_list_timer
                0x080121f4                __fsym_list_device
                0x08012200                __fsym_list
 FSymTab        0x0801220c       0x24 ./rt-thread/components/finsh/msh.o
                0x0801220c                __fsym_help
                0x08012218                __fsym_ps
                0x08012224                __fsym_free
 FSymTab        0x08012230        0xc ./rt-thread/components/drivers/misc/pin.o
                0x08012230                __fsym_pin
                0x0801223c                __fsymtab_end = .
                0x0801223c                . = ALIGN (0x4)
                0x0801223c                __vsymtab_start = .
 *(VSymTab)
                0x0801223c                __vsymtab_end = .
                0x0801223c                . = ALIGN (0x4)
                0x0801223c                __rt_utest_tc_tab_start = .
 *(UtestTcTab)
                0x0801223c                __rt_utest_tc_tab_end = .
                0x0801223c                . = ALIGN (0x4)
                0x0801223c                __rtatcmdtab_start = .
 *(RtAtCmdTab)
                0x0801223c                __rtatcmdtab_end = .
                0x0801223c                . = ALIGN (0x4)
                0x0801223c                . = ALIGN (0x4)
                0x0801223c                __rt_init_start = .
 *(SORT(.rti_fn*))
 .rti_fn.0      0x0801223c        0x4 ./rt-thread/src/components.o
                0x0801223c                __rt_init_rti_start
 .rti_fn.0.end  0x08012240        0x4 ./rt-thread/src/components.o
                0x08012240                __rt_init_rti_board_start
 .rti_fn.1      0x08012244        0x4 ./drivers/drv_clk.o
                0x08012244                __rt_init_clock_information
 .rti_fn.1.end  0x08012248        0x4 ./rt-thread/src/components.o
                0x08012248                __rt_init_rti_board_end
 .rti_fn.6      0x0801224c        0x4 ./rt-thread/components/finsh/shell.o
                0x0801224c                __rt_init_finsh_system_init
 .rti_fn.6      0x08012250        0x8 ./applications/motor/motor_thread.o
                0x08012250                __rt_init_test_thread_init
                0x08012254                __rt_init_motor_thread_init
 .rti_fn.6.end  0x08012258        0x4 ./rt-thread/src/components.o
                0x08012258                __rt_init_rti_end
                0x0801225c                __rt_init_end = .
                0x0801225c                . = ALIGN (0x4)
                [!provide]                PROVIDE (__ctors_start__, .)
 *(SORT(.init_array.*))
 .init_array.00000
                0x0801225c        0x4 e:/rt-threadstudio/repo/extract/toolchain_support_packages/arm/gnu_tools_for_arm_embedded_processors/5.4.1/bin/../lib/gcc/arm-none-eabi/5.4.1/../../../../arm-none-eabi/lib/armv7-m\libc.a(lib_a-__call_atexit.o)
 *(.init_array)
 .init_array    0x08012260        0x4 e:/rt-threadstudio/repo/extract/toolchain_support_packages/arm/gnu_tools_for_arm_embedded_processors/5.4.1/bin/../lib/gcc/arm-none-eabi/5.4.1/armv7-m/crtbegin.o
                [!provide]                PROVIDE (__ctors_end__, .)
                0x08012264                . = ALIGN (0x4)
                0x08012264                _etext = .
                0x08012264                __exidx_start = .

.vfp11_veneer   0x08012264        0x0
 .vfp11_veneer  0x08012264        0x0 linker stubs

.v4_bx          0x08012264        0x0
 .v4_bx         0x08012264        0x0 linker stubs

.init           0x08012264        0x4
 .init          0x08012264        0x4 e:/rt-threadstudio/repo/extract/toolchain_support_packages/arm/gnu_tools_for_arm_embedded_processors/5.4.1/bin/../lib/gcc/arm-none-eabi/5.4.1/armv7-m/crti.o
                0x08012264                _init

.fini           0x08012268        0x4
 .fini          0x08012268        0x4 e:/rt-threadstudio/repo/extract/toolchain_support_packages/arm/gnu_tools_for_arm_embedded_processors/5.4.1/bin/../lib/gcc/arm-none-eabi/5.4.1/armv7-m/crti.o
                0x08012268                _fini

.iplt           0x0801226c        0x0
 .iplt          0x0801226c        0x0 e:/rt-threadstudio/repo/extract/toolchain_support_packages/arm/gnu_tools_for_arm_embedded_processors/5.4.1/bin/../lib/gcc/arm-none-eabi/5.4.1/armv7-m/crtbegin.o

.eh_frame       0x0801226c        0x0
 .eh_frame      0x0801226c        0x0 e:/rt-threadstudio/repo/extract/toolchain_support_packages/arm/gnu_tools_for_arm_embedded_processors/5.4.1/bin/../lib/gcc/arm-none-eabi/5.4.1/armv7-m/crtbegin.o

.rel.dyn        0x0801226c        0x0
 .rel.iplt      0x0801226c        0x0 e:/rt-threadstudio/repo/extract/toolchain_support_packages/arm/gnu_tools_for_arm_embedded_processors/5.4.1/bin/../lib/gcc/arm-none-eabi/5.4.1/armv7-m/crtbegin.o

.ARM.exidx      0x0801226c        0x0
 *(.ARM.exidx* .gnu.linkonce.armexidx.*)
                0x0801226c                _sidata = .
                0x0801226c                __exidx_end = .

.data           0x20000000      0x788 load address 0x0801226c
                0x20000000                . = ALIGN (0x4)
                0x20000000                _sdata = .
 *(.data)